========================================
Quick Build - BLE Gateway
========================================


Done! You can now compile ESP-IDF projects.
Go to the project directory and run:

  idf.py build

Cleaning previous build...

Starting build...
Executing action: all (aliases: build)
Running cmake in directory D:\Programing\esp-idf\projects\AiAgent\CLCode01\build
Executing "cmake -G Ninja -DPYTHON_DEPS_CHECKED=1 -DPYTHON=D:\Users\meren\.espressif\python_env\idf5.5_py3.12_env\Scripts\python.exe -DESP_PLATFORM=1 -DCCACHE_ENABLE=1 D:\Programing\esp-idf\projects\AiAgent\CLCode01"...
-- IDF_TARGET is not set, guessed 'esp32c6' from sdkconfig 'D:/Programing/esp-idf/projects/AiAgent/CLCode01/sdkconfig'
-- Found Git: C:/Program Files/Git/cmd/git.exe (found version "2.49.0.windows.1")
-- Minimal build - OFF
-- ccache will be used for faster recompilation
-- The C compiler identification is GNU 14.2.0
-- The CXX compiler identification is GNU 14.2.0
-- The ASM compiler identification is GNU
-- Found assembler: D:/Users/meren/.espressif/tools/riscv32-esp-elf/esp-14.2.0_20241119/riscv32-esp-elf/bin/riscv32-esp-elf-gcc.exe
-- Detecting C compiler ABI info
-- Detecting C compiler ABI info - done
-- Check for working C compiler: D:/Users/meren/.espressif/tools/riscv32-esp-elf/esp-14.2.0_20241119/riscv32-esp-elf/bin/riscv32-esp-elf-gcc.exe - skipped
-- Detecting C compile features
-- Detecting C compile features - done
-- Detecting CXX compiler ABI info
-- Detecting CXX compiler ABI info - done
-- Check for working CXX compiler: D:/Users/meren/.espressif/tools/riscv32-esp-elf/esp-14.2.0_20241119/riscv32-esp-elf/bin/riscv32-esp-elf-g++.exe - skipped
-- Detecting CXX compile features
-- Detecting CXX compile features - done
-- Building ESP-IDF components for target esp32c6
NOTICE: Processing 4 dependencies:
NOTICE: [1/4] espressif/esp-zboss-lib (1.6.4)
NOTICE: [2/4] espressif/esp-zigbee-lib (1.6.8)
NOTICE: [3/4] espressif/led_strip (2.0.0)
NOTICE: [4/4] idf (5.5.1)
-- Project sdkconfig file D:/Programing/esp-idf/projects/AiAgent/CLCode01/sdkconfig
Loading defaults file D:/Programing/esp-idf/projects/AiAgent/CLCode01/sdkconfig.defaults...
-- Adding linker script D:/Programing/esp-idf/v5.5.1/esp-idf/components/riscv/ld/rom.api.ld
-- Found Python3: D:/Users/meren/.espressif/python_env/idf5.5_py3.12_env/Scripts/python.exe (found version "3.12.10") found components: Interpreter
-- Performing Test CMAKE_HAVE_LIBC_PTHREAD
-- Performing Test CMAKE_HAVE_LIBC_PTHREAD - Success
-- Found Threads: TRUE
-- Performing Test C_COMPILER_SUPPORTS_WFORMAT_SIGNEDNESS
-- Performing Test C_COMPILER_SUPPORTS_WFORMAT_SIGNEDNESS - Success
-- USING O3
-- App "esp32c6_zigbee_gateway" version: a436f35-dirty
-- Adding linker script D:/Programing/esp-idf/projects/AiAgent/CLCode01/build/esp-idf/esp_system/ld/memory.ld
-- Adding linker script D:/Programing/esp-idf/projects/AiAgent/CLCode01/build/esp-idf/esp_system/ld/sections.ld.in
-- Adding linker script D:/Programing/esp-idf/v5.5.1/esp-idf/components/esp_rom/esp32c6/ld/esp32c6.rom.ld
-- Adding linker script D:/Programing/esp-idf/v5.5.1/esp-idf/components/esp_rom/esp32c6/ld/esp32c6.rom.api.ld
-- Adding linker script D:/Programing/esp-idf/v5.5.1/esp-idf/components/esp_rom/esp32c6/ld/esp32c6.rom.rvfp.ld
-- Adding linker script D:/Programing/esp-idf/v5.5.1/esp-idf/components/esp_rom/esp32c6/ld/esp32c6.rom.wdt.ld
-- Adding linker script D:/Programing/esp-idf/v5.5.1/esp-idf/components/esp_rom/esp32c6/ld/esp32c6.rom.systimer.ld
-- Adding linker script D:/Programing/esp-idf/v5.5.1/esp-idf/components/esp_rom/esp32c6/ld/esp32c6.rom.version.ld
-- Adding linker script D:/Programing/esp-idf/v5.5.1/esp-idf/components/esp_rom/esp32c6/ld/esp32c6.rom.phy.ld
-- Adding linker script D:/Programing/esp-idf/v5.5.1/esp-idf/components/esp_rom/esp32c6/ld/esp32c6.rom.coexist.ld
-- Adding linker script D:/Programing/esp-idf/v5.5.1/esp-idf/components/esp_rom/esp32c6/ld/esp32c6.rom.net80211.ld
-- Adding linker script D:/Programing/esp-idf/v5.5.1/esp-idf/components/esp_rom/esp32c6/ld/esp32c6.rom.pp.ld
-- Adding linker script D:/Programing/esp-idf/v5.5.1/esp-idf/components/esp_rom/esp32c6/ld/esp32c6.rom.libc.ld
-- Adding linker script D:/Programing/esp-idf/v5.5.1/esp-idf/components/esp_rom/esp32c6/ld/esp32c6.rom.libc-suboptimal_for_misaligned_mem.ld
-- Adding linker script D:/Programing/esp-idf/v5.5.1/esp-idf/components/esp_rom/esp32c6/ld/esp32c6.rom.newlib.ld
-- Adding linker script D:/Programing/esp-idf/v5.5.1/esp-idf/components/esp_rom/esp32c6/ld/esp32c6.rom.heap.ld
-- Adding linker script D:/Programing/esp-idf/v5.5.1/esp-idf/components/soc/esp32c6/ld/esp32c6.peripherals.ld
-- Components: app_trace app_update bootloader bootloader_support bt cmock console cxx driver efuse esp-tls esp_adc esp_app_format esp_bootloader_format esp_coex esp_common esp_driver_ana_cmpr esp_driver_bitscrambler esp_driver_cam esp_driver_dac esp_driver_gpio esp_driver_gptimer esp_driver_i2c esp_driver_i2s esp_driver_isp esp_driver_jpeg esp_driver_ledc esp_driver_mcpwm esp_driver_parlio esp_driver_pcnt esp_driver_ppa esp_driver_rmt esp_driver_sdio esp_driver_sdm esp_driver_sdmmc esp_driver_sdspi esp_driver_spi esp_driver_touch_sens esp_driver_tsens esp_driver_twai esp_driver_uart esp_driver_usb_serial_jtag esp_eth esp_event esp_gdbstub esp_hid esp_http_client esp_http_server esp_https_ota esp_https_server esp_hw_support esp_lcd esp_local_ctrl esp_mm esp_netif esp_netif_stack esp_partition esp_phy esp_pm esp_psram esp_ringbuf esp_rom esp_security esp_system esp_tee esp_timer esp_vfs_console esp_wifi espcoredump espressif__esp-zboss-lib espressif__esp-zigbee-lib espressif__led_strip esptool_py fatfs freertos hal heap http_parser idf_test ieee802154 int_drivers json log lwip main mbedtls mqtt newlib nvs_flash nvs_sec_provider openthread partition_table protobuf-c protocomm pthread riscv rt sdmmc soc spi_flash spiffs tcp_transport ulp unity usb vfs wear_levelling wifi_provisioning wpa_supplicant
-- Component paths: D:/Programing/esp-idf/v5.5.1/esp-idf/components/app_trace D:/Programing/esp-idf/v5.5.1/esp-idf/components/app_update D:/Programing/esp-idf/v5.5.1/esp-idf/components/bootloader D:/Programing/esp-idf/v5.5.1/esp-idf/components/bootloader_support D:/Programing/esp-idf/v5.5.1/esp-idf/components/bt D:/Programing/esp-idf/v5.5.1/esp-idf/components/cmock D:/Programing/esp-idf/v5.5.1/esp-idf/components/console D:/Programing/esp-idf/v5.5.1/esp-idf/components/cxx D:/Programing/esp-idf/v5.5.1/esp-idf/components/driver D:/Programing/esp-idf/v5.5.1/esp-idf/components/efuse D:/Programing/esp-idf/v5.5.1/esp-idf/components/esp-tls D:/Programing/esp-idf/v5.5.1/esp-idf/components/esp_adc D:/Programing/esp-idf/v5.5.1/esp-idf/components/esp_app_format D:/Programing/esp-idf/v5.5.1/esp-idf/components/esp_bootloader_format D:/Programing/esp-idf/v5.5.1/esp-idf/components/esp_coex D:/Programing/esp-idf/v5.5.1/esp-idf/components/esp_common D:/Programing/esp-idf/v5.5.1/esp-idf/components/esp_driver_ana_cmpr D:/Programing/esp-idf/v5.5.1/esp-idf/components/esp_driver_bitscrambler D:/Programing/esp-idf/v5.5.1/esp-idf/components/esp_driver_cam D:/Programing/esp-idf/v5.5.1/esp-idf/components/esp_driver_dac D:/Programing/esp-idf/v5.5.1/esp-idf/components/esp_driver_gpio D:/Programing/esp-idf/v5.5.1/esp-idf/components/esp_driver_gptimer D:/Programing/esp-idf/v5.5.1/esp-idf/components/esp_driver_i2c D:/Programing/esp-idf/v5.5.1/esp-idf/components/esp_driver_i2s D:/Programing/esp-idf/v5.5.1/esp-idf/components/esp_driver_isp D:/Programing/esp-idf/v5.5.1/esp-idf/components/esp_driver_jpeg D:/Programing/esp-idf/v5.5.1/esp-idf/components/esp_driver_ledc D:/Programing/esp-idf/v5.5.1/esp-idf/components/esp_driver_mcpwm D:/Programing/esp-idf/v5.5.1/esp-idf/components/esp_driver_parlio D:/Programing/esp-idf/v5.5.1/esp-idf/components/esp_driver_pcnt D:/Programing/esp-idf/v5.5.1/esp-idf/components/esp_driver_ppa D:/Programing/esp-idf/v5.5.1/esp-idf/components/esp_driver_rmt D:/Programing/esp-idf/v5.5.1/esp-idf/components/esp_driver_sdio D:/Programing/esp-idf/v5.5.1/esp-idf/components/esp_driver_sdm D:/Programing/esp-idf/v5.5.1/esp-idf/components/esp_driver_sdmmc D:/Programing/esp-idf/v5.5.1/esp-idf/components/esp_driver_sdspi D:/Programing/esp-idf/v5.5.1/esp-idf/components/esp_driver_spi D:/Programing/esp-idf/v5.5.1/esp-idf/components/esp_driver_touch_sens D:/Programing/esp-idf/v5.5.1/esp-idf/components/esp_driver_tsens D:/Programing/esp-idf/v5.5.1/esp-idf/components/esp_driver_twai D:/Programing/esp-idf/v5.5.1/esp-idf/components/esp_driver_uart D:/Programing/esp-idf/v5.5.1/esp-idf/components/esp_driver_usb_serial_jtag D:/Programing/esp-idf/v5.5.1/esp-idf/components/esp_eth D:/Programing/esp-idf/v5.5.1/esp-idf/components/esp_event D:/Programing/esp-idf/v5.5.1/esp-idf/components/esp_gdbstub D:/Programing/esp-idf/v5.5.1/esp-idf/components/esp_hid D:/Programing/esp-idf/v5.5.1/esp-idf/components/esp_http_client D:/Programing/esp-idf/v5.5.1/esp-idf/components/esp_http_server D:/Programing/esp-idf/v5.5.1/esp-idf/components/esp_https_ota D:/Programing/esp-idf/v5.5.1/esp-idf/components/esp_https_server D:/Programing/esp-idf/v5.5.1/esp-idf/components/esp_hw_support D:/Programing/esp-idf/v5.5.1/esp-idf/components/esp_lcd D:/Programing/esp-idf/v5.5.1/esp-idf/components/esp_local_ctrl D:/Programing/esp-idf/v5.5.1/esp-idf/components/esp_mm D:/Programing/esp-idf/v5.5.1/esp-idf/components/esp_netif D:/Programing/esp-idf/v5.5.1/esp-idf/components/esp_netif_stack D:/Programing/esp-idf/v5.5.1/esp-idf/components/esp_partition D:/Programing/esp-idf/v5.5.1/esp-idf/components/esp_phy D:/Programing/esp-idf/v5.5.1/esp-idf/components/esp_pm D:/Programing/esp-idf/v5.5.1/esp-idf/components/esp_psram D:/Programing/esp-idf/v5.5.1/esp-idf/components/esp_ringbuf D:/Programing/esp-idf/v5.5.1/esp-idf/components/esp_rom D:/Programing/esp-idf/v5.5.1/esp-idf/components/esp_security D:/Programing/esp-idf/v5.5.1/esp-idf/components/esp_system D:/Programing/esp-idf/v5.5.1/esp-idf/components/esp_tee D:/Programing/esp-idf/v5.5.1/esp-idf/components/esp_timer D:/Programing/esp-idf/v5.5.1/esp-idf/components/esp_vfs_console D:/Programing/esp-idf/v5.5.1/esp-idf/components/esp_wifi D:/Programing/esp-idf/v5.5.1/esp-idf/components/espcoredump D:/Programing/esp-idf/projects/AiAgent/CLCode01/managed_components/espressif__esp-zboss-lib D:/Programing/esp-idf/projects/AiAgent/CLCode01/managed_components/espressif__esp-zigbee-lib D:/Programing/esp-idf/projects/AiAgent/CLCode01/managed_components/espressif__led_strip D:/Programing/esp-idf/v5.5.1/esp-idf/components/esptool_py D:/Programing/esp-idf/v5.5.1/esp-idf/components/fatfs D:/Programing/esp-idf/v5.5.1/esp-idf/components/freertos D:/Programing/esp-idf/v5.5.1/esp-idf/components/hal D:/Programing/esp-idf/v5.5.1/esp-idf/components/heap D:/Programing/esp-idf/v5.5.1/esp-idf/components/http_parser D:/Programing/esp-idf/v5.5.1/esp-idf/components/idf_test D:/Programing/esp-idf/v5.5.1/esp-idf/components/ieee802154 D:/Programing/esp-idf/projects/AiAgent/CLCode01/int_drivers D:/Programing/esp-idf/v5.5.1/esp-idf/components/json D:/Programing/esp-idf/v5.5.1/esp-idf/components/log D:/Programing/esp-idf/v5.5.1/esp-idf/components/lwip D:/Programing/esp-idf/projects/AiAgent/CLCode01/main D:/Programing/esp-idf/v5.5.1/esp-idf/components/mbedtls D:/Programing/esp-idf/v5.5.1/esp-idf/components/mqtt D:/Programing/esp-idf/v5.5.1/esp-idf/components/newlib D:/Programing/esp-idf/v5.5.1/esp-idf/components/nvs_flash D:/Programing/esp-idf/v5.5.1/esp-idf/components/nvs_sec_provider D:/Programing/esp-idf/v5.5.1/esp-idf/components/openthread D:/Programing/esp-idf/v5.5.1/esp-idf/components/partition_table D:/Programing/esp-idf/v5.5.1/esp-idf/components/protobuf-c D:/Programing/esp-idf/v5.5.1/esp-idf/components/protocomm D:/Programing/esp-idf/v5.5.1/esp-idf/components/pthread D:/Programing/esp-idf/v5.5.1/esp-idf/components/riscv D:/Programing/esp-idf/v5.5.1/esp-idf/components/rt D:/Programing/esp-idf/v5.5.1/esp-idf/components/sdmmc D:/Programing/esp-idf/v5.5.1/esp-idf/components/soc D:/Programing/esp-idf/v5.5.1/esp-idf/components/spi_flash D:/Programing/esp-idf/v5.5.1/esp-idf/components/spiffs D:/Programing/esp-idf/v5.5.1/esp-idf/components/tcp_transport D:/Programing/esp-idf/v5.5.1/esp-idf/components/ulp D:/Programing/esp-idf/v5.5.1/esp-idf/components/unity D:/Programing/esp-idf/v5.5.1/esp-idf/components/usb D:/Programing/esp-idf/v5.5.1/esp-idf/components/vfs D:/Programing/esp-idf/v5.5.1/esp-idf/components/wear_levelling D:/Programing/esp-idf/v5.5.1/esp-idf/components/wifi_provisioning D:/Programing/esp-idf/v5.5.1/esp-idf/components/wpa_supplicant
-- Configuring done (16.7s)
-- Generating done (3.1s)
-- Build files have been written to: D:/Programing/esp-idf/projects/AiAgent/CLCode01/build
Running ninja in directory D:\Programing\esp-idf\projects\AiAgent\CLCode01\build
Executing "ninja all"...
[1/1183] Generating project_elf_src_esp32c6.c
[2/1183] Generating D:/Programing/esp-idf/projects/AiAgent/CLCode01/build/esp-idf/esp_system/ld/memory.ld linker script...
[3/1183] Generating D:/Programing/esp-idf/projects/AiAgent/CLCode01/build/esp-idf/esp_system/ld/sections.ld.in linker script...
[4/1183] Building C object esp-idf/esp_http_server/CMakeFiles/__idf_esp_http_server.dir/src/httpd_main.c.obj
[5/1183] Building C object esp-idf/esp_https_ota/CMakeFiles/__idf_esp_https_ota.dir/src/esp_https_ota.c.obj
[6/1183] Building C object esp-idf/esp_http_server/CMakeFiles/__idf_esp_http_server.dir/src/httpd_ws.c.obj
[7/1183] C:\WINDOWS\system32\cmd.exe /C "cd /D D:\Programing\esp-idf\projects\AiAgent\CLCode01\build\esp-idf\main && D:\Users\meren\.espressif\python_env\idf5.5_py3.12_env\Scripts\python.exe D:/Programing/esp-idf/v5.5.1/esp-idf/components/spiffs/spiffsgen.py 0x20000 D:/Programing/esp-idf/projects/AiAgent/CLCode01/web D:/Programing/esp-idf/projects/AiAgent/CLCode01/build/storage.bin --page-size=256 --obj-name-len=32 --meta-len=4 --use-magic --use-magic-len"
[8/1183] Building C object esp-idf/esp_http_server/CMakeFiles/__idf_esp_http_server.dir/src/httpd_uri.c.obj
[9/1183] Building C object esp-idf/esp_http_server/CMakeFiles/__idf_esp_http_server.dir/src/httpd_parse.c.obj
[10/1183] Building C object esp-idf/esp_http_server/CMakeFiles/__idf_esp_http_server.dir/src/httpd_sess.c.obj
[11/1183] Building C object esp-idf/esp_http_client/CMakeFiles/__idf_esp_http_client.dir/lib/http_header.c.obj
[12/1183] Building C object esp-idf/esp_http_server/CMakeFiles/__idf_esp_http_server.dir/src/httpd_txrx.c.obj
[13/1183] Building C object esp-idf/esp_http_client/CMakeFiles/__idf_esp_http_client.dir/lib/http_utils.c.obj
[14/1183] Building C object esp-idf/esp_http_server/CMakeFiles/__idf_esp_http_server.dir/src/util/ctrl_sock.c.obj
[15/1183] Building C object esp-idf/esp_http_client/CMakeFiles/__idf_esp_http_client.dir/esp_http_client.c.obj
[16/1183] Building C object esp-idf/esp_http_client/CMakeFiles/__idf_esp_http_client.dir/lib/http_auth.c.obj
[17/1183] Building C object esp-idf/tcp_transport/CMakeFiles/__idf_tcp_transport.dir/transport_socks_proxy.c.obj
[18/1183] Building C object esp-idf/tcp_transport/CMakeFiles/__idf_tcp_transport.dir/transport_ssl.c.obj
[19/1183] Building C object esp-idf/esp_adc/CMakeFiles/__idf_esp_adc.dir/adc_oneshot.c.obj
[20/1183] Building C object esp-idf/esp_adc/CMakeFiles/__idf_esp_adc.dir/adc_common.c.obj
[21/1183] Building C object esp-idf/esp_adc/CMakeFiles/__idf_esp_adc.dir/adc_cali.c.obj
[22/1183] Building C object esp-idf/esp_adc/CMakeFiles/__idf_esp_adc.dir/deprecated/esp_adc_cal_common_legacy.c.obj
[23/1183] Building C object esp-idf/esp_adc/CMakeFiles/__idf_esp_adc.dir/adc_cali_curve_fitting.c.obj
[24/1183] Building C object esp-idf/tcp_transport/CMakeFiles/__idf_tcp_transport.dir/transport_ws.c.obj
[25/1183] Building C object esp-idf/esp_adc/CMakeFiles/__idf_esp_adc.dir/adc_monitor.c.obj
[26/1183] Building C object esp-idf/tcp_transport/CMakeFiles/__idf_tcp_transport.dir/transport.c.obj
[27/1183] Building C object esp-idf/tcp_transport/CMakeFiles/__idf_tcp_transport.dir/transport_internal.c.obj
[28/1183] Building C object esp-idf/esp_adc/CMakeFiles/__idf_esp_adc.dir/adc_continuous.c.obj
[29/1183] Building C object esp-idf/esp-tls/CMakeFiles/__idf_esp-tls.dir/esp-tls-crypto/esp_tls_crypto.c.obj
[30/1183] Building C object esp-idf/esp_adc/CMakeFiles/__idf_esp_adc.dir/adc_filter.c.obj
[31/1183] Building C object esp-idf/esp_adc/CMakeFiles/__idf_esp_adc.dir/gdma/adc_dma.c.obj
[32/1183] Building C object esp-idf/esp-tls/CMakeFiles/__idf_esp-tls.dir/esp_tls_platform_port.c.obj
[33/1183] Building C object esp-idf/esp-tls/CMakeFiles/__idf_esp-tls.dir/esp_tls.c.obj
[34/1183] Building C object esp-idf/esp_adc/CMakeFiles/__idf_esp_adc.dir/esp32c6/curve_fitting_coefficients.c.obj
[35/1183] Building C object esp-idf/esp-tls/CMakeFiles/__idf_esp-tls.dir/esp_tls_error_capture.c.obj
[36/1183] Building C object esp-idf/http_parser/CMakeFiles/__idf_http_parser.dir/http_parser.c.obj
[37/1183] Building C object esp-idf/driver/CMakeFiles/__idf_driver.dir/i2c/i2c.c.obj
[38/1183] Building C object esp-idf/driver/CMakeFiles/__idf_driver.dir/deprecated/timer_legacy.c.obj
[39/1183] Building C object esp-idf/esp-tls/CMakeFiles/__idf_esp-tls.dir/esp_tls_mbedtls.c.obj
[40/1183] Building C object esp-idf/driver/CMakeFiles/__idf_driver.dir/deprecated/pcnt_legacy.c.obj
[41/1183] Building C object esp-idf/driver/CMakeFiles/__idf_driver.dir/deprecated/adc_dma_legacy.c.obj
[42/1183] Building C object esp-idf/driver/CMakeFiles/__idf_driver.dir/deprecated/i2s_legacy.c.obj
[43/1183] Building C object esp-idf/driver/CMakeFiles/__idf_driver.dir/deprecated/rmt_legacy.c.obj
[44/1183] Building C object esp-idf/driver/CMakeFiles/__idf_driver.dir/deprecated/sigma_delta_legacy.c.obj
[45/1183] Building C object esp-idf/driver/CMakeFiles/__idf_driver.dir/deprecated/mcpwm_legacy.c.obj
[46/1183] Building C object esp-idf/driver/CMakeFiles/__idf_driver.dir/deprecated/adc_legacy.c.obj
[47/1183] Building C object esp-idf/driver/CMakeFiles/__idf_driver.dir/deprecated/rtc_temperature_legacy.c.obj
[48/1183] Building C object esp-idf/esp_driver_twai/CMakeFiles/__idf_esp_driver_twai.dir/esp_twai.c.obj
[49/1183] Building C object esp-idf/driver/CMakeFiles/__idf_driver.dir/twai/twai.c.obj
[50/1183] Building C object esp-idf/esp_driver_twai/CMakeFiles/__idf_esp_driver_twai.dir/esp_twai_onchip.c.obj
[51/1183] Building C object esp-idf/esp_driver_tsens/CMakeFiles/__idf_esp_driver_tsens.dir/src/temperature_sensor.c.obj
[52/1183] Building C object esp-idf/esp_driver_parlio/CMakeFiles/__idf_esp_driver_parlio.dir/src/parlio_tx.c.obj
[53/1183] Building C object esp-idf/esp_driver_parlio/CMakeFiles/__idf_esp_driver_parlio.dir/src/parlio_common.c.obj
[54/1183] Building C object esp-idf/esp_driver_ledc/CMakeFiles/__idf_esp_driver_ledc.dir/src/ledc.c.obj
[55/1183] Building C object esp-idf/esp_driver_sdm/CMakeFiles/__idf_esp_driver_sdm.dir/src/sdm.c.obj
[56/1183] Building C object esp-idf/esp_driver_rmt/CMakeFiles/__idf_esp_driver_rmt.dir/src/rmt_common.c.obj
[57/1183] Building C object esp-idf/esp_driver_parlio/CMakeFiles/__idf_esp_driver_parlio.dir/src/parlio_rx.c.obj
[58/1183] Building C object esp-idf/esp_driver_i2c/CMakeFiles/__idf_esp_driver_i2c.dir/i2c_master.c.obj
[59/1183] Building C object esp-idf/esp_driver_i2c/CMakeFiles/__idf_esp_driver_i2c.dir/i2c_common.c.obj
[60/1183] Building C object esp-idf/esp_driver_rmt/CMakeFiles/__idf_esp_driver_rmt.dir/src/rmt_encoder.c.obj
[61/1183] Building C object esp-idf/esp_driver_i2c/CMakeFiles/__idf_esp_driver_i2c.dir/i2c_slave.c.obj
[62/1183] Building C object esp-idf/esp_driver_tsens/CMakeFiles/__idf_esp_driver_tsens.dir/src/temperature_sensor_etm.c.obj
[63/1183] Building C object esp-idf/esp_driver_sdspi/CMakeFiles/__idf_esp_driver_sdspi.dir/src/sdspi_crc.c.obj
[64/1183] Building C object esp-idf/esp_driver_rmt/CMakeFiles/__idf_esp_driver_rmt.dir/src/rmt_encoder_copy.c.obj
[65/1183] Building C object esp-idf/esp_driver_rmt/CMakeFiles/__idf_esp_driver_rmt.dir/src/rmt_encoder_bytes.c.obj
[66/1183] Building C object esp-idf/esp_driver_rmt/CMakeFiles/__idf_esp_driver_rmt.dir/src/rmt_tx.c.obj
[67/1183] Building C object esp-idf/esp_driver_sdio/CMakeFiles/__idf_esp_driver_sdio.dir/src/sdio_slave.c.obj
[68/1183] Linking C static library esp-idf\esp_https_ota\libesp_https_ota.a
[69/1183] Building C object esp-idf/esp_driver_sdspi/CMakeFiles/__idf_esp_driver_sdspi.dir/src/sdspi_host.c.obj
[70/1183] Building C object esp-idf/esp_driver_rmt/CMakeFiles/__idf_esp_driver_rmt.dir/src/rmt_encoder_simple.c.obj
[71/1183] Building C object esp-idf/esp_driver_rmt/CMakeFiles/__idf_esp_driver_rmt.dir/src/rmt_rx.c.obj
[72/1183] Building C object esp-idf/sdmmc/CMakeFiles/__idf_sdmmc.dir/sdmmc_init.c.obj
[73/1183] Building C object esp-idf/sdmmc/CMakeFiles/__idf_sdmmc.dir/sdmmc_io.c.obj
[74/1183] Building C object esp-idf/sdmmc/CMakeFiles/__idf_sdmmc.dir/sdmmc_common.c.obj
[75/1183] Building C object esp-idf/sdmmc/CMakeFiles/__idf_sdmmc.dir/sdmmc_cmd.c.obj
[76/1183] Building C object esp-idf/esp_driver_sdspi/CMakeFiles/__idf_esp_driver_sdspi.dir/src/sdspi_transaction.c.obj
[77/1183] Building C object esp-idf/esp_driver_i2s/CMakeFiles/__idf_esp_driver_i2s.dir/i2s_tdm.c.obj
[78/1183] Building C object esp-idf/sdmmc/CMakeFiles/__idf_sdmmc.dir/sd_pwr_ctrl/sd_pwr_ctrl.c.obj
[79/1183] Building C object esp-idf/esp_driver_i2s/CMakeFiles/__idf_esp_driver_i2s.dir/i2s_common.c.obj
[80/1183] Building C object esp-idf/sdmmc/CMakeFiles/__idf_sdmmc.dir/sdmmc_mmc.c.obj
[81/1183] Building C object esp-idf/sdmmc/CMakeFiles/__idf_sdmmc.dir/sdmmc_sd.c.obj
[82/1183] Building C object esp-idf/esp_driver_i2s/CMakeFiles/__idf_esp_driver_i2s.dir/i2s_etm.c.obj
[83/1183] Building C object esp-idf/esp_driver_i2s/CMakeFiles/__idf_esp_driver_i2s.dir/i2s_std.c.obj
[84/1183] Building C object esp-idf/esp_driver_i2s/CMakeFiles/__idf_esp_driver_i2s.dir/i2s_pdm.c.obj
[85/1183] Building C object esp-idf/esp_driver_mcpwm/CMakeFiles/__idf_esp_driver_mcpwm.dir/src/mcpwm_com.c.obj
[86/1183] Building C object esp-idf/esp_driver_mcpwm/CMakeFiles/__idf_esp_driver_mcpwm.dir/src/mcpwm_oper.c.obj
[87/1183] Building C object esp-idf/esp_driver_mcpwm/CMakeFiles/__idf_esp_driver_mcpwm.dir/src/mcpwm_cap.c.obj
[88/1183] Building C object esp-idf/esp_driver_mcpwm/CMakeFiles/__idf_esp_driver_mcpwm.dir/src/mcpwm_cmpr.c.obj
[89/1183] Building C object esp-idf/esp_driver_i2s/CMakeFiles/__idf_esp_driver_i2s.dir/i2s_platform.c.obj
[90/1183] Building C object esp-idf/esp_driver_mcpwm/CMakeFiles/__idf_esp_driver_mcpwm.dir/src/mcpwm_timer.c.obj
[91/1183] Building C object esp-idf/esp_driver_mcpwm/CMakeFiles/__idf_esp_driver_mcpwm.dir/src/mcpwm_gen.c.obj
[92/1183] Building C object esp-idf/esp_gdbstub/CMakeFiles/__idf_esp_gdbstub.dir/src/gdbstub_transport.c.obj
[93/1183] Building C object esp-idf/esp_driver_mcpwm/CMakeFiles/__idf_esp_driver_mcpwm.dir/src/mcpwm_sync.c.obj
[94/1183] Building C object esp-idf/esp_driver_mcpwm/CMakeFiles/__idf_esp_driver_mcpwm.dir/src/mcpwm_etm.c.obj
[95/1183] Building C object esp-idf/esp_driver_mcpwm/CMakeFiles/__idf_esp_driver_mcpwm.dir/src/mcpwm_fault.c.obj
[96/1183] Building C object esp-idf/esp_driver_pcnt/CMakeFiles/__idf_esp_driver_pcnt.dir/src/pulse_cnt.c.obj
[97/1183] Building C object esp-idf/esp_gdbstub/CMakeFiles/__idf_esp_gdbstub.dir/src/port/riscv/gdbstub_riscv.c.obj
[98/1183] Building C object esp-idf/esp_gdbstub/CMakeFiles/__idf_esp_gdbstub.dir/src/packet.c.obj
[99/1183] Building C object esp-idf/esp_gdbstub/CMakeFiles/__idf_esp_gdbstub.dir/src/gdbstub.c.obj
[100/1183] Building C object esp-idf/esp_gdbstub/CMakeFiles/__idf_esp_gdbstub.dir/src/port/riscv/rv_decode.c.obj
[101/1183] Building C object esp-idf/esp_driver_spi/CMakeFiles/__idf_esp_driver_spi.dir/src/gpspi/spi_slave.c.obj
[102/1183] Building C object esp-idf/esp_wifi/CMakeFiles/__idf_esp_wifi.dir/src/mesh_event.c.obj
[103/1183] Building C object esp-idf/esp_wifi/CMakeFiles/__idf_esp_wifi.dir/src/lib_printf.c.obj
[104/1183] Building C object esp-idf/esp_driver_spi/CMakeFiles/__idf_esp_driver_spi.dir/src/gpspi/spi_master.c.obj
[105/1183] Building C object esp-idf/esp_driver_spi/CMakeFiles/__idf_esp_driver_spi.dir/src/gpspi/spi_common.c.obj
[106/1183] Building C object esp-idf/esp_driver_spi/CMakeFiles/__idf_esp_driver_spi.dir/src/gpspi/spi_slave_hd.c.obj
[107/1183] Building C object esp-idf/esp_wifi/CMakeFiles/__idf_esp_wifi.dir/src/wifi_init.c.obj
[108/1183] Building C object esp-idf/esp_wifi/CMakeFiles/__idf_esp_wifi.dir/src/smartconfig.c.obj
[109/1183] Generating ../../partition_table/partition-table.bin
Partition table binary generated. Contents:
*******************************************************************************
# ESP-IDF Partition Table
# Name, Type, SubType, Offset, Size, Flags
nvs,data,nvs,0x9000,24K,
phy_init,data,phy,0xf000,4K,
factory,app,factory,0x10000,1536K,
zb_storage,data,fat,0x190000,16K,
zb_fct,data,fat,0x194000,4K,
storage,data,spiffs,0x195000,128K,
*******************************************************************************
[110/1183] Building C object esp-idf/esp_wifi/CMakeFiles/__idf_esp_wifi.dir/src/wifi_default.c.obj
[111/1183] Building C object esp-idf/esp_coex/CMakeFiles/__idf_esp_coex.dir/src/coexist.c.obj
[112/1183] Building C object esp-idf/esp_coex/CMakeFiles/__idf_esp_coex.dir/src/coexist_debug_diagram.c.obj
[113/1183] Building C object esp-idf/esp_wifi/CMakeFiles/__idf_esp_wifi.dir/src/wifi_default_ap.c.obj
[114/1183] Building C object esp-idf/esp_wifi/CMakeFiles/__idf_esp_wifi.dir/regulatory/esp_wifi_regulatory.c.obj
[115/1183] Building C object esp-idf/esp_wifi/CMakeFiles/__idf_esp_wifi.dir/esp32c6/esp_adapter.c.obj
[116/1183] Building C object esp-idf/wpa_supplicant/CMakeFiles/__idf_wpa_supplicant.dir/port/os_xtensa.c.obj
[117/1183] Building C object esp-idf/esp_coex/CMakeFiles/__idf_esp_coex.dir/src/lib_printf.c.obj
[118/1183] Linking C static library esp-idf\esp_http_server\libesp_http_server.a
[119/1183] Building C object esp-idf/esp_wifi/CMakeFiles/__idf_esp_wifi.dir/src/smartconfig_ack.c.obj
[120/1183] Building C object esp-idf/esp_coex/CMakeFiles/__idf_esp_coex.dir/esp32c6/esp_coex_adapter.c.obj
[121/1183] Building C object esp-idf/esp_wifi/CMakeFiles/__idf_esp_wifi.dir/src/wifi_netif.c.obj
[122/1183] Building C object esp-idf/esp_coex/CMakeFiles/__idf_esp_coex.dir/src/coexist_debug.c.obj
[123/1183] Building C object esp-idf/wpa_supplicant/CMakeFiles/__idf_wpa_supplicant.dir/src/ap/pmksa_cache_auth.c.obj
[124/1183] Building C object esp-idf/wpa_supplicant/CMakeFiles/__idf_wpa_supplicant.dir/src/ap/ieee802_1x.c.obj
[125/1183] Building C object esp-idf/wpa_supplicant/CMakeFiles/__idf_wpa_supplicant.dir/port/eloop.c.obj
[126/1183] Building C object esp-idf/wpa_supplicant/CMakeFiles/__idf_wpa_supplicant.dir/src/ap/wpa_auth.c.obj
[127/1183] Building C object esp-idf/wpa_supplicant/CMakeFiles/__idf_wpa_supplicant.dir/src/ap/ap_config.c.obj
[128/1183] Building C object esp-idf/wpa_supplicant/CMakeFiles/__idf_wpa_supplicant.dir/src/ap/wpa_auth_ie.c.obj
[129/1183] Building C object esp-idf/wpa_supplicant/CMakeFiles/__idf_wpa_supplicant.dir/src/ap/ieee802_11.c.obj
[130/1183] Building C object esp-idf/wpa_supplicant/CMakeFiles/__idf_wpa_supplicant.dir/src/ap/sta_info.c.obj
[131/1183] Building C object esp-idf/wpa_supplicant/CMakeFiles/__idf_wpa_supplicant.dir/src/utils/bitfield.c.obj
[132/1183] Building C object esp-idf/wpa_supplicant/CMakeFiles/__idf_wpa_supplicant.dir/src/crypto/aes-siv.c.obj
[133/1183] Building C object esp-idf/wpa_supplicant/CMakeFiles/__idf_wpa_supplicant.dir/src/common/sae.c.obj
[134/1183] Building C object esp-idf/wpa_supplicant/CMakeFiles/__idf_wpa_supplicant.dir/src/ap/comeback_token.c.obj
[135/1183] Building C object esp-idf/wpa_supplicant/CMakeFiles/__idf_wpa_supplicant.dir/src/crypto/ccmp.c.obj
[136/1183] Building C object esp-idf/wpa_supplicant/CMakeFiles/__idf_wpa_supplicant.dir/src/crypto/aes-gcm.c.obj
[137/1183] Building C object esp-idf/wpa_supplicant/CMakeFiles/__idf_wpa_supplicant.dir/src/common/dragonfly.c.obj
[138/1183] Building C object esp-idf/wpa_supplicant/CMakeFiles/__idf_wpa_supplicant.dir/src/common/wpa_common.c.obj
[139/1183] Building C object esp-idf/wpa_supplicant/CMakeFiles/__idf_wpa_supplicant.dir/src/crypto/dh_groups.c.obj
[140/1183] Building C object esp-idf/wpa_supplicant/CMakeFiles/__idf_wpa_supplicant.dir/src/crypto/sha256-tlsprf.c.obj
[141/1183] Building C object esp-idf/wpa_supplicant/CMakeFiles/__idf_wpa_supplicant.dir/src/crypto/sha256-kdf.c.obj
[142/1183] Building C object esp-idf/wpa_supplicant/CMakeFiles/__idf_wpa_supplicant.dir/src/crypto/crypto_ops.c.obj
[143/1183] Building C object esp-idf/wpa_supplicant/CMakeFiles/__idf_wpa_supplicant.dir/src/crypto/dh_group5.c.obj
[144/1183] Building C object esp-idf/wpa_supplicant/CMakeFiles/__idf_wpa_supplicant.dir/src/crypto/sha1-tlsprf.c.obj
[145/1183] Building C object esp-idf/wpa_supplicant/CMakeFiles/__idf_wpa_supplicant.dir/src/crypto/sha384-tlsprf.c.obj
[146/1183] Building C object esp-idf/wpa_supplicant/CMakeFiles/__idf_wpa_supplicant.dir/src/common/ieee802_11_common.c.obj
[147/1183] Building C object esp-idf/wpa_supplicant/CMakeFiles/__idf_wpa_supplicant.dir/src/crypto/ms_funcs.c.obj
[148/1183] Linking C static library esp-idf\esp_http_client\libesp_http_client.a
[149/1183] Building C object esp-idf/wpa_supplicant/CMakeFiles/__idf_wpa_supplicant.dir/src/crypto/sha256-prf.c.obj
[150/1183] Building C object esp-idf/wpa_supplicant/CMakeFiles/__idf_wpa_supplicant.dir/src/eap_common/eap_wsc_common.c.obj
[151/1183] Building C object esp-idf/wpa_supplicant/CMakeFiles/__idf_wpa_supplicant.dir/src/crypto/sha384-prf.c.obj
[152/1183] Building C object esp-idf/wpa_supplicant/CMakeFiles/__idf_wpa_supplicant.dir/src/crypto/sha1-prf.c.obj
[153/1183] Building C object esp-idf/wpa_supplicant/CMakeFiles/__idf_wpa_supplicant.dir/src/crypto/sha1-tprf.c.obj
[154/1183] Building C object esp-idf/wpa_supplicant/CMakeFiles/__idf_wpa_supplicant.dir/src/crypto/md4-internal.c.obj
[155/1183] Building C object esp-idf/wpa_supplicant/CMakeFiles/__idf_wpa_supplicant.dir/src/eap_peer/eap.c.obj
[156/1183] Building C object esp-idf/wpa_supplicant/CMakeFiles/__idf_wpa_supplicant.dir/src/eap_peer/chap.c.obj
[157/1183] Building C object esp-idf/wpa_supplicant/CMakeFiles/__idf_wpa_supplicant.dir/src/eap_peer/eap_mschapv2.c.obj
[158/1183] Building C object esp-idf/wpa_supplicant/CMakeFiles/__idf_wpa_supplicant.dir/src/eap_peer/eap_common.c.obj
[159/1183] Building C object esp-idf/wpa_supplicant/CMakeFiles/__idf_wpa_supplicant.dir/src/eap_peer/eap_peap.c.obj
[160/1183] Building C object esp-idf/wpa_supplicant/CMakeFiles/__idf_wpa_supplicant.dir/src/eap_peer/eap_tls_common.c.obj
[161/1183] Building C object esp-idf/wpa_supplicant/CMakeFiles/__idf_wpa_supplicant.dir/src/eap_peer/eap_fast.c.obj
[162/1183] Building C object esp-idf/wpa_supplicant/CMakeFiles/__idf_wpa_supplicant.dir/src/eap_peer/eap_tls.c.obj
[163/1183] Building C object esp-idf/wpa_supplicant/CMakeFiles/__idf_wpa_supplicant.dir/src/eap_peer/eap_peap_common.c.obj
[164/1183] Building C object esp-idf/wpa_supplicant/CMakeFiles/__idf_wpa_supplicant.dir/src/rsn_supp/pmksa_cache.c.obj
[165/1183] Building C object esp-idf/wpa_supplicant/CMakeFiles/__idf_wpa_supplicant.dir/src/utils/ext_password.c.obj
[166/1183] Building C object esp-idf/wpa_supplicant/CMakeFiles/__idf_wpa_supplicant.dir/src/eap_peer/mschapv2.c.obj
[167/1183] Building C object esp-idf/wpa_supplicant/CMakeFiles/__idf_wpa_supplicant.dir/src/utils/uuid.c.obj
[168/1183] Building C object esp-idf/wpa_supplicant/CMakeFiles/__idf_wpa_supplicant.dir/src/utils/wpabuf.c.obj
[169/1183] Building C object esp-idf/wpa_supplicant/CMakeFiles/__idf_wpa_supplicant.dir/src/eap_peer/eap_fast_common.c.obj
[170/1183] Building C object esp-idf/wpa_supplicant/CMakeFiles/__idf_wpa_supplicant.dir/src/utils/wpa_debug.c.obj
[171/1183] Building C object esp-idf/wpa_supplicant/CMakeFiles/__idf_wpa_supplicant.dir/src/eap_peer/eap_fast_pac.c.obj
[172/1183] Building C object esp-idf/wpa_supplicant/CMakeFiles/__idf_wpa_supplicant.dir/src/rsn_supp/wpa_ie.c.obj
[173/1183] Building C object esp-idf/wpa_supplicant/CMakeFiles/__idf_wpa_supplicant.dir/src/eap_peer/eap_ttls.c.obj
[174/1183] Building C object esp-idf/wpa_supplicant/CMakeFiles/__idf_wpa_supplicant.dir/src/rsn_supp/wpa.c.obj
[175/1183] Building C object esp-idf/wpa_supplicant/CMakeFiles/__idf_wpa_supplicant.dir/src/utils/json.c.obj
[176/1183] Building C object esp-idf/wpa_supplicant/CMakeFiles/__idf_wpa_supplicant.dir/src/utils/common.c.obj
[177/1183] Building C object esp-idf/wpa_supplicant/CMakeFiles/__idf_wpa_supplicant.dir/src/utils/base64.c.obj
[178/1183] Building C object esp-idf/wpa_supplicant/CMakeFiles/__idf_wpa_supplicant.dir/src/wps/wps.c.obj
[179/1183] Building C object esp-idf/wpa_supplicant/CMakeFiles/__idf_wpa_supplicant.dir/src/wps/wps_attr_build.c.obj
[180/1183] Building C object esp-idf/wpa_supplicant/CMakeFiles/__idf_wpa_supplicant.dir/src/wps/wps_attr_parse.c.obj
[181/1183] Building C object esp-idf/wpa_supplicant/CMakeFiles/__idf_wpa_supplicant.dir/src/wps/wps_attr_process.c.obj
[182/1183] Building C object esp-idf/wpa_supplicant/CMakeFiles/__idf_wpa_supplicant.dir/src/wps/wps_common.c.obj
[183/1183] Building C object esp-idf/wpa_supplicant/CMakeFiles/__idf_wpa_supplicant.dir/src/wps/wps_dev_attr.c.obj
[184/1183] Building C object esp-idf/wpa_supplicant/CMakeFiles/__idf_wpa_supplicant.dir/src/wps/wps_enrollee.c.obj
[185/1183] Building C object esp-idf/wpa_supplicant/CMakeFiles/__idf_wpa_supplicant.dir/esp_supplicant/src/esp_eap_client.c.obj
[186/1183] Building C object esp-idf/wpa_supplicant/CMakeFiles/__idf_wpa_supplicant.dir/esp_supplicant/src/esp_wpa2_api_port.c.obj
[187/1183] Linking C static library esp-idf\tcp_transport\libtcp_transport.a
[188/1183] Building C object esp-idf/wpa_supplicant/CMakeFiles/__idf_wpa_supplicant.dir/esp_supplicant/src/crypto/crypto_mbedtls-bignum.c.obj
[189/1183] Building C object esp-idf/wpa_supplicant/CMakeFiles/__idf_wpa_supplicant.dir/esp_supplicant/src/crypto/crypto_mbedtls-rsa.c.obj
[190/1183] Building C object esp-idf/wpa_supplicant/CMakeFiles/__idf_wpa_supplicant.dir/esp_supplicant/src/crypto/crypto_mbedtls-ec.c.obj
[191/1183] Building C object esp-idf/wpa_supplicant/CMakeFiles/__idf_wpa_supplicant.dir/esp_supplicant/src/crypto/fastpsk.c.obj
[192/1183] Building C object esp-idf/wpa_supplicant/CMakeFiles/__idf_wpa_supplicant.dir/esp_supplicant/src/esp_wpa3.c.obj
[193/1183] Building C object esp-idf/wpa_supplicant/CMakeFiles/__idf_wpa_supplicant.dir/esp_supplicant/src/esp_hostap.c.obj
[194/1183] Building C object esp-idf/wpa_supplicant/CMakeFiles/__idf_wpa_supplicant.dir/esp_supplicant/src/esp_wpa_main.c.obj
[195/1183] Building C object esp-idf/wpa_supplicant/CMakeFiles/__idf_wpa_supplicant.dir/esp_supplicant/src/esp_wps.c.obj
[196/1183] Building C object esp-idf/wpa_supplicant/CMakeFiles/__idf_wpa_supplicant.dir/esp_supplicant/src/esp_wpas_glue.c.obj
[197/1183] Building C object esp-idf/wpa_supplicant/CMakeFiles/__idf_wpa_supplicant.dir/esp_supplicant/src/esp_common.c.obj
[198/1183] Building C object esp-idf/wpa_supplicant/CMakeFiles/__idf_wpa_supplicant.dir/esp_supplicant/src/esp_owe.c.obj
[199/1183] Building C object esp-idf/wpa_supplicant/CMakeFiles/__idf_wpa_supplicant.dir/esp_supplicant/src/crypto/tls_mbedtls.c.obj
[200/1183] Building C object esp-idf/wpa_supplicant/CMakeFiles/__idf_wpa_supplicant.dir/src/crypto/des-internal.c.obj
[201/1183] Building C object esp-idf/wpa_supplicant/CMakeFiles/__idf_wpa_supplicant.dir/esp_supplicant/src/crypto/fastpbkdf2.c.obj
[202/1183] Building C object esp-idf/wpa_supplicant/CMakeFiles/__idf_wpa_supplicant.dir/esp_supplicant/src/crypto/crypto_mbedtls.c.obj
[203/1183] Building C object esp-idf/wpa_supplicant/CMakeFiles/__idf_wpa_supplicant.dir/src/crypto/aes-wrap.c.obj
[204/1183] Building C object esp-idf/wpa_supplicant/CMakeFiles/__idf_wpa_supplicant.dir/src/crypto/aes-ccm.c.obj
[205/1183] Building C object esp-idf/esp_netif/CMakeFiles/__idf_esp_netif.dir/esp_netif_defaults.c.obj
[206/1183] Building C object esp-idf/esp_netif/CMakeFiles/__idf_esp_netif.dir/lwip/esp_netif_sntp.c.obj
[207/1183] Building C object esp-idf/wpa_supplicant/CMakeFiles/__idf_wpa_supplicant.dir/src/crypto/rc4.c.obj
[208/1183] Building C object esp-idf/esp_netif/CMakeFiles/__idf_esp_netif.dir/lwip/esp_netif_lwip.c.obj
[209/1183] Building C object esp-idf/wpa_supplicant/CMakeFiles/__idf_wpa_supplicant.dir/src/crypto/aes-unwrap.c.obj
[210/1183] Building C object esp-idf/esp_netif/CMakeFiles/__idf_esp_netif.dir/esp_netif_handlers.c.obj
[211/1183] Building C object esp-idf/esp_netif/CMakeFiles/__idf_esp_netif.dir/lwip/esp_netif_lwip_defaults.c.obj
[212/1183] Building C object esp-idf/esp_netif/CMakeFiles/__idf_esp_netif.dir/esp_netif_objects.c.obj
[213/1183] Building C object esp-idf/esp_netif/CMakeFiles/__idf_esp_netif.dir/lwip/netif/esp_pbuf_ref.c.obj
[214/1183] Building C object esp-idf/esp_netif/CMakeFiles/__idf_esp_netif.dir/lwip/netif/wlanif.c.obj
[215/1183] Building C object esp-idf/lwip/CMakeFiles/__idf_lwip.dir/apps/sntp/sntp.c.obj
[216/1183] Building C object esp-idf/lwip/CMakeFiles/__idf_lwip.dir/lwip/src/api/netdb.c.obj
[217/1183] Building C object esp-idf/lwip/CMakeFiles/__idf_lwip.dir/lwip/src/api/api_msg.c.obj
[218/1183] Building C object esp-idf/esp_netif/CMakeFiles/__idf_esp_netif.dir/lwip/netif/ethernetif.c.obj
[219/1183] Building C object esp-idf/lwip/CMakeFiles/__idf_lwip.dir/lwip/src/api/netbuf.c.obj
[220/1183] Building C object esp-idf/lwip/CMakeFiles/__idf_lwip.dir/lwip/src/api/err.c.obj
[221/1183] Building C object esp-idf/lwip/CMakeFiles/__idf_lwip.dir/lwip/src/api/if_api.c.obj
[222/1183] Building C object esp-idf/lwip/CMakeFiles/__idf_lwip.dir/lwip/src/api/api_lib.c.obj
[223/1183] Building C object esp-idf/lwip/CMakeFiles/__idf_lwip.dir/lwip/src/apps/netbiosns/netbiosns.c.obj
[224/1183] Building C object esp-idf/lwip/CMakeFiles/__idf_lwip.dir/lwip/src/api/sockets.c.obj
[225/1183] Building C object esp-idf/lwip/CMakeFiles/__idf_lwip.dir/lwip/src/api/netifapi.c.obj
[226/1183] Building C object esp-idf/lwip/CMakeFiles/__idf_lwip.dir/lwip/src/core/def.c.obj
[227/1183] Building C object esp-idf/lwip/CMakeFiles/__idf_lwip.dir/lwip/src/api/tcpip.c.obj
[228/1183] Building C object esp-idf/lwip/CMakeFiles/__idf_lwip.dir/lwip/src/core/dns.c.obj
[229/1183] Building C object esp-idf/lwip/CMakeFiles/__idf_lwip.dir/lwip/src/apps/sntp/sntp.c.obj
[230/1183] Building C object esp-idf/lwip/CMakeFiles/__idf_lwip.dir/lwip/src/core/ip.c.obj
[231/1183] Building C object esp-idf/lwip/CMakeFiles/__idf_lwip.dir/lwip/src/core/inet_chksum.c.obj
[232/1183] Building C object esp-idf/lwip/CMakeFiles/__idf_lwip.dir/lwip/src/core/netif.c.obj
[233/1183] Building C object esp-idf/lwip/CMakeFiles/__idf_lwip.dir/lwip/src/core/mem.c.obj
[234/1183] Building C object esp-idf/lwip/CMakeFiles/__idf_lwip.dir/lwip/src/core/pbuf.c.obj
[235/1183] Building C object esp-idf/lwip/CMakeFiles/__idf_lwip.dir/lwip/src/core/init.c.obj
[236/1183] Building C object esp-idf/lwip/CMakeFiles/__idf_lwip.dir/lwip/src/core/memp.c.obj
[237/1183] Building C object esp-idf/lwip/CMakeFiles/__idf_lwip.dir/lwip/src/core/tcp_out.c.obj
[238/1183] Building C object esp-idf/lwip/CMakeFiles/__idf_lwip.dir/lwip/src/core/raw.c.obj
[239/1183] Building C object esp-idf/lwip/CMakeFiles/__idf_lwip.dir/lwip/src/core/stats.c.obj
[240/1183] Building C object esp-idf/lwip/CMakeFiles/__idf_lwip.dir/lwip/src/core/tcp.c.obj
[241/1183] Building C object esp-idf/lwip/CMakeFiles/__idf_lwip.dir/lwip/src/core/sys.c.obj
[242/1183] Building C object esp-idf/lwip/CMakeFiles/__idf_lwip.dir/lwip/src/core/udp.c.obj
[243/1183] Building C object esp-idf/lwip/CMakeFiles/__idf_lwip.dir/lwip/src/core/ipv4/dhcp.c.obj
[244/1183] Building C object esp-idf/lwip/CMakeFiles/__idf_lwip.dir/lwip/src/core/ipv4/autoip.c.obj
[245/1183] Building C object esp-idf/lwip/CMakeFiles/__idf_lwip.dir/lwip/src/core/tcp_in.c.obj
[246/1183] Building C object esp-idf/lwip/CMakeFiles/__idf_lwip.dir/lwip/src/core/timeouts.c.obj
[247/1183] Linking C static library esp-idf\esp_adc\libesp_adc.a
[248/1183] Building C object esp-idf/lwip/CMakeFiles/__idf_lwip.dir/lwip/src/core/ipv4/etharp.c.obj
[249/1183] Building C object esp-idf/lwip/CMakeFiles/__idf_lwip.dir/lwip/src/core/ipv4/icmp.c.obj
[250/1183] Building C object esp-idf/lwip/CMakeFiles/__idf_lwip.dir/lwip/src/core/ipv4/ip4_napt.c.obj
[251/1183] Building C object esp-idf/lwip/CMakeFiles/__idf_lwip.dir/lwip/src/core/ipv4/igmp.c.obj
[252/1183] Building C object esp-idf/lwip/CMakeFiles/__idf_lwip.dir/lwip/src/core/ipv6/dhcp6.c.obj
[253/1183] Building C object esp-idf/lwip/CMakeFiles/__idf_lwip.dir/lwip/src/core/ipv4/ip4_addr.c.obj
[254/1183] Building C object esp-idf/lwip/CMakeFiles/__idf_lwip.dir/lwip/src/core/ipv6/inet6.c.obj
[255/1183] Building C object esp-idf/lwip/CMakeFiles/__idf_lwip.dir/lwip/src/core/ipv4/ip4.c.obj
[256/1183] Building C object esp-idf/lwip/CMakeFiles/__idf_lwip.dir/lwip/src/core/ipv6/ip6.c.obj
[257/1183] Building C object esp-idf/lwip/CMakeFiles/__idf_lwip.dir/lwip/src/core/ipv4/ip4_frag.c.obj
[258/1183] Building C object esp-idf/lwip/CMakeFiles/__idf_lwip.dir/lwip/src/core/ipv6/ip6_addr.c.obj
[259/1183] Building C object esp-idf/lwip/CMakeFiles/__idf_lwip.dir/lwip/src/core/ipv6/ethip6.c.obj
[260/1183] Building C object esp-idf/lwip/CMakeFiles/__idf_lwip.dir/lwip/src/core/ipv6/icmp6.c.obj
[261/1183] Building C object esp-idf/lwip/CMakeFiles/__idf_lwip.dir/lwip/src/core/ipv6/ip6_frag.c.obj
[262/1183] Building C object esp-idf/lwip/CMakeFiles/__idf_lwip.dir/lwip/src/netif/ethernet.c.obj
[263/1183] Building C object esp-idf/lwip/CMakeFiles/__idf_lwip.dir/lwip/src/netif/ppp/eap.c.obj
[264/1183] Building C object esp-idf/lwip/CMakeFiles/__idf_lwip.dir/lwip/src/core/ipv6/nd6.c.obj
[265/1183] Building C object esp-idf/lwip/CMakeFiles/__idf_lwip.dir/lwip/src/netif/bridgeif_fdb.c.obj
[266/1183] Building C object esp-idf/lwip/CMakeFiles/__idf_lwip.dir/lwip/src/core/ipv6/mld6.c.obj
[267/1183] Building C object esp-idf/lwip/CMakeFiles/__idf_lwip.dir/lwip/src/netif/bridgeif.c.obj
[268/1183] Building C object esp-idf/lwip/CMakeFiles/__idf_lwip.dir/lwip/src/netif/ppp/auth.c.obj
[269/1183] Building C object esp-idf/lwip/CMakeFiles/__idf_lwip.dir/lwip/src/netif/ppp/ccp.c.obj
[270/1183] Building C object esp-idf/lwip/CMakeFiles/__idf_lwip.dir/lwip/src/netif/ppp/chap-md5.c.obj
[271/1183] Building C object esp-idf/lwip/CMakeFiles/__idf_lwip.dir/lwip/src/netif/ppp/chap-new.c.obj
[272/1183] Building C object esp-idf/lwip/CMakeFiles/__idf_lwip.dir/lwip/src/netif/slipif.c.obj
[273/1183] Building C object esp-idf/lwip/CMakeFiles/__idf_lwip.dir/lwip/src/netif/ppp/chap_ms.c.obj
[274/1183] Building C object esp-idf/lwip/CMakeFiles/__idf_lwip.dir/lwip/src/netif/ppp/demand.c.obj
[275/1183] Building C object esp-idf/lwip/CMakeFiles/__idf_lwip.dir/lwip/src/netif/ppp/eui64.c.obj
[276/1183] Building C object esp-idf/lwip/CMakeFiles/__idf_lwip.dir/lwip/src/netif/ppp/fsm.c.obj
[277/1183] Building C object esp-idf/lwip/CMakeFiles/__idf_lwip.dir/lwip/src/netif/ppp/ipcp.c.obj
[278/1183] Building C object esp-idf/lwip/CMakeFiles/__idf_lwip.dir/lwip/src/netif/ppp/ipv6cp.c.obj
[279/1183] Building C object esp-idf/lwip/CMakeFiles/__idf_lwip.dir/lwip/src/netif/ppp/lcp.c.obj
[280/1183] Building C object esp-idf/lwip/CMakeFiles/__idf_lwip.dir/lwip/src/netif/ppp/magic.c.obj
[281/1183] Building C object esp-idf/lwip/CMakeFiles/__idf_lwip.dir/lwip/src/netif/ppp/ecp.c.obj
[282/1183] Linking C static library esp-idf\esp-tls\libesp-tls.a
[283/1183] Building C object esp-idf/lwip/CMakeFiles/__idf_lwip.dir/lwip/src/netif/ppp/pppapi.c.obj
[284/1183] Building C object esp-idf/lwip/CMakeFiles/__idf_lwip.dir/lwip/src/netif/ppp/mppe.c.obj
[285/1183] Building C object esp-idf/lwip/CMakeFiles/__idf_lwip.dir/lwip/src/netif/ppp/multilink.c.obj
[286/1183] Building C object esp-idf/lwip/CMakeFiles/__idf_lwip.dir/lwip/src/netif/ppp/pppoe.c.obj
[287/1183] Building C object esp-idf/lwip/CMakeFiles/__idf_lwip.dir/lwip/src/netif/ppp/ppp.c.obj
[288/1183] Building C object esp-idf/lwip/CMakeFiles/__idf_lwip.dir/lwip/src/netif/ppp/pppol2tp.c.obj
[289/1183] Building C object esp-idf/lwip/CMakeFiles/__idf_lwip.dir/lwip/src/netif/ppp/pppcrypt.c.obj
[290/1183] Building C object esp-idf/lwip/CMakeFiles/__idf_lwip.dir/lwip/src/netif/ppp/upap.c.obj
[291/1183] Building C object esp-idf/lwip/CMakeFiles/__idf_lwip.dir/lwip/src/netif/ppp/vj.c.obj
[292/1183] Building C object esp-idf/lwip/CMakeFiles/__idf_lwip.dir/lwip/src/netif/ppp/pppos.c.obj
[293/1183] Building C object esp-idf/lwip/CMakeFiles/__idf_lwip.dir/lwip/src/netif/ppp/utils.c.obj
[294/1183] Building C object esp-idf/lwip/CMakeFiles/__idf_lwip.dir/port/hooks/tcp_isn_default.c.obj
[295/1183] Building C object esp-idf/lwip/CMakeFiles/__idf_lwip.dir/port/freertos/sys_arch.c.obj
[296/1183] Building C object esp-idf/lwip/CMakeFiles/__idf_lwip.dir/port/hooks/lwip_default_hooks.c.obj
[297/1183] Building C object esp-idf/lwip/CMakeFiles/__idf_lwip.dir/port/acd_dhcp_check.c.obj
[298/1183] Building C object esp-idf/lwip/CMakeFiles/__idf_lwip.dir/port/if_index.c.obj
[299/1183] Building C object esp-idf/lwip/CMakeFiles/__idf_lwip.dir/port/esp32xx/vfs_lwip.c.obj
[300/1183] Building C object esp-idf/lwip/CMakeFiles/__idf_lwip.dir/port/sockets_ext.c.obj
[301/1183] Building C object esp-idf/lwip/CMakeFiles/__idf_lwip.dir/port/debug/lwip_debug.c.obj
[302/1183] Building C object esp-idf/lwip/CMakeFiles/__idf_lwip.dir/apps/ping/esp_ping.c.obj
[303/1183] Building C object esp-idf/lwip/CMakeFiles/__idf_lwip.dir/apps/ping/ping_sock.c.obj
[304/1183] Building C object esp-idf/lwip/CMakeFiles/__idf_lwip.dir/apps/ping/ping.c.obj
[305/1183] Building C object esp-idf/lwip/CMakeFiles/__idf_lwip.dir/lwip/src/netif/ppp/polarssl/des.c.obj
[306/1183] Building C object esp-idf/lwip/CMakeFiles/__idf_lwip.dir/lwip/src/netif/ppp/polarssl/arc4.c.obj
[307/1183] Building C object esp-idf/lwip/CMakeFiles/__idf_lwip.dir/lwip/src/netif/ppp/polarssl/md5.c.obj
[308/1183] Building C object esp-idf/lwip/CMakeFiles/__idf_lwip.dir/apps/dhcpserver/dhcpserver.c.obj
[309/1183] Building C object esp-idf/vfs/CMakeFiles/__idf_vfs.dir/vfs_semihost.c.obj
[310/1183] Building C object esp-idf/lwip/CMakeFiles/__idf_lwip.dir/lwip/src/netif/ppp/polarssl/sha1.c.obj
[311/1183] Building C object esp-idf/vfs/CMakeFiles/__idf_vfs.dir/vfs_eventfd.c.obj
[312/1183] Building C object esp-idf/lwip/CMakeFiles/__idf_lwip.dir/lwip/src/netif/ppp/polarssl/md4.c.obj
[313/1183] Building C object esp-idf/vfs/CMakeFiles/__idf_vfs.dir/nullfs.c.obj
[314/1183] Building C object esp-idf/vfs/CMakeFiles/__idf_vfs.dir/vfs.c.obj
[315/1183] Building C object esp-idf/esp_driver_usb_serial_jtag/CMakeFiles/__idf_esp_driver_usb_serial_jtag.dir/src/usb_serial_jtag_vfs.c.obj
[316/1183] Building C object esp-idf/esp_vfs_console/CMakeFiles/__idf_esp_vfs_console.dir/vfs_console.c.obj
[317/1183] Building C object esp-idf/esp_driver_usb_serial_jtag/CMakeFiles/__idf_esp_driver_usb_serial_jtag.dir/src/usb_serial_jtag_connection_monitor.c.obj
[318/1183] Building C object esp-idf/esp_driver_usb_serial_jtag/CMakeFiles/__idf_esp_driver_usb_serial_jtag.dir/src/usb_serial_jtag.c.obj
[319/1183] Building C object esp-idf/esp_phy/CMakeFiles/__idf_esp_phy.dir/src/phy_common.c.obj
[320/1183] Building C object esp-idf/esp_phy/CMakeFiles/__idf_esp_phy.dir/src/phy_init.c.obj
[321/1183] Building C object esp-idf/esp_phy/CMakeFiles/__idf_esp_phy.dir/esp32c6/phy_init_data.c.obj
[322/1183] Building C object esp-idf/esp_phy/CMakeFiles/__idf_esp_phy.dir/src/lib_printf.c.obj
[323/1183] Building C object esp-idf/esp_phy/CMakeFiles/__idf_esp_phy.dir/src/phy_override.c.obj
[324/1183] Building C object esp-idf/esp_phy/CMakeFiles/__idf_esp_phy.dir/src/btbb_init.c.obj
[325/1183] Building CXX object esp-idf/nvs_flash/CMakeFiles/__idf_nvs_flash.dir/src/nvs_cxx_api.cpp.obj
[326/1183] Building CXX object esp-idf/nvs_flash/CMakeFiles/__idf_nvs_flash.dir/src/nvs_api.cpp.obj
[327/1183] Building CXX object esp-idf/nvs_flash/CMakeFiles/__idf_nvs_flash.dir/src/nvs_partition.cpp.obj
[328/1183] Building CXX object esp-idf/nvs_flash/CMakeFiles/__idf_nvs_flash.dir/src/nvs_platform.cpp.obj
[329/1183] Building CXX object esp-idf/nvs_flash/CMakeFiles/__idf_nvs_flash.dir/src/nvs_partition_lookup.cpp.obj
[330/1183] Building CXX object esp-idf/nvs_flash/CMakeFiles/__idf_nvs_flash.dir/src/nvs_types.cpp.obj
[331/1183] Building CXX object esp-idf/nvs_flash/CMakeFiles/__idf_nvs_flash.dir/src/nvs_item_hash_list.cpp.obj
[332/1183] Building CXX object esp-idf/nvs_flash/CMakeFiles/__idf_nvs_flash.dir/src/nvs_handle_locked.cpp.obj
[333/1183] Building CXX object esp-idf/nvs_flash/CMakeFiles/__idf_nvs_flash.dir/src/nvs_handle_simple.cpp.obj
[334/1183] Building CXX object esp-idf/nvs_flash/CMakeFiles/__idf_nvs_flash.dir/src/nvs_page.cpp.obj
[335/1183] Building CXX object esp-idf/nvs_flash/CMakeFiles/__idf_nvs_flash.dir/src/nvs_pagemanager.cpp.obj
[336/1183] Building CXX object esp-idf/nvs_flash/CMakeFiles/__idf_nvs_flash.dir/src/nvs_storage.cpp.obj
[337/1183] Linking C static library esp-idf\http_parser\libhttp_parser.a
[338/1183] Building CXX object esp-idf/nvs_flash/CMakeFiles/__idf_nvs_flash.dir/src/nvs_partition_manager.cpp.obj
[339/1183] Building C object esp-idf/nvs_flash/CMakeFiles/__idf_nvs_flash.dir/src/nvs_bootloader_aes.c.obj
[340/1183] Building C object esp-idf/esp_event/CMakeFiles/__idf_esp_event.dir/esp_event_private.c.obj
[341/1183] Building CXX object esp-idf/nvs_flash/CMakeFiles/__idf_nvs_flash.dir/src/nvs_encrypted_partition.cpp.obj
[342/1183] Building C object esp-idf/esp_driver_uart/CMakeFiles/__idf_esp_driver_uart.dir/src/uart.c.obj
[343/1183] Building C object esp-idf/nvs_flash/CMakeFiles/__idf_nvs_flash.dir/src/nvs_bootloader.c.obj
[344/1183] Building C object esp-idf/nvs_flash/CMakeFiles/__idf_nvs_flash.dir/src/nvs_bootloader_xts_aes.c.obj
[345/1183] Building C object esp-idf/esp_event/CMakeFiles/__idf_esp_event.dir/default_event_loop.c.obj
[346/1183] Building C object esp-idf/esp_driver_uart/CMakeFiles/__idf_esp_driver_uart.dir/src/uart_wakeup.c.obj
[347/1183] Building C object esp-idf/esp_event/CMakeFiles/__idf_esp_event.dir/esp_event.c.obj
[348/1183] Building C object esp-idf/esp_driver_uart/CMakeFiles/__idf_esp_driver_uart.dir/src/uhci.c.obj
[349/1183] Building C object esp-idf/esp_driver_gptimer/CMakeFiles/__idf_esp_driver_gptimer.dir/src/gptimer.c.obj
[350/1183] Building C object esp-idf/esp_timer/CMakeFiles/__idf_esp_timer.dir/src/esp_timer.c.obj
[351/1183] Building C object esp-idf/esp_driver_gptimer/CMakeFiles/__idf_esp_driver_gptimer.dir/src/gptimer_etm.c.obj
[352/1183] Building C object esp-idf/esp_driver_gptimer/CMakeFiles/__idf_esp_driver_gptimer.dir/src/gptimer_common.c.obj
[353/1183] Building C object esp-idf/esp_timer/CMakeFiles/__idf_esp_timer.dir/src/esp_timer_etm.c.obj
[354/1183] Building C object esp-idf/esp_driver_uart/CMakeFiles/__idf_esp_driver_uart.dir/src/uart_vfs.c.obj
[355/1183] Building C object esp-idf/esp_timer/CMakeFiles/__idf_esp_timer.dir/src/esp_timer_impl_systimer.c.obj
[356/1183] Building C object esp-idf/esp_ringbuf/CMakeFiles/__idf_esp_ringbuf.dir/ringbuf.c.obj
[357/1183] Building C object esp-idf/esp_timer/CMakeFiles/__idf_esp_timer.dir/src/ets_timer_legacy.c.obj
[358/1183] Building CXX object esp-idf/cxx/CMakeFiles/__idf_cxx.dir/cxx_exception_stubs.cpp.obj
[359/1183] Building C object esp-idf/esp_timer/CMakeFiles/__idf_esp_timer.dir/src/system_time.c.obj
[360/1183] Building CXX object esp-idf/cxx/CMakeFiles/__idf_cxx.dir/cxx_init.cpp.obj
[361/1183] Building CXX object esp-idf/cxx/CMakeFiles/__idf_cxx.dir/cxx_guards.cpp.obj
[362/1183] Building C object esp-idf/pthread/CMakeFiles/__idf_pthread.dir/pthread_semaphore.c.obj
[363/1183] Building C object esp-idf/pthread/CMakeFiles/__idf_pthread.dir/pthread_local_storage.c.obj
[364/1183] Building C object esp-idf/pthread/CMakeFiles/__idf_pthread.dir/pthread_rwlock.c.obj
[365/1183] Building C object esp-idf/newlib/CMakeFiles/__idf_newlib.dir/src/heap.c.obj
[366/1183] Building C object esp-idf/esp_timer/CMakeFiles/__idf_esp_timer.dir/src/esp_timer_impl_common.c.obj
[367/1183] Building C object esp-idf/pthread/CMakeFiles/__idf_pthread.dir/pthread.c.obj
[368/1183] Building C object esp-idf/esp_timer/CMakeFiles/__idf_esp_timer.dir/src/esp_timer_init.c.obj
[369/1183] Building C object esp-idf/newlib/CMakeFiles/__idf_newlib.dir/src/abort.c.obj
[370/1183] Building C object esp-idf/pthread/CMakeFiles/__idf_pthread.dir/pthread_cond_var.c.obj
[371/1183] Building C object esp-idf/newlib/CMakeFiles/__idf_newlib.dir/src/poll.c.obj
[372/1183] Building C object esp-idf/newlib/CMakeFiles/__idf_newlib.dir/src/init.c.obj
[373/1183] Building C object esp-idf/newlib/CMakeFiles/__idf_newlib.dir/src/assert.c.obj
[374/1183] Building C object esp-idf/newlib/CMakeFiles/__idf_newlib.dir/src/getentropy.c.obj
[375/1183] Building C object esp-idf/newlib/CMakeFiles/__idf_newlib.dir/src/locks.c.obj
[376/1183] Building C object esp-idf/newlib/CMakeFiles/__idf_newlib.dir/src/termios.c.obj
[377/1183] Building C object esp-idf/newlib/CMakeFiles/__idf_newlib.dir/src/stdatomic.c.obj
[378/1183] Building C object esp-idf/newlib/CMakeFiles/__idf_newlib.dir/src/pthread.c.obj
[379/1183] Building C object esp-idf/newlib/CMakeFiles/__idf_newlib.dir/src/scandir.c.obj
[380/1183] Building C object esp-idf/newlib/CMakeFiles/__idf_newlib.dir/src/random.c.obj
[381/1183] Building C object esp-idf/newlib/CMakeFiles/__idf_newlib.dir/src/realpath.c.obj
[382/1183] Building C object esp-idf/newlib/CMakeFiles/__idf_newlib.dir/src/reent_syscalls.c.obj
[383/1183] Building C object esp-idf/newlib/CMakeFiles/__idf_newlib.dir/src/flockfile.c.obj
[384/1183] Building C object esp-idf/freertos/CMakeFiles/__idf_freertos.dir/heap_idf.c.obj
[385/1183] Building C object esp-idf/newlib/CMakeFiles/__idf_newlib.dir/src/time.c.obj
[386/1183] Building C object esp-idf/newlib/CMakeFiles/__idf_newlib.dir/src/sysconf.c.obj
[387/1183] Linking C static library esp-idf\driver\libdriver.a
[388/1183] Building C object esp-idf/newlib/CMakeFiles/__idf_newlib.dir/src/newlib_init.c.obj
[389/1183] Building C object esp-idf/newlib/CMakeFiles/__idf_newlib.dir/src/syscalls.c.obj
[390/1183] Building C object esp-idf/freertos/CMakeFiles/__idf_freertos.dir/port_systick.c.obj
[391/1183] Building C object esp-idf/freertos/CMakeFiles/__idf_freertos.dir/FreeRTOS-Kernel/queue.c.obj
[392/1183] Building C object esp-idf/newlib/CMakeFiles/__idf_newlib.dir/src/reent_init.c.obj
[393/1183] Building C object esp-idf/newlib/CMakeFiles/__idf_newlib.dir/src/port/esp_time_impl.c.obj
[394/1183] Building C object esp-idf/freertos/CMakeFiles/__idf_freertos.dir/FreeRTOS-Kernel/tasks.c.obj
[395/1183] Building C object esp-idf/freertos/CMakeFiles/__idf_freertos.dir/FreeRTOS-Kernel/timers.c.obj
[396/1183] Building C object esp-idf/freertos/CMakeFiles/__idf_freertos.dir/app_startup.c.obj
[397/1183] Building C object esp-idf/freertos/CMakeFiles/__idf_freertos.dir/port_common.c.obj
[398/1183] Building C object esp-idf/freertos/CMakeFiles/__idf_freertos.dir/FreeRTOS-Kernel/event_groups.c.obj
[399/1183] Building ASM object esp-idf/freertos/CMakeFiles/__idf_freertos.dir/FreeRTOS-Kernel/portable/riscv/portasm.S.obj
[400/1183] Building C object esp-idf/freertos/CMakeFiles/__idf_freertos.dir/esp_additions/idf_additions_event_groups.c.obj
[401/1183] Building C object esp-idf/freertos/CMakeFiles/__idf_freertos.dir/esp_additions/freertos_compatibility.c.obj
[402/1183] Building C object esp-idf/freertos/CMakeFiles/__idf_freertos.dir/FreeRTOS-Kernel/list.c.obj
[403/1183] Building C object esp-idf/freertos/CMakeFiles/__idf_freertos.dir/FreeRTOS-Kernel/portable/riscv/port.c.obj
[404/1183] Building C object esp-idf/freertos/CMakeFiles/__idf_freertos.dir/FreeRTOS-Kernel/stream_buffer.c.obj
[405/1183] Building C object esp-idf/esp_hw_support/CMakeFiles/__idf_esp_hw_support.dir/cpu.c.obj
[406/1183] Building C object esp-idf/esp_hw_support/CMakeFiles/__idf_esp_hw_support.dir/esp_memory_utils.c.obj
[407/1183] Building C object esp-idf/freertos/CMakeFiles/__idf_freertos.dir/esp_additions/idf_additions.c.obj
[408/1183] Building C object esp-idf/esp_hw_support/CMakeFiles/__idf_esp_hw_support.dir/port/esp32c6/esp_cpu_intr.c.obj
[409/1183] Building C object esp-idf/esp_hw_support/CMakeFiles/__idf_esp_hw_support.dir/port/esp32c6/cpu_region_protect.c.obj
[410/1183] Building C object esp-idf/esp_hw_support/CMakeFiles/__idf_esp_hw_support.dir/regi2c_ctrl.c.obj
[411/1183] Building C object esp-idf/esp_hw_support/CMakeFiles/__idf_esp_hw_support.dir/hw_random.c.obj
[412/1183] Building C object esp-idf/esp_hw_support/CMakeFiles/__idf_esp_hw_support.dir/revision.c.obj
[413/1183] Building C object esp-idf/esp_hw_support/CMakeFiles/__idf_esp_hw_support.dir/clk_ctrl_os.c.obj
[414/1183] Building C object esp-idf/esp_hw_support/CMakeFiles/__idf_esp_hw_support.dir/mac_addr.c.obj
[415/1183] Building C object esp-idf/esp_hw_support/CMakeFiles/__idf_esp_hw_support.dir/rtc_module.c.obj
[416/1183] Building C object esp-idf/esp_hw_support/CMakeFiles/__idf_esp_hw_support.dir/periph_ctrl.c.obj
[417/1183] Building C object esp-idf/esp_hw_support/CMakeFiles/__idf_esp_hw_support.dir/esp_clk.c.obj
[418/1183] Building C object esp-idf/esp_hw_support/CMakeFiles/__idf_esp_hw_support.dir/sar_periph_ctrl_common.c.obj
[419/1183] Building C object esp-idf/esp_hw_support/CMakeFiles/__idf_esp_hw_support.dir/port/esp32c6/io_mux.c.obj
[420/1183] Building C object esp-idf/esp_hw_support/CMakeFiles/__idf_esp_hw_support.dir/esp_gpio_reserve.c.obj
[421/1183] Building C object esp-idf/esp_hw_support/CMakeFiles/__idf_esp_hw_support.dir/intr_alloc.c.obj
[422/1183] Building C object esp-idf/esp_hw_support/CMakeFiles/__idf_esp_hw_support.dir/port/esp32c6/esp_clk_tree.c.obj
[423/1183] Building C object esp-idf/esp_hw_support/CMakeFiles/__idf_esp_hw_support.dir/dma/gdma_link.c.obj
[424/1183] Building C object esp-idf/esp_hw_support/CMakeFiles/__idf_esp_hw_support.dir/clk_utils.c.obj
[425/1183] Building C object esp-idf/esp_hw_support/CMakeFiles/__idf_esp_hw_support.dir/dma/esp_dma_utils.c.obj
[426/1183] Building C object esp-idf/esp_hw_support/CMakeFiles/__idf_esp_hw_support.dir/spi_share_hw_ctrl.c.obj
[427/1183] Building C object esp-idf/esp_hw_support/CMakeFiles/__idf_esp_hw_support.dir/port/esp_clk_tree_common.c.obj
[428/1183] Building C object esp-idf/esp_hw_support/CMakeFiles/__idf_esp_hw_support.dir/spi_bus_lock.c.obj
[429/1183] Building C object esp-idf/esp_hw_support/CMakeFiles/__idf_esp_hw_support.dir/adc_share_hw_ctrl.c.obj
[430/1183] Building C object esp-idf/esp_hw_support/CMakeFiles/__idf_esp_hw_support.dir/sleep_retention.c.obj
[431/1183] Building C object esp-idf/esp_hw_support/CMakeFiles/__idf_esp_hw_support.dir/sleep_modem.c.obj
[432/1183] Building C object esp-idf/esp_hw_support/CMakeFiles/__idf_esp_hw_support.dir/sleep_usb.c.obj
[433/1183] Building C object esp-idf/esp_hw_support/CMakeFiles/__idf_esp_hw_support.dir/sleep_console.c.obj
[434/1183] Building C object esp-idf/esp_hw_support/CMakeFiles/__idf_esp_hw_support.dir/sleep_gpio.c.obj
[435/1183] Building C object esp-idf/esp_hw_support/CMakeFiles/__idf_esp_hw_support.dir/sleep_modes.c.obj
[436/1183] Building C object esp-idf/esp_hw_support/CMakeFiles/__idf_esp_hw_support.dir/sleep_event.c.obj
[437/1183] Building C object esp-idf/esp_hw_support/CMakeFiles/__idf_esp_hw_support.dir/sleep_system_peripheral.c.obj
[438/1183] Building C object esp-idf/esp_hw_support/CMakeFiles/__idf_esp_hw_support.dir/dma/gdma_etm.c.obj
[439/1183] Building C object esp-idf/esp_hw_support/CMakeFiles/__idf_esp_hw_support.dir/dma/gdma.c.obj
[440/1183] Building C object esp-idf/esp_hw_support/CMakeFiles/__idf_esp_hw_support.dir/deprecated/gdma_legacy.c.obj
[441/1183] Building C object esp-idf/esp_hw_support/CMakeFiles/__idf_esp_hw_support.dir/dma/gdma_sleep_retention.c.obj
[442/1183] Linking C static library esp-idf\esp_driver_twai\libesp_driver_twai.a
[443/1183] Building C object esp-idf/esp_hw_support/CMakeFiles/__idf_esp_hw_support.dir/sleep_wake_stub.c.obj
[444/1183] Building C object esp-idf/esp_hw_support/CMakeFiles/__idf_esp_hw_support.dir/dma/async_memcpy_gdma.c.obj
[445/1183] Building C object esp-idf/esp_hw_support/CMakeFiles/__idf_esp_hw_support.dir/dma/esp_async_memcpy.c.obj
[446/1183] Building C object esp-idf/esp_hw_support/CMakeFiles/__idf_esp_hw_support.dir/port/pau_regdma.c.obj
[447/1183] Building C object esp-idf/esp_hw_support/CMakeFiles/__idf_esp_hw_support.dir/port/esp32c6/systimer.c.obj
[448/1183] Building C object esp-idf/esp_hw_support/CMakeFiles/__idf_esp_hw_support.dir/port/esp32c6/rtc_clk_init.c.obj
[449/1183] Building C object esp-idf/esp_hw_support/CMakeFiles/__idf_esp_hw_support.dir/port/regdma_link.c.obj
[450/1183] Building C object esp-idf/esp_hw_support/CMakeFiles/__idf_esp_hw_support.dir/esp_etm.c.obj
[451/1183] Building C object esp-idf/esp_hw_support/CMakeFiles/__idf_esp_hw_support.dir/modem_clock.c.obj
[452/1183] Building C object esp-idf/esp_hw_support/CMakeFiles/__idf_esp_hw_support.dir/port/esp32c6/pmu_init.c.obj
[453/1183] Building C object esp-idf/esp_hw_support/CMakeFiles/__idf_esp_hw_support.dir/port/esp32c6/pmu_sleep.c.obj
[454/1183] Building C object esp-idf/esp_hw_support/CMakeFiles/__idf_esp_hw_support.dir/mspi_timing_tuning/mspi_timing_tuning.c.obj
[455/1183] Building C object esp-idf/esp_hw_support/CMakeFiles/__idf_esp_hw_support.dir/esp_clock_output.c.obj
[456/1183] Building C object esp-idf/esp_hw_support/CMakeFiles/__idf_esp_hw_support.dir/port/esp32c6/rtc_time.c.obj
[457/1183] Building C object esp-idf/esp_hw_support/CMakeFiles/__idf_esp_hw_support.dir/port/esp32c6/chip_info.c.obj
[458/1183] Building C object esp-idf/esp_hw_support/CMakeFiles/__idf_esp_hw_support.dir/power_supply/brownout.c.obj
[459/1183] Building C object esp-idf/esp_hw_support/CMakeFiles/__idf_esp_hw_support.dir/port/esp32c6/ocode_init.c.obj
[460/1183] Building C object esp-idf/esp_hw_support/CMakeFiles/__idf_esp_hw_support.dir/port/esp32c6/sar_periph_ctrl.c.obj
[461/1183] Building C object esp-idf/esp_hw_support/CMakeFiles/__idf_esp_hw_support.dir/lowpower/port/esp32c6/sleep_cpu.c.obj
[462/1183] Building ASM object esp-idf/esp_hw_support/CMakeFiles/__idf_esp_hw_support.dir/lowpower/port/esp32c6/sleep_cpu_asm.S.obj
[463/1183] Building C object esp-idf/esp_hw_support/CMakeFiles/__idf_esp_hw_support.dir/port/esp32c6/pmu_param.c.obj
[464/1183] Building C object esp-idf/esp_hw_support/CMakeFiles/__idf_esp_hw_support.dir/port/esp32c6/rtc_clk.c.obj
[465/1183] Building C object esp-idf/esp_hw_support/CMakeFiles/__idf_esp_hw_support.dir/lowpower/port/esp32c6/sleep_clock.c.obj
[466/1183] Building C object esp-idf/esp_hw_support/CMakeFiles/__idf_esp_hw_support.dir/lowpower/port/esp32c6/sleep_modem_state.c.obj
[467/1183] Building C object esp-idf/esp_security/CMakeFiles/__idf_esp_security.dir/src/init.c.obj
[468/1183] Building C object esp-idf/esp_security/CMakeFiles/__idf_esp_security.dir/src/esp_hmac.c.obj
[469/1183] Building C object esp-idf/esp_security/CMakeFiles/__idf_esp_security.dir/src/esp_ds.c.obj
[470/1183] Building C object esp-idf/esp_security/CMakeFiles/__idf_esp_security.dir/src/esp_dpa_protection.c.obj
[471/1183] Building C object esp-idf/esp_security/CMakeFiles/__idf_esp_security.dir/src/esp_crypto_lock.c.obj
[472/1183] Building C object esp-idf/esp_security/CMakeFiles/__idf_esp_security.dir/src/esp_crypto_periph_clk.c.obj
[473/1183] Building C object esp-idf/soc/CMakeFiles/__idf_soc.dir/lldesc.c.obj
[474/1183] Building C object esp-idf/soc/CMakeFiles/__idf_soc.dir/dport_access_common.c.obj
[475/1183] Building C object esp-idf/soc/CMakeFiles/__idf_soc.dir/esp32c6/interrupts.c.obj
[476/1183] Linking C static library esp-idf\esp_driver_parlio\libesp_driver_parlio.a
[477/1183] Building C object esp-idf/soc/CMakeFiles/__idf_soc.dir/esp32c6/gpio_periph.c.obj
[478/1183] Building C object esp-idf/soc/CMakeFiles/__idf_soc.dir/esp32c6/uart_periph.c.obj
[479/1183] Building C object esp-idf/soc/CMakeFiles/__idf_soc.dir/esp32c6/adc_periph.c.obj
[480/1183] Building C object esp-idf/soc/CMakeFiles/__idf_soc.dir/esp32c6/dedic_gpio_periph.c.obj
[481/1183] Building C object esp-idf/soc/CMakeFiles/__idf_soc.dir/esp32c6/etm_periph.c.obj
[482/1183] Building C object esp-idf/soc/CMakeFiles/__idf_soc.dir/esp32c6/gdma_periph.c.obj
[483/1183] Building C object esp-idf/soc/CMakeFiles/__idf_soc.dir/esp32c6/spi_periph.c.obj
[484/1183] Building C object esp-idf/soc/CMakeFiles/__idf_soc.dir/esp32c6/ledc_periph.c.obj
[485/1183] Building C object esp-idf/soc/CMakeFiles/__idf_soc.dir/esp32c6/pcnt_periph.c.obj
[486/1183] Building C object esp-idf/soc/CMakeFiles/__idf_soc.dir/esp32c6/rmt_periph.c.obj
[487/1183] Building C object esp-idf/soc/CMakeFiles/__idf_soc.dir/esp32c6/sdm_periph.c.obj
[488/1183] Building C object esp-idf/soc/CMakeFiles/__idf_soc.dir/esp32c6/i2s_periph.c.obj
[489/1183] Building C object esp-idf/soc/CMakeFiles/__idf_soc.dir/esp32c6/i2c_periph.c.obj
[490/1183] Linking C static library esp-idf\esp_driver_ledc\libesp_driver_ledc.a
[491/1183] Building C object esp-idf/soc/CMakeFiles/__idf_soc.dir/esp32c6/temperature_sensor_periph.c.obj
[492/1183] Building C object esp-idf/soc/CMakeFiles/__idf_soc.dir/esp32c6/timer_periph.c.obj
[493/1183] Building C object esp-idf/soc/CMakeFiles/__idf_soc.dir/esp32c6/parlio_periph.c.obj
[494/1183] Building C object esp-idf/soc/CMakeFiles/__idf_soc.dir/esp32c6/mcpwm_periph.c.obj
[495/1183] Building C object esp-idf/soc/CMakeFiles/__idf_soc.dir/esp32c6/mpi_periph.c.obj
[496/1183] Building C object esp-idf/soc/CMakeFiles/__idf_soc.dir/esp32c6/twai_periph.c.obj
[497/1183] Building C object esp-idf/soc/CMakeFiles/__idf_soc.dir/esp32c6/wdt_periph.c.obj
[498/1183] Building C object esp-idf/soc/CMakeFiles/__idf_soc.dir/esp32c6/ieee802154_periph.c.obj
[499/1183] Building C object esp-idf/soc/CMakeFiles/__idf_soc.dir/esp32c6/rtc_io_periph.c.obj
[500/1183] Building C object esp-idf/soc/CMakeFiles/__idf_soc.dir/esp32c6/sdio_slave_periph.c.obj
[501/1183] Building C object esp-idf/soc/CMakeFiles/__idf_soc.dir/esp32c6/system_retention_periph.c.obj
[502/1183] Building C object esp-idf/soc/CMakeFiles/__idf_soc.dir/esp32c6/power_supply_periph.c.obj
[503/1183] Building C object esp-idf/heap/CMakeFiles/__idf_heap.dir/heap_caps_base.c.obj
[504/1183] Linking C static library esp-idf\esp_driver_i2c\libesp_driver_i2c.a
[505/1183] Building C object esp-idf/heap/CMakeFiles/__idf_heap.dir/heap_caps.c.obj
[506/1183] Building C object esp-idf/heap/CMakeFiles/__idf_heap.dir/heap_caps_init.c.obj
[507/1183] Building C object esp-idf/heap/CMakeFiles/__idf_heap.dir/multi_heap.c.obj
[508/1183] Building C object esp-idf/heap/CMakeFiles/__idf_heap.dir/port/memory_layout_utils.c.obj
[509/1183] Building C object esp-idf/heap/CMakeFiles/__idf_heap.dir/port/esp32c6/memory_layout.c.obj
[510/1183] Building C object esp-idf/log/CMakeFiles/__idf_log.dir/src/os/log_timestamp.c.obj
[511/1183] Building C object esp-idf/log/CMakeFiles/__idf_log.dir/src/log_timestamp_common.c.obj
[512/1183] Building C object esp-idf/log/CMakeFiles/__idf_log.dir/src/os/log_lock.c.obj
[513/1183] Building C object esp-idf/log/CMakeFiles/__idf_log.dir/src/buffer/log_buffers.c.obj
[514/1183] Building C object esp-idf/log/CMakeFiles/__idf_log.dir/src/os/util.c.obj
[515/1183] Building C object esp-idf/log/CMakeFiles/__idf_log.dir/src/util.c.obj
[516/1183] Building C object esp-idf/log/CMakeFiles/__idf_log.dir/src/log_format_text.c.obj
[517/1183] Building C object esp-idf/log/CMakeFiles/__idf_log.dir/src/log_print.c.obj
[518/1183] Building C object esp-idf/log/CMakeFiles/__idf_log.dir/src/log.c.obj
[519/1183] Building C object esp-idf/log/CMakeFiles/__idf_log.dir/src/os/log_write.c.obj
[520/1183] Building C object esp-idf/log/CMakeFiles/__idf_log.dir/src/log_level/log_level.c.obj
[521/1183] Building C object esp-idf/log/CMakeFiles/__idf_log.dir/src/log_level/tag_log_level/tag_log_level.c.obj
[522/1183] Building C object esp-idf/log/CMakeFiles/__idf_log.dir/src/log_level/tag_log_level/linked_list/log_linked_list.c.obj
[523/1183] Building C object esp-idf/log/CMakeFiles/__idf_log.dir/src/log_level/tag_log_level/cache/log_binary_heap.c.obj
[524/1183] Building C object esp-idf/hal/CMakeFiles/__idf_hal.dir/hal_utils.c.obj
[525/1183] Building C object esp-idf/hal/CMakeFiles/__idf_hal.dir/efuse_hal.c.obj
[526/1183] Building C object esp-idf/hal/CMakeFiles/__idf_hal.dir/esp32c6/efuse_hal.c.obj
[527/1183] Building C object esp-idf/hal/CMakeFiles/__idf_hal.dir/lp_timer_hal.c.obj
[528/1183] Building C object esp-idf/hal/CMakeFiles/__idf_hal.dir/mmu_hal.c.obj
[529/1183] Building C object esp-idf/hal/CMakeFiles/__idf_hal.dir/cache_hal.c.obj
[530/1183] Building C object esp-idf/hal/CMakeFiles/__idf_hal.dir/color_hal.c.obj
[531/1183] Building C object esp-idf/hal/CMakeFiles/__idf_hal.dir/spi_flash_hal.c.obj
[532/1183] Building C object esp-idf/hal/CMakeFiles/__idf_hal.dir/spi_flash_hal_iram.c.obj
[533/1183] Building C object esp-idf/hal/CMakeFiles/__idf_hal.dir/spi_flash_encrypt_hal_iram.c.obj
[534/1183] Linking C static library esp-idf\esp_driver_sdm\libesp_driver_sdm.a
[535/1183] Building C object esp-idf/hal/CMakeFiles/__idf_hal.dir/esp32c6/clk_tree_hal.c.obj
[536/1183] Building C object esp-idf/hal/CMakeFiles/__idf_hal.dir/uart_hal.c.obj
[537/1183] Building C object esp-idf/hal/CMakeFiles/__idf_hal.dir/uart_hal_iram.c.obj
[538/1183] Building C object esp-idf/hal/CMakeFiles/__idf_hal.dir/gpio_hal.c.obj
[539/1183] Building C object esp-idf/hal/CMakeFiles/__idf_hal.dir/rtc_io_hal.c.obj
[540/1183] Building C object esp-idf/hal/CMakeFiles/__idf_hal.dir/timer_hal.c.obj
[541/1183] Building C object esp-idf/hal/CMakeFiles/__idf_hal.dir/ledc_hal.c.obj
[542/1183] Building C object esp-idf/hal/CMakeFiles/__idf_hal.dir/ledc_hal_iram.c.obj
[543/1183] Building C object esp-idf/hal/CMakeFiles/__idf_hal.dir/i2c_hal.c.obj
[544/1183] Building C object esp-idf/hal/CMakeFiles/__idf_hal.dir/i2c_hal_iram.c.obj
[545/1183] Building C object esp-idf/hal/CMakeFiles/__idf_hal.dir/rmt_hal.c.obj
[546/1183] Building C object esp-idf/hal/CMakeFiles/__idf_hal.dir/pcnt_hal.c.obj
[547/1183] Building C object esp-idf/hal/CMakeFiles/__idf_hal.dir/mcpwm_hal.c.obj
[548/1183] Building C object esp-idf/hal/CMakeFiles/__idf_hal.dir/uhci_hal.c.obj
[549/1183] Building C object esp-idf/hal/CMakeFiles/__idf_hal.dir/twai_hal_sja1000.c.obj
[550/1183] Building C object esp-idf/hal/CMakeFiles/__idf_hal.dir/gdma_hal_top.c.obj
[551/1183] Building C object esp-idf/hal/CMakeFiles/__idf_hal.dir/gdma_hal_ahb_v1.c.obj
[552/1183] Building C object esp-idf/hal/CMakeFiles/__idf_hal.dir/i2s_hal.c.obj
[553/1183] Building C object esp-idf/hal/CMakeFiles/__idf_hal.dir/sdm_hal.c.obj
[554/1183] Building C object esp-idf/hal/CMakeFiles/__idf_hal.dir/etm_hal.c.obj
[555/1183] Building C object esp-idf/hal/CMakeFiles/__idf_hal.dir/parlio_hal.c.obj
[556/1183] Building C object esp-idf/hal/CMakeFiles/__idf_hal.dir/adc_hal_common.c.obj
[557/1183] Building C object esp-idf/hal/CMakeFiles/__idf_hal.dir/adc_oneshot_hal.c.obj
[558/1183] Building C object esp-idf/hal/CMakeFiles/__idf_hal.dir/adc_hal.c.obj
[559/1183] Building C object esp-idf/hal/CMakeFiles/__idf_hal.dir/ecc_hal.c.obj
[560/1183] Building C object esp-idf/hal/CMakeFiles/__idf_hal.dir/mpi_hal.c.obj
[561/1183] Building C object esp-idf/hal/CMakeFiles/__idf_hal.dir/sha_hal.c.obj
[562/1183] Building C object esp-idf/hal/CMakeFiles/__idf_hal.dir/aes_hal.c.obj
[563/1183] Building C object esp-idf/hal/CMakeFiles/__idf_hal.dir/esp32c6/modem_clock_hal.c.obj
[564/1183] Building C object esp-idf/hal/CMakeFiles/__idf_hal.dir/esp32c6/pau_hal.c.obj
[565/1183] Building C object esp-idf/hal/CMakeFiles/__idf_hal.dir/brownout_hal.c.obj
[566/1183] Building C object esp-idf/hal/CMakeFiles/__idf_hal.dir/spi_hal.c.obj
[567/1183] Building C object esp-idf/hal/CMakeFiles/__idf_hal.dir/spi_hal_iram.c.obj
[568/1183] Building C object esp-idf/hal/CMakeFiles/__idf_hal.dir/spi_slave_hal.c.obj
[569/1183] Building C object esp-idf/hal/CMakeFiles/__idf_hal.dir/spi_slave_hal_iram.c.obj
[570/1183] Building C object esp-idf/hal/CMakeFiles/__idf_hal.dir/spi_slave_hd_hal.c.obj
[571/1183] Building C object esp-idf/hal/CMakeFiles/__idf_hal.dir/spi_flash_hal_gpspi.c.obj
[572/1183] Building C object esp-idf/hal/CMakeFiles/__idf_hal.dir/sdio_slave_hal.c.obj
[573/1183] Building C object esp-idf/hal/CMakeFiles/__idf_hal.dir/esp32c6/pmu_hal.c.obj
[574/1183] Building C object esp-idf/hal/CMakeFiles/__idf_hal.dir/apm_hal.c.obj
[575/1183] Building C object esp-idf/hal/CMakeFiles/__idf_hal.dir/hmac_hal.c.obj
[576/1183] Building C object esp-idf/hal/CMakeFiles/__idf_hal.dir/ds_hal.c.obj
[577/1183] Linking C static library esp-idf\esp_driver_tsens\libesp_driver_tsens.a
[578/1183] Building C object esp-idf/hal/CMakeFiles/__idf_hal.dir/usb_serial_jtag_hal.c.obj
[579/1183] Building C object esp-idf/esp_rom/CMakeFiles/__idf_esp_rom.dir/patches/esp_rom_sys.c.obj
[580/1183] Building C object esp-idf/esp_rom/CMakeFiles/__idf_esp_rom.dir/patches/esp_rom_print.c.obj
[581/1183] Building C object esp-idf/esp_rom/CMakeFiles/__idf_esp_rom.dir/patches/esp_rom_crc.c.obj
[582/1183] Building C object esp-idf/esp_rom/CMakeFiles/__idf_esp_rom.dir/patches/esp_rom_uart.c.obj
[583/1183] Building C object esp-idf/esp_rom/CMakeFiles/__idf_esp_rom.dir/patches/esp_rom_spiflash.c.obj
[584/1183] Building C object esp-idf/esp_rom/CMakeFiles/__idf_esp_rom.dir/patches/esp_rom_efuse.c.obj
[585/1183] Building C object esp-idf/esp_rom/CMakeFiles/__idf_esp_rom.dir/patches/esp_rom_gpio.c.obj
[586/1183] Building C object esp-idf/esp_rom/CMakeFiles/__idf_esp_rom.dir/patches/esp_rom_hp_regi2c_esp32c6.c.obj
[587/1183] Building C object esp-idf/esp_rom/CMakeFiles/__idf_esp_rom.dir/patches/esp_rom_tlsf.c.obj
[588/1183] Building C object esp-idf/esp_rom/CMakeFiles/__idf_esp_rom.dir/patches/esp_rom_multi_heap.c.obj
[589/1183] Building C object esp-idf/esp_rom/CMakeFiles/__idf_esp_rom.dir/patches/esp_rom_systimer.c.obj
[590/1183] Building C object esp-idf/esp_rom/CMakeFiles/__idf_esp_rom.dir/patches/esp_rom_wdt.c.obj
[591/1183] Building C object esp-idf/esp_rom/CMakeFiles/__idf_esp_rom.dir/patches/esp_rom_usb_serial.c.obj
[592/1183] Building C object esp-idf/esp_system/CMakeFiles/__idf_esp_system.dir/esp_err.c.obj
[593/1183] Building C object esp-idf/esp_system/CMakeFiles/__idf_esp_system.dir/crosscore_int.c.obj
[594/1183] Building C object esp-idf/esp_system/CMakeFiles/__idf_esp_system.dir/esp_ipc.c.obj
[595/1183] Building C object esp-idf/esp_system/CMakeFiles/__idf_esp_system.dir/esp_system_console.c.obj
[596/1183] Building C object esp-idf/esp_system/CMakeFiles/__idf_esp_system.dir/freertos_hooks.c.obj
[597/1183] Building C object esp-idf/esp_system/CMakeFiles/__idf_esp_system.dir/startup.c.obj
[598/1183] Building C object esp-idf/esp_system/CMakeFiles/__idf_esp_system.dir/system_time.c.obj
[599/1183] Building C object esp-idf/esp_common/CMakeFiles/__idf_esp_common.dir/src/esp_err_to_name.c.obj
[600/1183] Building C object esp-idf/esp_system/CMakeFiles/__idf_esp_system.dir/systick_etm.c.obj
[601/1183] Building C object esp-idf/esp_system/CMakeFiles/__idf_esp_system.dir/esp_system.c.obj
[602/1183] Building C object esp-idf/esp_system/CMakeFiles/__idf_esp_system.dir/panic.c.obj
[603/1183] Building C object esp-idf/esp_system/CMakeFiles/__idf_esp_system.dir/int_wdt.c.obj
[604/1183] Building C object esp-idf/esp_system/CMakeFiles/__idf_esp_system.dir/task_wdt/task_wdt.c.obj
[605/1183] Building C object esp-idf/esp_system/CMakeFiles/__idf_esp_system.dir/ubsan.c.obj
[606/1183] Building C object esp-idf/esp_system/CMakeFiles/__idf_esp_system.dir/startup_funcs.c.obj
[607/1183] Linking C static library esp-idf\esp_driver_rmt\libesp_driver_rmt.a
[608/1183] Building C object esp-idf/esp_system/CMakeFiles/__idf_esp_system.dir/port/image_process.c.obj
[609/1183] Building C object esp-idf/esp_system/CMakeFiles/__idf_esp_system.dir/xt_wdt.c.obj
[610/1183] Building C object esp-idf/esp_system/CMakeFiles/__idf_esp_system.dir/stack_check.c.obj
[611/1183] Building C object esp-idf/esp_system/CMakeFiles/__idf_esp_system.dir/port/arch/riscv/expression_with_stack.c.obj
[612/1183] Building C object esp-idf/esp_system/CMakeFiles/__idf_esp_system.dir/port/arch/riscv/panic_arch.c.obj
[613/1183] Building C object esp-idf/esp_system/CMakeFiles/__idf_esp_system.dir/port/arch/riscv/debug_helpers.c.obj
[614/1183] Building C object esp-idf/esp_system/CMakeFiles/__idf_esp_system.dir/hw_stack_guard.c.obj
[615/1183] Building C object esp-idf/esp_system/CMakeFiles/__idf_esp_system.dir/port/arch/riscv/debug_stubs.c.obj
[616/1183] Building C object esp-idf/esp_system/CMakeFiles/__idf_esp_system.dir/task_wdt/task_wdt_impl_timergroup.c.obj
[617/1183] Building C object esp-idf/esp_system/CMakeFiles/__idf_esp_system.dir/port/panic_handler.c.obj
[618/1183] Building C object esp-idf/esp_system/CMakeFiles/__idf_esp_system.dir/port/esp_system_chip.c.obj
[619/1183] Building C object esp-idf/esp_system/CMakeFiles/__idf_esp_system.dir/port/soc/esp32c6/reset_reason.c.obj
[620/1183] Building C object esp-idf/esp_system/CMakeFiles/__idf_esp_system.dir/port/soc/esp32c6/cache_err_int.c.obj
[621/1183] Building C object esp-idf/esp_system/CMakeFiles/__idf_esp_system.dir/port/cpu_start.c.obj
[622/1183] Building C object esp-idf/spi_flash/CMakeFiles/__idf_spi_flash.dir/flash_brownout_hook.c.obj
[623/1183] Building C object esp-idf/spi_flash/CMakeFiles/__idf_spi_flash.dir/spi_flash_chip_drivers.c.obj
[624/1183] Building C object esp-idf/spi_flash/CMakeFiles/__idf_spi_flash.dir/spi_flash_chip_generic.c.obj
[625/1183] Building C object esp-idf/spi_flash/CMakeFiles/__idf_spi_flash.dir/spi_flash_chip_issi.c.obj
[626/1183] Building C object esp-idf/spi_flash/CMakeFiles/__idf_spi_flash.dir/spi_flash_chip_mxic.c.obj
[627/1183] Building C object esp-idf/spi_flash/CMakeFiles/__idf_spi_flash.dir/spi_flash_chip_gd.c.obj
[628/1183] Building C object esp-idf/spi_flash/CMakeFiles/__idf_spi_flash.dir/spi_flash_chip_winbond.c.obj
[629/1183] Building C object esp-idf/spi_flash/CMakeFiles/__idf_spi_flash.dir/spi_flash_chip_boya.c.obj
[630/1183] Building C object esp-idf/esp_system/CMakeFiles/__idf_esp_system.dir/port/soc/esp32c6/clk.c.obj
[631/1183] Building C object esp-idf/spi_flash/CMakeFiles/__idf_spi_flash.dir/spi_flash_chip_th.c.obj
[632/1183] Building C object esp-idf/esp_system/CMakeFiles/__idf_esp_system.dir/port/soc/esp32c6/system_internal.c.obj
[633/1183] Linking C static library esp-idf\esp_driver_sdio\libesp_driver_sdio.a
[634/1183] Building C object esp-idf/spi_flash/CMakeFiles/__idf_spi_flash.dir/flash_mmap.c.obj
[635/1183] Building C object esp-idf/spi_flash/CMakeFiles/__idf_spi_flash.dir/spi_flash_chip_mxic_opi.c.obj
[636/1183] Building C object esp-idf/spi_flash/CMakeFiles/__idf_spi_flash.dir/memspi_host_driver.c.obj
[637/1183] Building C object esp-idf/spi_flash/CMakeFiles/__idf_spi_flash.dir/cache_utils.c.obj
[638/1183] Building C object esp-idf/spi_flash/CMakeFiles/__idf_spi_flash.dir/spi_flash_wrap.c.obj
[639/1183] Building C object esp-idf/spi_flash/CMakeFiles/__idf_spi_flash.dir/flash_ops.c.obj
[640/1183] Building C object esp-idf/esp_mm/CMakeFiles/__idf_esp_mm.dir/port/esp32c6/ext_mem_layout.c.obj
[641/1183] Building C object esp-idf/spi_flash/CMakeFiles/__idf_spi_flash.dir/esp_flash_api.c.obj
[642/1183] Building C object esp-idf/spi_flash/CMakeFiles/__idf_spi_flash.dir/esp_flash_spi_init.c.obj
[643/1183] Building C object esp-idf/esp_mm/CMakeFiles/__idf_esp_mm.dir/esp_mmu_map.c.obj
[644/1183] Building C object esp-idf/spi_flash/CMakeFiles/__idf_spi_flash.dir/spi_flash_os_func_noos.c.obj
[645/1183] Building C object esp-idf/esp_mm/CMakeFiles/__idf_esp_mm.dir/heap_align_hw.c.obj
[646/1183] Building C object esp-idf/esp_mm/CMakeFiles/__idf_esp_mm.dir/esp_cache_msync.c.obj
[647/1183] Building C object esp-idf/bootloader_support/CMakeFiles/__idf_bootloader_support.dir/src/bootloader_common.c.obj
[648/1183] Building C object esp-idf/spi_flash/CMakeFiles/__idf_spi_flash.dir/spi_flash_os_func_app.c.obj
[649/1183] Building C object esp-idf/esp_mm/CMakeFiles/__idf_esp_mm.dir/esp_cache_utils.c.obj
[650/1183] Building C object esp-idf/bootloader_support/CMakeFiles/__idf_bootloader_support.dir/src/bootloader_clock_init.c.obj
[651/1183] Building C object esp-idf/bootloader_support/CMakeFiles/__idf_bootloader_support.dir/src/bootloader_mem.c.obj
[652/1183] Building C object esp-idf/bootloader_support/CMakeFiles/__idf_bootloader_support.dir/src/bootloader_random_esp32c6.c.obj
[653/1183] Building C object esp-idf/bootloader_support/CMakeFiles/__idf_bootloader_support.dir/src/bootloader_common_loader.c.obj
[654/1183] Building C object esp-idf/bootloader_support/CMakeFiles/__idf_bootloader_support.dir/bootloader_flash/src/bootloader_flash.c.obj
[655/1183] Building C object esp-idf/bootloader_support/CMakeFiles/__idf_bootloader_support.dir/src/bootloader_efuse.c.obj
[656/1183] Building C object esp-idf/bootloader_support/CMakeFiles/__idf_bootloader_support.dir/src/flash_encrypt.c.obj
[657/1183] Building C object esp-idf/bootloader_support/CMakeFiles/__idf_bootloader_support.dir/src/secure_boot.c.obj
[658/1183] Building C object esp-idf/bootloader_support/CMakeFiles/__idf_bootloader_support.dir/src/bootloader_random.c.obj
[659/1183] Building C object esp-idf/bootloader_support/CMakeFiles/__idf_bootloader_support.dir/src/esp32c6/bootloader_ecdsa.c.obj
[660/1183] Building C object esp-idf/bootloader_support/CMakeFiles/__idf_bootloader_support.dir/bootloader_flash/src/flash_qio_mode.c.obj
[661/1183] Building C object esp-idf/bootloader_support/CMakeFiles/__idf_bootloader_support.dir/bootloader_flash/src/bootloader_flash_config_esp32c6.c.obj
[662/1183] Building C object esp-idf/bootloader_support/CMakeFiles/__idf_bootloader_support.dir/src/flash_partitions.c.obj
[663/1183] Linking C static library esp-idf\esp_driver_sdspi\libesp_driver_sdspi.a
[664/1183] Building C object esp-idf/bootloader_support/CMakeFiles/__idf_bootloader_support.dir/src/bootloader_sha.c.obj
[665/1183] Building C object esp-idf/bootloader_support/CMakeFiles/__idf_bootloader_support.dir/src/esp_image_format.c.obj
[666/1183] Building C object esp-idf/efuse/CMakeFiles/__idf_efuse.dir/esp32c6/esp_efuse_fields.c.obj
[667/1183] Building C object esp-idf/efuse/CMakeFiles/__idf_efuse.dir/esp32c6/esp_efuse_rtc_calib.c.obj
[668/1183] Building C object esp-idf/bootloader_support/CMakeFiles/__idf_bootloader_support.dir/src/esp32c6/secure_boot_secure_features.c.obj
[669/1183] Building C object esp-idf/efuse/CMakeFiles/__idf_efuse.dir/esp32c6/esp_efuse_table.c.obj
[670/1183] Building C object esp-idf/bootloader_support/CMakeFiles/__idf_bootloader_support.dir/src/bootloader_utility.c.obj
[671/1183] Building C object esp-idf/efuse/CMakeFiles/__idf_efuse.dir/esp32c6/esp_efuse_utility.c.obj
[672/1183] Building C object esp-idf/efuse/CMakeFiles/__idf_efuse.dir/src/esp_efuse_api.c.obj
[673/1183] Building C object esp-idf/efuse/CMakeFiles/__idf_efuse.dir/src/esp_efuse_fields.c.obj
[674/1183] Building C object esp-idf/app_update/CMakeFiles/__idf_app_update.dir/esp_ota_app_desc.c.obj
[675/1183] Building C object esp-idf/efuse/CMakeFiles/__idf_efuse.dir/src/esp_efuse_utility.c.obj
[676/1183] Building C object esp-idf/efuse/CMakeFiles/__idf_efuse.dir/src/esp_efuse_startup.c.obj
[677/1183] Building C object esp-idf/esp_partition/CMakeFiles/__idf_esp_partition.dir/partition.c.obj
[678/1183] Building C object esp-idf/mbedtls/mbedtls/library/CMakeFiles/mbedtls.dir/debug.c.obj
[679/1183] Building C object esp-idf/efuse/CMakeFiles/__idf_efuse.dir/src/efuse_controller/keys/with_key_purposes/esp_efuse_api_key.c.obj
[680/1183] Building C object esp-idf/mbedtls/mbedtls/library/CMakeFiles/mbedtls.dir/mps_reader.c.obj
[681/1183] Building C object esp-idf/esp_partition/CMakeFiles/__idf_esp_partition.dir/partition_target.c.obj
[682/1183] Building C object esp-idf/mbedtls/mbedtls/library/CMakeFiles/mbedtls.dir/mps_trace.c.obj
[683/1183] Building C object esp-idf/app_update/CMakeFiles/__idf_app_update.dir/esp_ota_ops.c.obj
[684/1183] Building C object esp-idf/mbedtls/mbedtls/library/CMakeFiles/mbedtls.dir/ssl_ciphersuites.c.obj
[685/1183] Building C object esp-idf/mbedtls/mbedtls/library/CMakeFiles/mbedtls.dir/ssl_cache.c.obj
[686/1183] Linking C static library esp-idf\sdmmc\libsdmmc.a
[687/1183] Building C object esp-idf/mbedtls/mbedtls/library/CMakeFiles/mbedtls.dir/ssl_client.c.obj
[688/1183] Building C object esp-idf/mbedtls/mbedtls/library/CMakeFiles/mbedtls.dir/ssl_tls.c.obj
[689/1183] Building C object esp-idf/mbedtls/mbedtls/library/CMakeFiles/mbedtls.dir/ssl_cookie.c.obj
[690/1183] Building C object esp-idf/mbedtls/mbedtls/library/CMakeFiles/mbedtls.dir/ssl_debug_helpers_generated.c.obj
[691/1183] Building C object esp-idf/mbedtls/mbedtls/library/CMakeFiles/mbedtls.dir/ssl_ticket.c.obj
[692/1183] Building C object esp-idf/mbedtls/mbedtls/library/CMakeFiles/mbedtls.dir/ssl_msg.c.obj
[693/1183] Building C object esp-idf/mbedtls/mbedtls/library/CMakeFiles/mbedtls.dir/ssl_tls12_client.c.obj
[694/1183] Building C object esp-idf/mbedtls/mbedtls/library/CMakeFiles/mbedtls.dir/ssl_tls13_keys.c.obj
[695/1183] Building C object esp-idf/mbedtls/mbedtls/library/CMakeFiles/mbedtls.dir/ssl_tls12_server.c.obj
[696/1183] Building C object esp-idf/mbedtls/mbedtls/library/CMakeFiles/mbedtls.dir/ssl_tls13_client.c.obj
[697/1183] Building C object esp-idf/mbedtls/mbedtls/library/CMakeFiles/mbedtls.dir/ssl_tls13_server.c.obj
[698/1183] Building C object esp-idf/mbedtls/mbedtls/library/CMakeFiles/mbedtls.dir/ssl_tls13_generic.c.obj
[699/1183] Building C object esp-idf/mbedtls/mbedtls/library/CMakeFiles/mbedtls.dir/D_/Programing/esp-idf/v5.5.1/esp-idf/components/mbedtls/port/mbedtls_debug.c.obj
[700/1183] Building C object esp-idf/mbedtls/mbedtls/library/CMakeFiles/mbedtls.dir/D_/Programing/esp-idf/v5.5.1/esp-idf/components/mbedtls/port/esp_platform_time.c.obj
[701/1183] Building C object esp-idf/mbedtls/mbedtls/library/CMakeFiles/mbedx509.dir/x509_create.c.obj
[702/1183] Building C object esp-idf/mbedtls/mbedtls/library/CMakeFiles/mbedx509.dir/x509_crl.c.obj
[703/1183] Building C object esp-idf/mbedtls/mbedtls/library/CMakeFiles/mbedtls.dir/D_/Programing/esp-idf/v5.5.1/esp-idf/components/mbedtls/port/net_sockets.c.obj
[704/1183] Building C object esp-idf/mbedtls/mbedtls/library/CMakeFiles/mbedx509.dir/x509.c.obj
[705/1183] Building C object esp-idf/mbedtls/mbedtls/library/CMakeFiles/mbedx509.dir/pkcs7.c.obj
[706/1183] Building C object esp-idf/mbedtls/mbedtls/library/CMakeFiles/mbedx509.dir/x509write.c.obj
[707/1183] Building C object esp-idf/mbedtls/mbedtls/library/CMakeFiles/mbedx509.dir/x509_csr.c.obj
[708/1183] Building C object esp-idf/mbedtls/mbedtls/library/CMakeFiles/mbedx509.dir/x509write_crt.c.obj
[709/1183] Building C object esp-idf/mbedtls/mbedtls/library/CMakeFiles/mbedcrypto.dir/asn1write.c.obj
[710/1183] Building C object esp-idf/mbedtls/mbedtls/library/CMakeFiles/mbedcrypto.dir/aes.c.obj
[711/1183] Building C object esp-idf/mbedtls/mbedtls/library/CMakeFiles/mbedx509.dir/x509write_csr.c.obj
[712/1183] Building C object esp-idf/mbedtls/mbedtls/library/CMakeFiles/mbedx509.dir/x509_crt.c.obj
[713/1183] Building C object esp-idf/mbedtls/mbedtls/library/CMakeFiles/mbedcrypto.dir/aesni.c.obj
[714/1183] Building C object esp-idf/mbedtls/mbedtls/library/CMakeFiles/mbedcrypto.dir/aesce.c.obj
[715/1183] Building C object esp-idf/mbedtls/mbedtls/library/CMakeFiles/mbedcrypto.dir/asn1parse.c.obj
[716/1183] Building C object esp-idf/mbedtls/mbedtls/library/CMakeFiles/mbedcrypto.dir/aria.c.obj
[717/1183] Building C object esp-idf/mbedtls/mbedtls/library/CMakeFiles/mbedcrypto.dir/base64.c.obj
[718/1183] Linking C static library esp-idf\esp_driver_i2s\libesp_driver_i2s.a
[719/1183] Building C object esp-idf/mbedtls/mbedtls/library/CMakeFiles/mbedcrypto.dir/bignum.c.obj
[720/1183] Building C object esp-idf/mbedtls/mbedtls/library/CMakeFiles/mbedcrypto.dir/bignum_core.c.obj
[721/1183] Building C object esp-idf/mbedtls/mbedtls/library/CMakeFiles/mbedcrypto.dir/bignum_mod.c.obj
[722/1183] Building C object esp-idf/mbedtls/mbedtls/library/CMakeFiles/mbedcrypto.dir/chachapoly.c.obj
[723/1183] Building C object esp-idf/mbedtls/mbedtls/library/CMakeFiles/mbedcrypto.dir/bignum_mod_raw.c.obj
[724/1183] Building C object esp-idf/mbedtls/mbedtls/library/CMakeFiles/mbedcrypto.dir/block_cipher.c.obj
[725/1183] Building C object esp-idf/mbedtls/mbedtls/library/CMakeFiles/mbedcrypto.dir/cipher_wrap.c.obj
[726/1183] Building C object esp-idf/mbedtls/mbedtls/library/CMakeFiles/mbedcrypto.dir/constant_time.c.obj
[727/1183] Building C object esp-idf/mbedtls/mbedtls/library/CMakeFiles/mbedcrypto.dir/camellia.c.obj
[728/1183] Building C object esp-idf/mbedtls/mbedtls/library/CMakeFiles/mbedcrypto.dir/chacha20.c.obj
[729/1183] Building C object esp-idf/mbedtls/mbedtls/library/CMakeFiles/mbedcrypto.dir/cmac.c.obj
[730/1183] Building C object esp-idf/mbedtls/mbedtls/library/CMakeFiles/mbedcrypto.dir/ccm.c.obj
[731/1183] Building C object esp-idf/mbedtls/mbedtls/library/CMakeFiles/mbedcrypto.dir/ctr_drbg.c.obj
[732/1183] Building C object esp-idf/mbedtls/mbedtls/library/CMakeFiles/mbedcrypto.dir/des.c.obj
[733/1183] Building C object esp-idf/mbedtls/mbedtls/library/CMakeFiles/mbedcrypto.dir/dhm.c.obj
[734/1183] Building C object esp-idf/mbedtls/mbedtls/library/CMakeFiles/mbedcrypto.dir/cipher.c.obj
[735/1183] Building C object esp-idf/mbedtls/mbedtls/library/CMakeFiles/mbedcrypto.dir/ecdh.c.obj
[736/1183] Building C object esp-idf/mbedtls/mbedtls/library/CMakeFiles/mbedcrypto.dir/ecdsa.c.obj
[737/1183] Building C object esp-idf/mbedtls/mbedtls/library/CMakeFiles/mbedcrypto.dir/ecjpake.c.obj
[738/1183] Building C object esp-idf/mbedtls/mbedtls/library/CMakeFiles/mbedcrypto.dir/ecp.c.obj
[739/1183] Building C object esp-idf/mbedtls/mbedtls/library/CMakeFiles/mbedcrypto.dir/ecp_curves.c.obj
[740/1183] Building C object esp-idf/mbedtls/mbedtls/library/CMakeFiles/mbedcrypto.dir/ecp_curves_new.c.obj
[741/1183] Building C object esp-idf/mbedtls/mbedtls/library/CMakeFiles/mbedcrypto.dir/entropy.c.obj
[742/1183] Building C object esp-idf/mbedtls/mbedtls/library/CMakeFiles/mbedcrypto.dir/entropy_poll.c.obj
[743/1183] Building C object esp-idf/esp_bootloader_format/CMakeFiles/__idf_esp_bootloader_format.dir/esp_bootloader_desc.c.obj
[744/1183] Building C object esp-idf/mbedtls/mbedtls/library/CMakeFiles/mbedcrypto.dir/error.c.obj
[745/1183] Building C object esp-idf/mbedtls/mbedtls/library/CMakeFiles/mbedcrypto.dir/gcm.c.obj
[746/1183] Building C object esp-idf/mbedtls/mbedtls/library/CMakeFiles/mbedcrypto.dir/hkdf.c.obj
[747/1183] Building C object esp-idf/mbedtls/mbedtls/library/CMakeFiles/mbedcrypto.dir/hmac_drbg.c.obj
[748/1183] Building C object esp-idf/mbedtls/mbedtls/library/CMakeFiles/mbedcrypto.dir/lms.c.obj
[749/1183] Building C object esp-idf/mbedtls/mbedtls/library/CMakeFiles/mbedcrypto.dir/md.c.obj
[750/1183] Building C object esp-idf/mbedtls/mbedtls/library/CMakeFiles/mbedcrypto.dir/md5.c.obj
[751/1183] Building C object esp-idf/mbedtls/mbedtls/library/CMakeFiles/mbedcrypto.dir/memory_buffer_alloc.c.obj
[752/1183] Building C object esp-idf/mbedtls/mbedtls/library/CMakeFiles/mbedcrypto.dir/nist_kw.c.obj
[753/1183] Linking C static library esp-idf\esp_driver_mcpwm\libesp_driver_mcpwm.a
[754/1183] Building C object esp-idf/mbedtls/mbedtls/library/CMakeFiles/mbedcrypto.dir/oid.c.obj
[755/1183] Building C object esp-idf/mbedtls/mbedtls/library/CMakeFiles/mbedcrypto.dir/padlock.c.obj
[756/1183] Building C object esp-idf/mbedtls/mbedtls/library/CMakeFiles/mbedcrypto.dir/pem.c.obj
[757/1183] Building C object esp-idf/mbedtls/mbedtls/library/CMakeFiles/mbedcrypto.dir/pk_wrap.c.obj
[758/1183] Building C object esp-idf/mbedtls/mbedtls/library/CMakeFiles/mbedcrypto.dir/pkcs12.c.obj
[759/1183] Building C object esp-idf/mbedtls/mbedtls/library/CMakeFiles/mbedcrypto.dir/lmots.c.obj
[760/1183] Building C object esp-idf/mbedtls/mbedtls/library/CMakeFiles/mbedcrypto.dir/pkcs5.c.obj
[761/1183] Building C object esp-idf/mbedtls/mbedtls/library/CMakeFiles/mbedcrypto.dir/pkparse.c.obj
[762/1183] Building C object esp-idf/mbedtls/mbedtls/library/CMakeFiles/mbedcrypto.dir/pkwrite.c.obj
[763/1183] Building C object esp-idf/esp_app_format/CMakeFiles/__idf_esp_app_format.dir/esp_app_desc.c.obj
[764/1183] Building C object esp-idf/mbedtls/mbedtls/library/CMakeFiles/mbedcrypto.dir/platform.c.obj
[765/1183] Building C object esp-idf/mbedtls/mbedtls/library/CMakeFiles/mbedcrypto.dir/platform_util.c.obj
[766/1183] Building C object esp-idf/mbedtls/mbedtls/library/CMakeFiles/mbedcrypto.dir/poly1305.c.obj
[767/1183] Building C object esp-idf/mbedtls/mbedtls/library/CMakeFiles/mbedcrypto.dir/psa_crypto.c.obj
[768/1183] Building C object esp-idf/mbedtls/mbedtls/library/CMakeFiles/mbedcrypto.dir/pk.c.obj
[769/1183] Building C object esp-idf/mbedtls/mbedtls/library/CMakeFiles/mbedcrypto.dir/pk_ecc.c.obj
[770/1183] Building C object esp-idf/mbedtls/mbedtls/library/CMakeFiles/mbedcrypto.dir/psa_crypto_cipher.c.obj
[771/1183] Building C object esp-idf/mbedtls/mbedtls/library/CMakeFiles/mbedcrypto.dir/psa_crypto_client.c.obj
[772/1183] Building C object esp-idf/mbedtls/mbedtls/library/CMakeFiles/mbedcrypto.dir/psa_crypto_driver_wrappers_no_static.c.obj
[773/1183] Building C object esp-idf/mbedtls/mbedtls/library/CMakeFiles/mbedcrypto.dir/psa_crypto_ecp.c.obj
[774/1183] Building C object esp-idf/mbedtls/mbedtls/library/CMakeFiles/mbedcrypto.dir/psa_crypto_ffdh.c.obj
[775/1183] Building C object esp-idf/mbedtls/mbedtls/library/CMakeFiles/mbedcrypto.dir/psa_crypto_hash.c.obj
[776/1183] Building C object esp-idf/mbedtls/mbedtls/library/CMakeFiles/mbedcrypto.dir/psa_crypto_mac.c.obj
[777/1183] Building C object esp-idf/mbedtls/mbedtls/library/CMakeFiles/mbedcrypto.dir/psa_crypto_pake.c.obj
[778/1183] Building C object esp-idf/mbedtls/mbedtls/library/CMakeFiles/mbedcrypto.dir/psa_crypto_rsa.c.obj
[779/1183] Building C object esp-idf/mbedtls/mbedtls/library/CMakeFiles/mbedcrypto.dir/psa_crypto_se.c.obj
[780/1183] Building C object esp-idf/mbedtls/mbedtls/library/CMakeFiles/mbedcrypto.dir/psa_crypto_slot_management.c.obj
[781/1183] Building C object esp-idf/mbedtls/mbedtls/library/CMakeFiles/mbedcrypto.dir/psa_crypto_aead.c.obj
[782/1183] Building C object esp-idf/mbedtls/mbedtls/library/CMakeFiles/mbedcrypto.dir/psa_crypto_storage.c.obj
[783/1183] Building C object esp-idf/mbedtls/mbedtls/library/CMakeFiles/mbedcrypto.dir/psa_its_file.c.obj
[784/1183] Building C object esp-idf/mbedtls/mbedtls/library/CMakeFiles/mbedcrypto.dir/psa_util.c.obj
[785/1183] Linking C static library esp-idf\esp_driver_pcnt\libesp_driver_pcnt.a
[786/1183] Building C object esp-idf/mbedtls/mbedtls/library/CMakeFiles/mbedcrypto.dir/ripemd160.c.obj
[787/1183] Building C object esp-idf/mbedtls/mbedtls/library/CMakeFiles/mbedcrypto.dir/rsa.c.obj
[788/1183] Building C object esp-idf/mbedtls/mbedtls/library/CMakeFiles/mbedcrypto.dir/rsa_alt_helpers.c.obj
[789/1183] Building C object esp-idf/mbedtls/mbedtls/library/CMakeFiles/mbedcrypto.dir/sha1.c.obj
[790/1183] Building C object esp-idf/mbedtls/mbedtls/library/CMakeFiles/mbedcrypto.dir/sha256.c.obj
[791/1183] Building C object esp-idf/mbedtls/mbedtls/library/CMakeFiles/mbedcrypto.dir/sha512.c.obj
[792/1183] Building C object esp-idf/mbedtls/mbedtls/library/CMakeFiles/mbedcrypto.dir/sha3.c.obj
[793/1183] Building C object esp-idf/mbedtls/mbedtls/library/CMakeFiles/mbedcrypto.dir/threading.c.obj
[794/1183] Building C object esp-idf/mbedtls/mbedtls/library/CMakeFiles/mbedcrypto.dir/timing.c.obj
[795/1183] Building C object esp-idf/mbedtls/mbedtls/library/CMakeFiles/mbedcrypto.dir/version.c.obj
[796/1183] Building C object esp-idf/mbedtls/mbedtls/library/CMakeFiles/mbedcrypto.dir/version_features.c.obj
[797/1183] Building C object esp-idf/mbedtls/mbedtls/library/CMakeFiles/mbedcrypto.dir/D_/Programing/esp-idf/v5.5.1/esp-idf/components/mbedtls/port/sha/core/esp_sha_gdma_impl.c.obj
[798/1183] Building C object esp-idf/mbedtls/mbedtls/library/CMakeFiles/mbedcrypto.dir/D_/Programing/esp-idf/v5.5.1/esp-idf/components/mbedtls/port/aes/dma/esp_aes_gdma_impl.c.obj
[799/1183] Building C object esp-idf/mbedtls/mbedtls/library/CMakeFiles/mbedcrypto.dir/D_/Programing/esp-idf/v5.5.1/esp-idf/components/mbedtls/port/aes/dma/esp_aes_dma_core.c.obj
[800/1183] Building C object esp-idf/mbedtls/mbedtls/library/CMakeFiles/mbedcrypto.dir/D_/Programing/esp-idf/v5.5.1/esp-idf/components/mbedtls/port/crypto_shared_gdma/esp_crypto_shared_gdma.c.obj
[801/1183] Building C object esp-idf/mbedtls/mbedtls/library/CMakeFiles/mbedcrypto.dir/D_/Programing/esp-idf/v5.5.1/esp-idf/components/mbedtls/port/esp_hardware.c.obj
[802/1183] Building C object esp-idf/mbedtls/mbedtls/library/CMakeFiles/mbedcrypto.dir/D_/Programing/esp-idf/v5.5.1/esp-idf/components/mbedtls/port/esp_mem.c.obj
[803/1183] Building C object esp-idf/mbedtls/mbedtls/library/CMakeFiles/mbedcrypto.dir/D_/Programing/esp-idf/v5.5.1/esp-idf/components/mbedtls/port/esp_timing.c.obj
[804/1183] Building C object esp-idf/mbedtls/mbedtls/library/CMakeFiles/mbedcrypto.dir/D_/Programing/esp-idf/v5.5.1/esp-idf/components/mbedtls/port/aes/esp_aes_xts.c.obj
[805/1183] Building C object esp-idf/mbedtls/mbedtls/library/CMakeFiles/mbedcrypto.dir/D_/Programing/esp-idf/v5.5.1/esp-idf/components/mbedtls/port/aes/esp_aes_common.c.obj
[806/1183] Building C object esp-idf/mbedtls/mbedtls/library/CMakeFiles/mbedcrypto.dir/D_/Programing/esp-idf/v5.5.1/esp-idf/components/mbedtls/port/aes/dma/esp_aes.c.obj
[807/1183] Building C object esp-idf/mbedtls/mbedtls/library/CMakeFiles/mbedcrypto.dir/D_/Programing/esp-idf/v5.5.1/esp-idf/components/mbedtls/port/sha/esp_sha.c.obj
[808/1183] Building C object esp-idf/mbedtls/mbedtls/library/CMakeFiles/mbedcrypto.dir/D_/Programing/esp-idf/v5.5.1/esp-idf/components/mbedtls/port/sha/core/sha.c.obj
[809/1183] Building C object esp-idf/mbedtls/mbedtls/library/CMakeFiles/mbedcrypto.dir/D_/Programing/esp-idf/v5.5.1/esp-idf/components/mbedtls/port/esp_ds/esp_rsa_sign_alt.c.obj
[810/1183] Building C object esp-idf/mbedtls/mbedtls/library/CMakeFiles/mbedcrypto.dir/D_/Programing/esp-idf/v5.5.1/esp-idf/components/mbedtls/port/esp_ds/esp_rsa_dec_alt.c.obj
[811/1183] Building C object esp-idf/mbedtls/mbedtls/library/CMakeFiles/mbedcrypto.dir/D_/Programing/esp-idf/v5.5.1/esp-idf/components/mbedtls/port/esp_ds/esp_ds_common.c.obj
[812/1183] Building C object esp-idf/mbedtls/mbedtls/library/CMakeFiles/mbedcrypto.dir/D_/Programing/esp-idf/v5.5.1/esp-idf/components/mbedtls/port/ecc/ecc_alt.c.obj
[813/1183] Building C object esp-idf/mbedtls/mbedtls/library/CMakeFiles/mbedcrypto.dir/D_/Programing/esp-idf/v5.5.1/esp-idf/components/mbedtls/port/md/esp_md.c.obj
[814/1183] Building C object esp-idf/mbedtls/mbedtls/library/CMakeFiles/mbedcrypto.dir/D_/Programing/esp-idf/v5.5.1/esp-idf/components/mbedtls/port/ecc/esp_ecc.c.obj
[815/1183] Linking C static library esp-idf\esp_gdbstub\libesp_gdbstub.a
[816/1183] Building C object esp-idf/mbedtls/mbedtls/3rdparty/everest/CMakeFiles/everest.dir/library/everest.c.obj
[817/1183] Building C object esp-idf/mbedtls/mbedtls/3rdparty/p256-m/CMakeFiles/p256m.dir/p256-m/p256-m.c.obj
[818/1183] Building C object esp-idf/mbedtls/mbedtls/3rdparty/everest/CMakeFiles/everest.dir/library/x25519.c.obj
[819/1183] Building C object esp-idf/mbedtls/mbedtls/3rdparty/p256-m/CMakeFiles/p256m.dir/p256-m_driver_entrypoints.c.obj
[820/1183] Building C object esp-idf/mbedtls/mbedtls/3rdparty/everest/CMakeFiles/everest.dir/library/Hacl_Curve25519_joined.c.obj
[821/1183] Creating directories for 'bootloader'
[822/1183] Linking C static library esp-idf\esp_driver_spi\libesp_driver_spi.a
[823/1183] No download step for 'bootloader'
[824/1183] No update step for 'bootloader'
[825/1183] Linking C static library esp-idf\esp_wifi\libesp_wifi.a
[826/1183] No patch step for 'bootloader'
[827/1183] Linking C static library esp-idf\esp_coex\libesp_coex.a
[828/1183] Linking C static library esp-idf\wpa_supplicant\libwpa_supplicant.a
[829/1183] Linking C static library esp-idf\esp_netif\libesp_netif.a
[830/1183] Linking C static library esp-idf\lwip\liblwip.a
[831/1183] Linking C static library esp-idf\vfs\libvfs.a
[832/1183] Linking C static library esp-idf\esp_vfs_console\libesp_vfs_console.a
[833/1183] Linking C static library esp-idf\esp_driver_usb_serial_jtag\libesp_driver_usb_serial_jtag.a
[834/1183] Linking C static library esp-idf\esp_phy\libesp_phy.a
[835/1183] Linking C static library esp-idf\nvs_flash\libnvs_flash.a
[836/1183] Linking C static library esp-idf\esp_event\libesp_event.a
[837/1183] Linking C static library esp-idf\esp_driver_uart\libesp_driver_uart.a
[838/1183] Linking C static library esp-idf\esp_ringbuf\libesp_ringbuf.a
[839/1183] Linking C static library esp-idf\esp_driver_gptimer\libesp_driver_gptimer.a
[840/1183] Linking C static library esp-idf\esp_timer\libesp_timer.a
[841/1183] Linking C static library esp-idf\cxx\libcxx.a
[842/1183] Linking C static library esp-idf\pthread\libpthread.a
[843/1183] Linking C static library esp-idf\newlib\libnewlib.a
[844/1183] Linking C static library esp-idf\freertos\libfreertos.a
[845/1183] Linking C static library esp-idf\esp_hw_support\libesp_hw_support.a
[846/1183] Linking C static library esp-idf\esp_security\libesp_security.a
[847/1183] Linking C static library esp-idf\soc\libsoc.a
[848/1183] Linking C static library esp-idf\heap\libheap.a
[849/1183] Linking C static library esp-idf\log\liblog.a
[850/1183] Linking C static library esp-idf\hal\libhal.a
[851/1183] Linking C static library esp-idf\esp_rom\libesp_rom.a
[852/1183] Linking C static library esp-idf\esp_common\libesp_common.a
[853/1183] Linking C static library esp-idf\esp_system\libesp_system.a
[854/1183] Linking C static library esp-idf\spi_flash\libspi_flash.a
[855/1183] Linking C static library esp-idf\esp_mm\libesp_mm.a
[856/1183] Linking C static library esp-idf\bootloader_support\libbootloader_support.a
[857/1183] Linking C static library esp-idf\efuse\libefuse.a
[858/1183] Linking C static library esp-idf\esp_partition\libesp_partition.a
[859/1183] Linking C static library esp-idf\app_update\libapp_update.a
[860/1183] Linking C static library esp-idf\esp_bootloader_format\libesp_bootloader_format.a
[861/1183] Linking C static library esp-idf\esp_app_format\libesp_app_format.a
[862/1183] Linking CXX static library esp-idf\mbedtls\mbedtls\library\libmbedtls.a
[863/1183] Linking CXX static library esp-idf\mbedtls\mbedtls\library\libmbedx509.a
[864/1183] Linking CXX static library esp-idf\mbedtls\mbedtls\library\libmbedcrypto.a
[865/1183] Linking CXX static library esp-idf\mbedtls\mbedtls\3rdparty\p256-m\libp256m.a
[866/1183] Linking CXX static library esp-idf\mbedtls\mbedtls\3rdparty\everest\libeverest.a
[867/1183] Generating x509_crt_bundle
[868/1183] Generating ../../x509_crt_bundle.S
[869/1183] Building ASM object esp-idf/mbedtls/CMakeFiles/__idf_mbedtls.dir/__/__/x509_crt_bundle.S.obj
[870/1183] Building C object esp-idf/esp_pm/CMakeFiles/__idf_esp_pm.dir/pm_trace.c.obj
[871/1183] Building C object esp-idf/esp_pm/CMakeFiles/__idf_esp_pm.dir/pm_impl.c.obj
[872/1183] Building C object esp-idf/mbedtls/CMakeFiles/__idf_mbedtls.dir/esp_crt_bundle/esp_crt_bundle.c.obj
[873/1183] Building C object esp-idf/esp_driver_gpio/CMakeFiles/__idf_esp_driver_gpio.dir/src/dedic_gpio.c.obj
[874/1183] Building C object esp-idf/esp_pm/CMakeFiles/__idf_esp_pm.dir/pm_locks.c.obj
[875/1183] Building C object esp-idf/esp_driver_gpio/CMakeFiles/__idf_esp_driver_gpio.dir/src/gpio_etm.c.obj
[876/1183] Building C object esp-idf/riscv/CMakeFiles/__idf_riscv.dir/interrupt.c.obj
[877/1183] Building C object esp-idf/esp_driver_gpio/CMakeFiles/__idf_esp_driver_gpio.dir/src/gpio_glitch_filter_ops.c.obj
[878/1183] Building C object esp-idf/esp_driver_gpio/CMakeFiles/__idf_esp_driver_gpio.dir/src/gpio.c.obj
[879/1183] Building C object esp-idf/riscv/CMakeFiles/__idf_riscv.dir/instruction_decode.c.obj
[880/1183] Building ASM object esp-idf/riscv/CMakeFiles/__idf_riscv.dir/vectors.S.obj
[881/1183] Building C object esp-idf/esp_driver_gpio/CMakeFiles/__idf_esp_driver_gpio.dir/src/gpio_pin_glitch_filter.c.obj
[882/1183] Building C object esp-idf/esp_driver_gpio/CMakeFiles/__idf_esp_driver_gpio.dir/src/gpio_flex_glitch_filter.c.obj
[883/1183] Building C object esp-idf/esp_driver_gpio/CMakeFiles/__idf_esp_driver_gpio.dir/src/rtc_io.c.obj
[884/1183] Building ASM object esp-idf/riscv/CMakeFiles/__idf_riscv.dir/vectors_intc.S.obj
[885/1183] Building C object esp-idf/riscv/CMakeFiles/__idf_riscv.dir/rv_utils.c.obj
[886/1183] Building C object esp-idf/riscv/CMakeFiles/__idf_riscv.dir/interrupt_plic.c.obj
[887/1183] Building C object esp-idf/bt/CMakeFiles/__idf_bt.dir/controller/esp32c6/ble.c.obj
[888/1183] Building C object esp-idf/bt/CMakeFiles/__idf_bt.dir/common/btc/core/btc_alarm.c.obj
[889/1183] Building C object esp-idf/bt/CMakeFiles/__idf_bt.dir/controller/esp32c6/bt.c.obj
[890/1183] Building C object esp-idf/bt/CMakeFiles/__idf_bt.dir/common/api/esp_blufi_api.c.obj
[891/1183] Building C object esp-idf/bt/CMakeFiles/__idf_bt.dir/common/btc/core/btc_manage.c.obj
[892/1183] Building C object esp-idf/bt/CMakeFiles/__idf_bt.dir/common/btc/core/btc_task.c.obj
[893/1183] Building C object esp-idf/bt/CMakeFiles/__idf_bt.dir/common/hci_log/bt_hci_log.c.obj
[894/1183] Building C object esp-idf/bt/CMakeFiles/__idf_bt.dir/common/btc/profile/esp/blufi/blufi_protocol.c.obj
[895/1183] Building C object esp-idf/bt/CMakeFiles/__idf_bt.dir/common/osi/buffer.c.obj
[896/1183] Building C object esp-idf/bt/CMakeFiles/__idf_bt.dir/common/btc/profile/esp/blufi/blufi_prf.c.obj
[897/1183] Building C object esp-idf/bt/CMakeFiles/__idf_bt.dir/common/osi/config.c.obj
[898/1183] Building C object esp-idf/bt/CMakeFiles/__idf_bt.dir/common/osi/alarm.c.obj
[899/1183] Building C object esp-idf/bt/CMakeFiles/__idf_bt.dir/common/osi/fixed_queue.c.obj
[900/1183] Building C object esp-idf/bt/CMakeFiles/__idf_bt.dir/common/osi/pkt_queue.c.obj
[901/1183] Building C object esp-idf/bt/CMakeFiles/__idf_bt.dir/common/osi/allocator.c.obj
[902/1183] Building C object esp-idf/bt/CMakeFiles/__idf_bt.dir/common/osi/fixed_pkt_queue.c.obj
[903/1183] Building C object esp-idf/bt/CMakeFiles/__idf_bt.dir/common/osi/hash_map.c.obj
[904/1183] Building C object esp-idf/bt/CMakeFiles/__idf_bt.dir/common/osi/list.c.obj
[905/1183] Building C object esp-idf/bt/CMakeFiles/__idf_bt.dir/common/osi/future.c.obj
[906/1183] Building C object esp-idf/bt/CMakeFiles/__idf_bt.dir/common/osi/mutex.c.obj
[907/1183] Building C object esp-idf/bt/CMakeFiles/__idf_bt.dir/common/osi/hash_functions.c.obj
[908/1183] Building C object esp-idf/bt/CMakeFiles/__idf_bt.dir/common/osi/thread.c.obj
[909/1183] Building C object esp-idf/bt/CMakeFiles/__idf_bt.dir/common/osi/osi.c.obj
[910/1183] Building C object esp-idf/bt/CMakeFiles/__idf_bt.dir/common/osi/semaphore.c.obj
[911/1183] Building C object esp-idf/bt/CMakeFiles/__idf_bt.dir/porting/mem/bt_osi_mem.c.obj
[912/1183] Linking C static library esp-idf\mbedtls\libmbedtls.a
[913/1183] Building C object esp-idf/bt/CMakeFiles/__idf_bt.dir/common/ble_log/ble_log_spi_out.c.obj
[914/1183] Building C object esp-idf/bt/CMakeFiles/__idf_bt.dir/porting/transport/src/hci_transport.c.obj
[915/1183] Building C object esp-idf/bt/CMakeFiles/__idf_bt.dir/porting/mem/os_msys_init.c.obj
[916/1183] Building C object esp-idf/bt/CMakeFiles/__idf_bt.dir/host/nimble/nimble/nimble/transport/src/transport.c.obj
[917/1183] Building C object esp-idf/bt/CMakeFiles/__idf_bt.dir/porting/npl/freertos/src/npl_os_freertos.c.obj
[918/1183] Building C object esp-idf/bt/CMakeFiles/__idf_bt.dir/porting/transport/driver/vhci/hci_driver_nimble.c.obj
[919/1183] Building C object esp-idf/bt/CMakeFiles/__idf_bt.dir/host/nimble/nimble/nimble/transport/esp_ipc/src/hci_esp_ipc.c.obj
[920/1183] Building C object esp-idf/bt/CMakeFiles/__idf_bt.dir/common/ble_log/ble_log_uhci_out.c.obj
[921/1183] Building C object esp-idf/bt/CMakeFiles/__idf_bt.dir/host/nimble/nimble/nimble/host/util/src/addr.c.obj
[922/1183] Building C object esp-idf/bt/CMakeFiles/__idf_bt.dir/host/nimble/nimble/nimble/host/services/gatt/src/ble_svc_gatt.c.obj
[923/1183] Building C object esp-idf/bt/CMakeFiles/__idf_bt.dir/host/nimble/nimble/nimble/host/services/tps/src/ble_svc_tps.c.obj
[924/1183] Building C object esp-idf/bt/CMakeFiles/__idf_bt.dir/host/nimble/nimble/nimble/host/services/ias/src/ble_svc_ias.c.obj
[925/1183] Building C object esp-idf/bt/CMakeFiles/__idf_bt.dir/host/nimble/nimble/nimble/host/services/ipss/src/ble_svc_ipss.c.obj
[926/1183] Building C object esp-idf/bt/CMakeFiles/__idf_bt.dir/host/nimble/nimble/nimble/host/services/ans/src/ble_svc_ans.c.obj
[927/1183] Building C object esp-idf/bt/CMakeFiles/__idf_bt.dir/host/nimble/nimble/nimble/host/services/hr/src/ble_svc_hr.c.obj
[928/1183] Building C object esp-idf/bt/CMakeFiles/__idf_bt.dir/host/nimble/nimble/nimble/host/services/htp/src/ble_svc_htp.c.obj
[929/1183] Building C object esp-idf/bt/CMakeFiles/__idf_bt.dir/host/nimble/nimble/nimble/host/services/dis/src/ble_svc_dis.c.obj
[930/1183] Building C object esp-idf/bt/CMakeFiles/__idf_bt.dir/host/nimble/nimble/nimble/host/services/lls/src/ble_svc_lls.c.obj
[931/1183] Building C object esp-idf/bt/CMakeFiles/__idf_bt.dir/host/nimble/nimble/nimble/host/services/gap/src/ble_svc_gap.c.obj
[932/1183] Building C object esp-idf/bt/CMakeFiles/__idf_bt.dir/host/nimble/nimble/nimble/host/services/hid/src/ble_svc_hid.c.obj
[933/1183] Building C object esp-idf/bt/CMakeFiles/__idf_bt.dir/host/nimble/nimble/nimble/host/services/bas/src/ble_svc_bas.c.obj
[934/1183] Building C object esp-idf/bt/CMakeFiles/__idf_bt.dir/host/nimble/nimble/nimble/host/services/cts/src/ble_svc_cts.c.obj
[935/1183] Building C object esp-idf/bt/CMakeFiles/__idf_bt.dir/host/nimble/nimble/nimble/host/services/prox/src/ble_svc_prox.c.obj
[936/1183] Building C object esp-idf/bt/CMakeFiles/__idf_bt.dir/host/nimble/nimble/nimble/host/src/ble_hs_shutdown.c.obj
[937/1183] Building C object esp-idf/bt/CMakeFiles/__idf_bt.dir/host/nimble/nimble/nimble/host/services/sps/src/ble_svc_sps.c.obj
[938/1183] Building C object esp-idf/bt/CMakeFiles/__idf_bt.dir/host/nimble/nimble/nimble/host/services/cte/src/ble_svc_cte.c.obj
[939/1183] Building C object esp-idf/bt/CMakeFiles/__idf_bt.dir/host/nimble/nimble/nimble/host/src/ble_store_util.c.obj
[940/1183] Building C object esp-idf/bt/CMakeFiles/__idf_bt.dir/host/nimble/nimble/nimble/host/src/ble_sm.c.obj
[941/1183] Building C object esp-idf/bt/CMakeFiles/__idf_bt.dir/host/nimble/nimble/nimble/host/src/ble_l2cap_sig_cmd.c.obj
[942/1183] Building C object esp-idf/bt/CMakeFiles/__idf_bt.dir/host/nimble/nimble/nimble/host/src/ble_hs_conn.c.obj
[943/1183] Building C object esp-idf/bt/CMakeFiles/__idf_bt.dir/host/nimble/nimble/nimble/host/src/ble_hs_hci_cmd.c.obj
[944/1183] Building C object esp-idf/bt/CMakeFiles/__idf_bt.dir/host/nimble/nimble/nimble/host/src/ble_gatts_lcl.c.obj
[945/1183] Building C object esp-idf/bt/CMakeFiles/__idf_bt.dir/host/nimble/nimble/nimble/host/src/ble_att_svr.c.obj
[946/1183] Building C object esp-idf/bt/CMakeFiles/__idf_bt.dir/host/nimble/nimble/nimble/host/src/ble_ibeacon.c.obj
[947/1183] Linking C static library esp-idf\esp_pm\libesp_pm.a
[948/1183] Building C object esp-idf/bt/CMakeFiles/__idf_bt.dir/host/nimble/nimble/nimble/host/src/ble_hs_id.c.obj
[949/1183] Building C object esp-idf/bt/CMakeFiles/__idf_bt.dir/host/nimble/nimble/nimble/host/src/ble_hs_atomic.c.obj
[950/1183] Building C object esp-idf/bt/CMakeFiles/__idf_bt.dir/host/nimble/nimble/nimble/host/src/ble_hs_hci_evt.c.obj
[951/1183] Building C object esp-idf/bt/CMakeFiles/__idf_bt.dir/host/nimble/nimble/nimble/host/src/ble_sm_alg.c.obj
[952/1183] Building C object esp-idf/bt/CMakeFiles/__idf_bt.dir/host/nimble/nimble/nimble/host/src/ble_hs_stop.c.obj
[953/1183] Building C object esp-idf/bt/CMakeFiles/__idf_bt.dir/host/nimble/nimble/nimble/host/src/ble_hs.c.obj
[954/1183] Building C object esp-idf/bt/CMakeFiles/__idf_bt.dir/host/nimble/nimble/nimble/host/src/ble_ead.c.obj
[955/1183] Building C object esp-idf/bt/CMakeFiles/__idf_bt.dir/host/nimble/nimble/nimble/host/src/ble_gattc.c.obj
[956/1183] Building C object esp-idf/bt/CMakeFiles/__idf_bt.dir/host/nimble/nimble/nimble/host/src/ble_hs_periodic_sync.c.obj
[957/1183] Building C object esp-idf/bt/CMakeFiles/__idf_bt.dir/host/nimble/nimble/nimble/host/src/ble_aes_ccm.c.obj
[958/1183] Building C object esp-idf/bt/CMakeFiles/__idf_bt.dir/host/nimble/nimble/nimble/host/src/ble_hs_mqueue.c.obj
[959/1183] Building C object esp-idf/bt/CMakeFiles/__idf_bt.dir/host/nimble/nimble/nimble/host/src/ble_att.c.obj
[960/1183] Building C object esp-idf/bt/CMakeFiles/__idf_bt.dir/host/nimble/nimble/nimble/host/src/ble_sm_lgcy.c.obj
[961/1183] Building C object esp-idf/bt/CMakeFiles/__idf_bt.dir/host/nimble/nimble/nimble/host/src/ble_hs_cfg.c.obj
[962/1183] Building C object esp-idf/bt/CMakeFiles/__idf_bt.dir/host/nimble/nimble/nimble/host/src/ble_store.c.obj
[963/1183] Building C object esp-idf/bt/CMakeFiles/__idf_bt.dir/host/nimble/nimble/nimble/host/src/ble_att_clt.c.obj
[964/1183] Building C object esp-idf/bt/CMakeFiles/__idf_bt.dir/host/nimble/nimble/nimble/host/src/ble_l2cap_coc.c.obj
[965/1183] Building C object esp-idf/bt/CMakeFiles/__idf_bt.dir/host/nimble/nimble/nimble/host/src/ble_hs_log.c.obj
[966/1183] Building C object esp-idf/bt/CMakeFiles/__idf_bt.dir/host/nimble/nimble/nimble/host/src/ble_hs_mbuf.c.obj
[967/1183] Building C object esp-idf/bt/CMakeFiles/__idf_bt.dir/host/nimble/nimble/nimble/host/src/ble_att_cmd.c.obj
[968/1183] Building C object esp-idf/bt/CMakeFiles/__idf_bt.dir/host/nimble/nimble/nimble/host/src/ble_l2cap_sig.c.obj
[969/1183] Building C object esp-idf/bt/CMakeFiles/__idf_bt.dir/host/nimble/nimble/nimble/host/src/ble_hs_startup.c.obj
[970/1183] Building C object esp-idf/bt/CMakeFiles/__idf_bt.dir/host/nimble/nimble/nimble/host/src/ble_eddystone.c.obj
[971/1183] Building C object esp-idf/bt/CMakeFiles/__idf_bt.dir/host/nimble/nimble/nimble/host/src/ble_gap.c.obj
[972/1183] Building C object esp-idf/bt/CMakeFiles/__idf_bt.dir/host/nimble/nimble/nimble/host/src/ble_sm_cmd.c.obj
[973/1183] Building C object esp-idf/bt/CMakeFiles/__idf_bt.dir/host/nimble/nimble/nimble/host/src/ble_hs_flow.c.obj
[974/1183] Building C object esp-idf/bt/CMakeFiles/__idf_bt.dir/host/nimble/nimble/nimble/host/src/ble_hs_pvcy.c.obj
[975/1183] Building C object esp-idf/bt/CMakeFiles/__idf_bt.dir/host/nimble/nimble/nimble/host/src/ble_uuid.c.obj
[976/1183] Building C object esp-idf/bt/CMakeFiles/__idf_bt.dir/host/nimble/nimble/nimble/host/src/ble_sm_sc.c.obj
[977/1183] Linking C static library esp-idf\esp_driver_gpio\libesp_driver_gpio.a
[978/1183] Building C object esp-idf/bt/CMakeFiles/__idf_bt.dir/host/nimble/nimble/nimble/host/src/ble_hs_resolv.c.obj
[979/1183] Building C object esp-idf/bt/CMakeFiles/__idf_bt.dir/host/nimble/nimble/nimble/host/src/ble_l2cap.c.obj
[980/1183] Building C object esp-idf/bt/CMakeFiles/__idf_bt.dir/host/nimble/nimble/nimble/host/src/ble_hs_misc.c.obj
[981/1183] Building C object esp-idf/bt/CMakeFiles/__idf_bt.dir/host/nimble/nimble/nimble/host/src/ble_gatts.c.obj
[982/1183] Building C object esp-idf/bt/CMakeFiles/__idf_bt.dir/host/nimble/nimble/nimble/host/store/config/src/ble_store_nvs.c.obj
[983/1183] Building C object esp-idf/bt/CMakeFiles/__idf_bt.dir/host/nimble/nimble/nimble/host/src/ble_hs_adv.c.obj
[984/1183] Building C object esp-idf/bt/CMakeFiles/__idf_bt.dir/host/nimble/nimble/nimble/host/src/ble_hs_hci.c.obj
[985/1183] Building C object esp-idf/bt/CMakeFiles/__idf_bt.dir/host/nimble/nimble/nimble/host/src/ble_eatt.c.obj
[986/1183] Building C object esp-idf/bt/CMakeFiles/__idf_bt.dir/host/nimble/nimble/nimble/host/src/ble_hs_hci_util.c.obj
[987/1183] Building C object esp-idf/bt/CMakeFiles/__idf_bt.dir/host/nimble/nimble/nimble/host/store/ram/src/ble_store_ram.c.obj
[988/1183] Building C object esp-idf/bt/CMakeFiles/__idf_bt.dir/host/nimble/nimble/nimble/host/store/config/src/ble_store_config.c.obj
[989/1183] Building C object esp-idf/bt/CMakeFiles/__idf_bt.dir/host/nimble/port/src/nvs_port.c.obj
[990/1183] Building C object esp-idf/bt/CMakeFiles/__idf_bt.dir/host/nimble/nimble/nimble/host/src/ble_gattc_cache.c.obj
[991/1183] Building C object esp-idf/bt/CMakeFiles/__idf_bt.dir/host/nimble/nimble/nimble/host/src/ble_gattc_cache_conn.c.obj
[992/1183] Building C object esp-idf/bt/CMakeFiles/__idf_bt.dir/host/nimble/nimble/porting/npl/freertos/src/nimble_port_freertos.c.obj
[993/1183] Building C object esp-idf/console/CMakeFiles/__idf_console.dir/split_argv.c.obj
[994/1183] Building C object esp-idf/bt/CMakeFiles/__idf_bt.dir/host/nimble/nimble/porting/nimble/src/nimble_port.c.obj
[995/1183] Building C object esp-idf/console/CMakeFiles/__idf_console.dir/commands.c.obj
[996/1183] Building C object esp-idf/console/CMakeFiles/__idf_console.dir/argtable3/arg_file.c.obj
[997/1183] Building C object esp-idf/console/CMakeFiles/__idf_console.dir/argtable3/arg_cmd.c.obj
[998/1183] Building C object esp-idf/bt/CMakeFiles/__idf_bt.dir/common/btc/profile/esp/blufi/nimble_host/esp_blufi.c.obj
[999/1183] Building C object esp-idf/console/CMakeFiles/__idf_console.dir/argtable3/arg_end.c.obj
[1000/1183] Building C object esp-idf/console/CMakeFiles/__idf_console.dir/esp_console_repl_internal.c.obj
[1001/1183] Building C object esp-idf/console/CMakeFiles/__idf_console.dir/esp_console_common.c.obj
[1002/1183] Building C object esp-idf/console/CMakeFiles/__idf_console.dir/linenoise/linenoise.c.obj
[1003/1183] Building C object esp-idf/console/CMakeFiles/__idf_console.dir/argtable3/arg_dbl.c.obj
[1004/1183] Building C object esp-idf/console/CMakeFiles/__idf_console.dir/esp_console_repl_chip.c.obj
[1005/1183] Linking C static library esp-idf\riscv\libriscv.a
[1006/1183] Building C object esp-idf/console/CMakeFiles/__idf_console.dir/argtable3/arg_int.c.obj
[1007/1183] Building C object esp-idf/console/CMakeFiles/__idf_console.dir/argtable3/arg_date.c.obj
[1008/1183] Building C object esp-idf/console/CMakeFiles/__idf_console.dir/argtable3/arg_dstr.c.obj
[1009/1183] Building C object esp-idf/console/CMakeFiles/__idf_console.dir/argtable3/arg_lit.c.obj
[1010/1183] Building C object esp-idf/console/CMakeFiles/__idf_console.dir/argtable3/arg_rem.c.obj
[1011/1183] Building C object esp-idf/console/CMakeFiles/__idf_console.dir/argtable3/arg_hashtable.c.obj
[1012/1183] Building C object esp-idf/console/CMakeFiles/__idf_console.dir/argtable3/arg_rex.c.obj
[1013/1183] Building C object esp-idf/console/CMakeFiles/__idf_console.dir/argtable3/arg_str.c.obj
[1014/1183] Building C object esp-idf/console/CMakeFiles/__idf_console.dir/argtable3/arg_utils.c.obj
[1015/1183] Building C object esp-idf/console/CMakeFiles/__idf_console.dir/argtable3/argtable3.c.obj
[1016/1183] Building C object esp-idf/protobuf-c/CMakeFiles/__idf_protobuf-c.dir/protobuf-c/protobuf-c/protobuf-c.c.obj
[1017/1183] Building C object esp-idf/ieee802154/CMakeFiles/__idf_ieee802154.dir/esp_ieee802154.c.obj
[1018/1183] Building C object esp-idf/ieee802154/CMakeFiles/__idf_ieee802154.dir/driver/esp_ieee802154_ack.c.obj
[1019/1183] Building C object esp-idf/ieee802154/CMakeFiles/__idf_ieee802154.dir/driver/esp_ieee802154_dev.c.obj
[1020/1183] Building C object esp-idf/ieee802154/CMakeFiles/__idf_ieee802154.dir/driver/esp_ieee802154_event.c.obj
[1021/1183] Building C object esp-idf/ieee802154/CMakeFiles/__idf_ieee802154.dir/driver/esp_ieee802154_frame.c.obj
[1022/1183] Building C object esp-idf/ieee802154/CMakeFiles/__idf_ieee802154.dir/driver/esp_ieee802154_pib.c.obj
[1023/1183] Building C object esp-idf/ieee802154/CMakeFiles/__idf_ieee802154.dir/driver/esp_ieee802154_util.c.obj
[1024/1183] Building C object esp-idf/ieee802154/CMakeFiles/__idf_ieee802154.dir/driver/esp_ieee802154_sec.c.obj
[1025/1183] Building C object esp-idf/ieee802154/CMakeFiles/__idf_ieee802154.dir/driver/esp_ieee802154_timer.c.obj
[1026/1183] Building C object esp-idf/unity/CMakeFiles/__idf_unity.dir/unity/src/unity.c.obj
[1027/1183] Building C object esp-idf/unity/CMakeFiles/__idf_unity.dir/unity_compat.c.obj
[1028/1183] Building C object esp-idf/unity/CMakeFiles/__idf_unity.dir/unity_runner.c.obj
[1029/1183] Building C object esp-idf/unity/CMakeFiles/__idf_unity.dir/unity_utils_cache.c.obj
[1030/1183] Building C object esp-idf/unity/CMakeFiles/__idf_unity.dir/unity_utils_memory.c.obj
[1031/1183] Building C object esp-idf/unity/CMakeFiles/__idf_unity.dir/unity_port_esp32.c.obj
[1032/1183] Building C object esp-idf/unity/CMakeFiles/__idf_unity.dir/port/esp/unity_utils_memory_esp.c.obj
[1033/1183] Building C object esp-idf/protocomm/CMakeFiles/__idf_protocomm.dir/src/common/protocomm.c.obj
[1034/1183] Building C object esp-idf/protocomm/CMakeFiles/__idf_protocomm.dir/proto-c/constants.pb-c.c.obj
[1035/1183] Building C object esp-idf/protocomm/CMakeFiles/__idf_protocomm.dir/proto-c/sec0.pb-c.c.obj
[1036/1183] Building C object esp-idf/protocomm/CMakeFiles/__idf_protocomm.dir/proto-c/sec1.pb-c.c.obj
[1037/1183] Building C object esp-idf/unity/CMakeFiles/__idf_unity.dir/unity_utils_freertos.c.obj
[1038/1183] Building C object esp-idf/protocomm/CMakeFiles/__idf_protocomm.dir/proto-c/sec2.pb-c.c.obj
[1039/1183] Building C object esp-idf/protocomm/CMakeFiles/__idf_protocomm.dir/proto-c/session.pb-c.c.obj
[1040/1183] Building C object esp-idf/protocomm/CMakeFiles/__idf_protocomm.dir/src/transports/protocomm_console.c.obj
[1041/1183] Building C object esp-idf/protocomm/CMakeFiles/__idf_protocomm.dir/src/transports/protocomm_httpd.c.obj
[1042/1183] Building C object esp-idf/protocomm/CMakeFiles/__idf_protocomm.dir/src/security/security0.c.obj
[1043/1183] Building C object esp-idf/esp_https_server/CMakeFiles/__idf_esp_https_server.dir/src/https_server.c.obj
[1044/1183] Building C object esp-idf/protocomm/CMakeFiles/__idf_protocomm.dir/src/security/security1.c.obj
[1045/1183] Building C object esp-idf/protocomm/CMakeFiles/__idf_protocomm.dir/src/security/security2.c.obj
[1046/1183] Building C object esp-idf/protocomm/CMakeFiles/__idf_protocomm.dir/src/crypto/srp6a/esp_srp.c.obj
[1047/1183] Building C object esp-idf/protocomm/CMakeFiles/__idf_protocomm.dir/src/crypto/srp6a/esp_srp_mpi.c.obj
[1048/1183] Building CXX object esp-idf/wear_levelling/CMakeFiles/__idf_wear_levelling.dir/Partition.cpp.obj
[1049/1183] Building CXX object esp-idf/wear_levelling/CMakeFiles/__idf_wear_levelling.dir/SPI_Flash.cpp.obj
[1050/1183] Linking C static library esp-idf\protobuf-c\libprotobuf-c.a
[1051/1183] Building CXX object esp-idf/wear_levelling/CMakeFiles/__idf_wear_levelling.dir/WL_Ext_Perf.cpp.obj
[1052/1183] Building CXX object esp-idf/wear_levelling/CMakeFiles/__idf_wear_levelling.dir/WL_Ext_Safe.cpp.obj
[1053/1183] Building CXX object esp-idf/wear_levelling/CMakeFiles/__idf_wear_levelling.dir/WL_Flash.cpp.obj
[1054/1183] Building CXX object esp-idf/wear_levelling/CMakeFiles/__idf_wear_levelling.dir/crc32.cpp.obj
[1055/1183] Building CXX object esp-idf/wear_levelling/CMakeFiles/__idf_wear_levelling.dir/wear_levelling.cpp.obj
[1056/1183] Building C object esp-idf/json/CMakeFiles/__idf_json.dir/cJSON/cJSON.c.obj
[1057/1183] Building C object esp-idf/json/CMakeFiles/__idf_json.dir/cJSON/cJSON_Utils.c.obj
[1058/1183] Building C object esp-idf/protocomm/CMakeFiles/__idf_protocomm.dir/src/transports/protocomm_nimble.c.obj
[1059/1183] Building C object esp-idf/spiffs/CMakeFiles/__idf_spiffs.dir/spiffs_api.c.obj
[1060/1183] Building C object esp-idf/spiffs/CMakeFiles/__idf_spiffs.dir/spiffs/src/spiffs_cache.c.obj
[1061/1183] Building C object esp-idf/spiffs/CMakeFiles/__idf_spiffs.dir/spiffs/src/spiffs_check.c.obj
[1062/1183] Building C object esp-idf/spiffs/CMakeFiles/__idf_spiffs.dir/spiffs/src/spiffs_gc.c.obj
[1063/1183] Building C object esp-idf/spiffs/CMakeFiles/__idf_spiffs.dir/spiffs/src/spiffs_hydrogen.c.obj
[1064/1183] Building C object esp-idf/spiffs/CMakeFiles/__idf_spiffs.dir/spiffs/src/spiffs_nucleus.c.obj
[1065/1183] Linking C static library esp-idf\console\libconsole.a
[1066/1183] Building C object esp-idf/spiffs/CMakeFiles/__idf_spiffs.dir/esp_spiffs.c.obj
[1067/1183] Building C object esp-idf/int_drivers/CMakeFiles/__idf_int_drivers.dir/switch_driver.c.obj
[1068/1183] Building C object esp-idf/espressif__esp-zigbee-lib/CMakeFiles/__idf_espressif__esp-zigbee-lib.dir/src/compat/esp_log.c.obj
[1069/1183] Building C object esp-idf/espressif__led_strip/CMakeFiles/__idf_espressif__led_strip.dir/src/led_strip_api.c.obj
[1070/1183] Building C object esp-idf/espressif__led_strip/CMakeFiles/__idf_espressif__led_strip.dir/src/led_strip_rmt_dev.c.obj
[1071/1183] Building C object esp-idf/espressif__led_strip/CMakeFiles/__idf_espressif__led_strip.dir/src/led_strip_rmt_encoder.c.obj
[1072/1183] Building C object esp-idf/app_trace/CMakeFiles/__idf_app_trace.dir/app_trace.c.obj
[1073/1183] Building C object esp-idf/app_trace/CMakeFiles/__idf_app_trace.dir/app_trace_util.c.obj
[1074/1183] Building C object esp-idf/app_trace/CMakeFiles/__idf_app_trace.dir/host_file_io.c.obj
[1075/1183] Building C object esp-idf/app_trace/CMakeFiles/__idf_app_trace.dir/port/port_uart.c.obj
[1076/1183] Building C object esp-idf/cmock/CMakeFiles/__idf_cmock.dir/CMock/src/cmock.c.obj
[1077/1183] Building C object esp-idf/esp_driver_cam/CMakeFiles/__idf_esp_driver_cam.dir/esp_cam_ctlr.c.obj
[1078/1183] Building C object esp-idf/esp_driver_cam/CMakeFiles/__idf_esp_driver_cam.dir/dvp_share_ctrl.c.obj
[1079/1183] Building C object esp-idf/esp_eth/CMakeFiles/__idf_esp_eth.dir/src/esp_eth.c.obj
[1080/1183] Building C object esp-idf/esp_eth/CMakeFiles/__idf_esp_eth.dir/src/phy/esp_eth_phy_802_3.c.obj
[1081/1183] Building C object esp-idf/esp_eth/CMakeFiles/__idf_esp_eth.dir/src/esp_eth_netif_glue.c.obj
[1082/1183] Building C object esp-idf/esp_hid/CMakeFiles/__idf_esp_hid.dir/src/esp_hidd.c.obj
[1083/1183] Building C object esp-idf/esp_hid/CMakeFiles/__idf_esp_hid.dir/src/esp_hidh.c.obj
[1084/1183] Building C object esp-idf/esp_hid/CMakeFiles/__idf_esp_hid.dir/src/esp_hid_common.c.obj
[1085/1183] Building C object esp-idf/esp_lcd/CMakeFiles/__idf_esp_lcd.dir/src/esp_lcd_common.c.obj
[1086/1183] Linking C static library esp-idf\ieee802154\libieee802154.a
[1087/1183] Building C object esp-idf/esp_lcd/CMakeFiles/__idf_esp_lcd.dir/src/esp_lcd_panel_io.c.obj
[1088/1183] Building C object esp-idf/esp_hid/CMakeFiles/__idf_esp_hid.dir/src/nimble_hidh.c.obj
[1089/1183] Building C object esp-idf/esp_hid/CMakeFiles/__idf_esp_hid.dir/src/nimble_hidd.c.obj
[1090/1183] Building C object esp-idf/esp_lcd/CMakeFiles/__idf_esp_lcd.dir/src/esp_lcd_panel_nt35510.c.obj
[1091/1183] Building C object esp-idf/esp_lcd/CMakeFiles/__idf_esp_lcd.dir/src/esp_lcd_panel_ssd1306.c.obj
[1092/1183] Building C object esp-idf/esp_lcd/CMakeFiles/__idf_esp_lcd.dir/src/esp_lcd_panel_ops.c.obj
[1093/1183] Building C object esp-idf/esp_lcd/CMakeFiles/__idf_esp_lcd.dir/src/esp_lcd_panel_st7789.c.obj
[1094/1183] Building C object esp-idf/esp_lcd/CMakeFiles/__idf_esp_lcd.dir/i2c/esp_lcd_panel_io_i2c_v1.c.obj
[1095/1183] Building C object esp-idf/espcoredump/CMakeFiles/__idf_espcoredump.dir/src/core_dump_init.c.obj
[1096/1183] Linking C static library esp-idf\unity\libunity.a
[1097/1183] Building C object esp-idf/esp_lcd/CMakeFiles/__idf_esp_lcd.dir/i2c/esp_lcd_panel_io_i2c_v2.c.obj
[1098/1183] Building C object esp-idf/esp_lcd/CMakeFiles/__idf_esp_lcd.dir/spi/esp_lcd_panel_io_spi.c.obj
[1099/1183] Linking C static library esp-idf\bt\libbt.a
[1100/1183] Building C object esp-idf/esp_local_ctrl/CMakeFiles/__idf_esp_local_ctrl.dir/proto-c/esp_local_ctrl.pb-c.c.obj
[1101/1183] Building C object esp-idf/esp_local_ctrl/CMakeFiles/__idf_esp_local_ctrl.dir/src/esp_local_ctrl_transport_ble.c.obj
[1102/1183] Building C object esp-idf/esp_local_ctrl/CMakeFiles/__idf_esp_local_ctrl.dir/src/esp_local_ctrl.c.obj
[1103/1183] Building C object esp-idf/esp_local_ctrl/CMakeFiles/__idf_esp_local_ctrl.dir/src/esp_local_ctrl_handler.c.obj
[1104/1183] Linking C static library esp-idf\esp_https_server\libesp_https_server.a
[1105/1183] Building C object esp-idf/esp_local_ctrl/CMakeFiles/__idf_esp_local_ctrl.dir/src/esp_local_ctrl_transport_httpd.c.obj
[1106/1183] Building C object esp-idf/espcoredump/CMakeFiles/__idf_espcoredump.dir/src/core_dump_sha.c.obj
[1107/1183] Building C object esp-idf/espcoredump/CMakeFiles/__idf_espcoredump.dir/src/core_dump_common.c.obj
[1108/1183] Building C object esp-idf/espcoredump/CMakeFiles/__idf_espcoredump.dir/src/core_dump_elf.c.obj
[1109/1183] Building C object esp-idf/espcoredump/CMakeFiles/__idf_espcoredump.dir/src/core_dump_binary.c.obj
[1110/1183] Building C object esp-idf/espcoredump/CMakeFiles/__idf_espcoredump.dir/src/core_dump_crc.c.obj
[1111/1183] Building C object esp-idf/espcoredump/CMakeFiles/__idf_espcoredump.dir/src/core_dump_flash.c.obj
[1112/1183] Building C object esp-idf/espcoredump/CMakeFiles/__idf_espcoredump.dir/src/core_dump_uart.c.obj
[1113/1183] Building C object esp-idf/espcoredump/CMakeFiles/__idf_espcoredump.dir/src/port/riscv/core_dump_port.c.obj
[1114/1183] Building C object esp-idf/fatfs/CMakeFiles/__idf_fatfs.dir/diskio/diskio.c.obj
[1115/1183] Building C object esp-idf/fatfs/CMakeFiles/__idf_fatfs.dir/diskio/diskio_rawflash.c.obj
[1116/1183] Building C object esp-idf/fatfs/CMakeFiles/__idf_fatfs.dir/diskio/diskio_wl.c.obj
[1117/1183] Building C object esp-idf/fatfs/CMakeFiles/__idf_fatfs.dir/src/ff.c.obj
[1118/1183] Building C object esp-idf/fatfs/CMakeFiles/__idf_fatfs.dir/src/ffunicode.c.obj
[1119/1183] Building C object esp-idf/fatfs/CMakeFiles/__idf_fatfs.dir/port/freertos/ffsystem.c.obj
[1120/1183] Building C object esp-idf/fatfs/CMakeFiles/__idf_fatfs.dir/diskio/diskio_sdmmc.c.obj
[1121/1183] Building C object esp-idf/fatfs/CMakeFiles/__idf_fatfs.dir/vfs/vfs_fat_sdmmc.c.obj
[1122/1183] Building C object esp-idf/fatfs/CMakeFiles/__idf_fatfs.dir/vfs/vfs_fat.c.obj
[1123/1183] Building C object esp-idf/fatfs/CMakeFiles/__idf_fatfs.dir/vfs/vfs_fat_spiflash.c.obj
[1124/1183] Building C object esp-idf/nvs_sec_provider/CMakeFiles/__idf_nvs_sec_provider.dir/nvs_sec_provider.c.obj
[1125/1183] Building C object esp-idf/mqtt/CMakeFiles/__idf_mqtt.dir/esp-mqtt/lib/mqtt_outbox.c.obj
[1126/1183] Building C object esp-idf/mqtt/CMakeFiles/__idf_mqtt.dir/esp-mqtt/lib/mqtt_msg.c.obj
[1127/1183] Building C object esp-idf/mqtt/CMakeFiles/__idf_mqtt.dir/esp-mqtt/mqtt_client.c.obj
[1128/1183] Building C object esp-idf/rt/CMakeFiles/__idf_rt.dir/FreeRTOS_POSIX_mqueue.c.obj
[1129/1183] Building C object esp-idf/rt/CMakeFiles/__idf_rt.dir/FreeRTOS_POSIX_utils.c.obj
[1130/1183] Building C object esp-idf/mqtt/CMakeFiles/__idf_mqtt.dir/esp-mqtt/lib/platform_esp32_idf.c.obj
[1131/1183] Linking C static library esp-idf\wear_levelling\libwear_levelling.a
[1132/1183] Building C object esp-idf/wifi_provisioning/CMakeFiles/__idf_wifi_provisioning.dir/src/wifi_scan.c.obj
[1133/1183] Building C object esp-idf/wifi_provisioning/CMakeFiles/__idf_wifi_provisioning.dir/src/wifi_config.c.obj
[1134/1183] Building C object esp-idf/wifi_provisioning/CMakeFiles/__idf_wifi_provisioning.dir/src/wifi_ctrl.c.obj
[1135/1183] Building C object esp-idf/wifi_provisioning/CMakeFiles/__idf_wifi_provisioning.dir/proto-c/wifi_config.pb-c.c.obj
[1136/1183] Building C object esp-idf/wifi_provisioning/CMakeFiles/__idf_wifi_provisioning.dir/src/manager.c.obj
[1137/1183] Building C object esp-idf/wifi_provisioning/CMakeFiles/__idf_wifi_provisioning.dir/src/handlers.c.obj
[1138/1183] Building C object esp-idf/wifi_provisioning/CMakeFiles/__idf_wifi_provisioning.dir/proto-c/wifi_scan.pb-c.c.obj
[1139/1183] Linking C static library esp-idf\protocomm\libprotocomm.a
[1140/1183] Building C object esp-idf/wifi_provisioning/CMakeFiles/__idf_wifi_provisioning.dir/proto-c/wifi_ctrl.pb-c.c.obj
[1141/1183] Building C object esp-idf/wifi_provisioning/CMakeFiles/__idf_wifi_provisioning.dir/proto-c/wifi_constants.pb-c.c.obj
[1142/1183] Building C object esp-idf/wifi_provisioning/CMakeFiles/__idf_wifi_provisioning.dir/src/scheme_console.c.obj
[1143/1183] Linking C static library esp-idf\json\libjson.a
[1144/1183] Linking C static library esp-idf\spiffs\libspiffs.a
[1145/1183] Building C object esp-idf/wifi_provisioning/CMakeFiles/__idf_wifi_provisioning.dir/src/scheme_softap.c.obj
[1146/1183] Building C object esp-idf/wifi_provisioning/CMakeFiles/__idf_wifi_provisioning.dir/src/scheme_ble.c.obj
[1147/1183] Building C object esp-idf/main/CMakeFiles/__idf_main.dir/ble_service.c.obj
[1148/1183] Building C object esp-idf/main/CMakeFiles/__idf_main.dir/ble_handlers.c.obj
[1149/1183] Building C object esp-idf/main/CMakeFiles/__idf_main.dir/main.c.obj
[1150/1183] Building C object esp-idf/main/CMakeFiles/__idf_main.dir/wifi_task.c.obj
[1151/1183] Building C object esp-idf/main/CMakeFiles/__idf_main.dir/led_task.c.obj
[1152/1183] Building C object esp-idf/main/CMakeFiles/__idf_main.dir/button_task.c.obj
[1153/1183] Building C object esp-idf/main/CMakeFiles/__idf_main.dir/nvs_manager.c.obj
[1154/1183] Building C object esp-idf/main/CMakeFiles/__idf_main.dir/scheduler_task.c.obj
[1155/1183] Linking C static library esp-idf\int_drivers\libint_drivers.a
[1156/1183] Building C object esp-idf/main/CMakeFiles/__idf_main.dir/zigbee_task.c.obj
D:/Programing/esp-idf/projects/AiAgent/CLCode01/main/zigbee_task.c:730:13: warning: 'simple_desc_cb' defined but not used [-Wunused-function]
  730 | static void simple_desc_cb(esp_zb_zdp_status_t zdo_status, esp_zb_af_simple_desc_1_1_t *simple_desc, void *user_ctx)
      |             ^~~~~~~~~~~~~~
[1157/1183] Linking C static library esp-idf\espressif__led_strip\libespressif__led_strip.a
[1158/1183] Linking C static library esp-idf\espressif__esp-zigbee-lib\libespressif__esp-zigbee-lib.a
[1159/1183] Building C object esp-idf/main/CMakeFiles/__idf_main.dir/device_manager.c.obj
[1160/1183] Linking C static library esp-idf\cmock\libcmock.a
[1161/1183] Linking C static library esp-idf\esp_driver_cam\libesp_driver_cam.a
[1162/1183] Linking C static library esp-idf\app_trace\libapp_trace.a
[1163/1183] Linking C static library esp-idf\esp_hid\libesp_hid.a
[1164/1183] Linking C static library esp-idf\esp_eth\libesp_eth.a
[1165/1183] Linking C static library esp-idf\esp_local_ctrl\libesp_local_ctrl.a
[1166/1183] Linking C static library esp-idf\nvs_sec_provider\libnvs_sec_provider.a
[1167/1183] Linking C static library esp-idf\mqtt\libmqtt.a
[1168/1183] Linking C static library esp-idf\esp_lcd\libesp_lcd.a
[1169/1183] Linking C static library esp-idf\espcoredump\libespcoredump.a
[1170/1183] Linking C static library esp-idf\rt\librt.a
[1171/1183] Linking C static library esp-idf\fatfs\libfatfs.a
[1172/1183] Linking C static library esp-idf\wifi_provisioning\libwifi_provisioning.a
[1173/1183] Building C object esp-idf/main/CMakeFiles/__idf_main.dir/ble_task.c.obj
FAILED: esp-idf/main/CMakeFiles/__idf_main.dir/ble_task.c.obj 
ccache D:\Users\meren\.espressif\tools\riscv32-esp-elf\esp-14.2.0_20241119\riscv32-esp-elf\bin\riscv32-esp-elf-gcc.exe -DESP_PLATFORM -DIDF_VER=\"v5.5.1\" -DSOC_MMU_PAGE_SIZE=CONFIG_MMU_PAGE_SIZE -DSOC_XTAL_FREQ_MHZ=CONFIG_XTAL_FREQ -D_GLIBCXX_HAVE_POSIX_SEMAPHORE -D_GLIBCXX_USE_POSIX_SEMAPHORE -D_GNU_SOURCE -D_POSIX_READER_WRITER_LOCKS -ID:/Programing/esp-idf/projects/AiAgent/CLCode01/build/config -ID:/Programing/esp-idf/projects/AiAgent/CLCode01/main -ID:/Programing/esp-idf/v5.5.1/esp-idf/components/newlib/platform_include -ID:/Programing/esp-idf/v5.5.1/esp-idf/components/freertos/config/include -ID:/Programing/esp-idf/v5.5.1/esp-idf/components/freertos/config/include/freertos -ID:/Programing/esp-idf/v5.5.1/esp-idf/components/freertos/config/riscv/include -ID:/Programing/esp-idf/v5.5.1/esp-idf/components/freertos/FreeRTOS-Kernel/include -ID:/Programing/esp-idf/v5.5.1/esp-idf/components/freertos/FreeRTOS-Kernel/portable/riscv/include -ID:/Programing/esp-idf/v5.5.1/esp-idf/components/freertos/FreeRTOS-Kernel/portable/riscv/include/freertos -ID:/Programing/esp-idf/v5.5.1/esp-idf/components/freertos/esp_additions/include -ID:/Programing/esp-idf/v5.5.1/esp-idf/components/esp_hw_support/include -ID:/Programing/esp-idf/v5.5.1/esp-idf/components/esp_hw_support/include/soc -ID:/Programing/esp-idf/v5.5.1/esp-idf/components/esp_hw_support/include/soc/esp32c6 -ID:/Programing/esp-idf/v5.5.1/esp-idf/components/esp_hw_support/dma/include -ID:/Programing/esp-idf/v5.5.1/esp-idf/components/esp_hw_support/ldo/include -ID:/Programing/esp-idf/v5.5.1/esp-idf/components/esp_hw_support/debug_probe/include -ID:/Programing/esp-idf/v5.5.1/esp-idf/components/esp_hw_support/mspi_timing_tuning/include -ID:/Programing/esp-idf/v5.5.1/esp-idf/components/esp_hw_support/mspi_timing_tuning/tuning_scheme_impl/include -ID:/Programing/esp-idf/v5.5.1/esp-idf/components/esp_hw_support/power_supply/include -ID:/Programing/esp-idf/v5.5.1/esp-idf/components/esp_hw_support/port/esp32c6/. -ID:/Programing/esp-idf/v5.5.1/esp-idf/components/esp_hw_support/port/esp32c6/include -ID:/Programing/esp-idf/v5.5.1/esp-idf/components/esp_hw_support/port/esp32c6/private_include -ID:/Programing/esp-idf/v5.5.1/esp-idf/components/heap/include -ID:/Programing/esp-idf/v5.5.1/esp-idf/components/heap/tlsf -ID:/Programing/esp-idf/v5.5.1/esp-idf/components/log/include -ID:/Programing/esp-idf/v5.5.1/esp-idf/components/soc/include -ID:/Programing/esp-idf/v5.5.1/esp-idf/components/soc/esp32c6 -ID:/Programing/esp-idf/v5.5.1/esp-idf/components/soc/esp32c6/include -ID:/Programing/esp-idf/v5.5.1/esp-idf/components/soc/esp32c6/register -ID:/Programing/esp-idf/v5.5.1/esp-idf/components/hal/platform_port/include -ID:/Programing/esp-idf/v5.5.1/esp-idf/components/hal/esp32c6/include -ID:/Programing/esp-idf/v5.5.1/esp-idf/components/hal/include -ID:/Programing/esp-idf/v5.5.1/esp-idf/components/esp_rom/include -ID:/Programing/esp-idf/v5.5.1/esp-idf/components/esp_rom/esp32c6/include -ID:/Programing/esp-idf/v5.5.1/esp-idf/components/esp_rom/esp32c6/include/esp32c6 -ID:/Programing/esp-idf/v5.5.1/esp-idf/components/esp_rom/esp32c6 -ID:/Programing/esp-idf/v5.5.1/esp-idf/components/esp_common/include -ID:/Programing/esp-idf/v5.5.1/esp-idf/components/esp_system/include -ID:/Programing/esp-idf/v5.5.1/esp-idf/components/esp_system/port/soc -ID:/Programing/esp-idf/v5.5.1/esp-idf/components/esp_system/port/include/riscv -ID:/Programing/esp-idf/v5.5.1/esp-idf/components/esp_system/port/include/private -ID:/Programing/esp-idf/v5.5.1/esp-idf/components/riscv/include -ID:/Programing/esp-idf/v5.5.1/esp-idf/components/lwip/include -ID:/Programing/esp-idf/v5.5.1/esp-idf/components/lwip/include/apps -ID:/Programing/esp-idf/v5.5.1/esp-idf/components/lwip/include/apps/sntp -ID:/Programing/esp-idf/v5.5.1/esp-idf/components/lwip/lwip/src/include -ID:/Programing/esp-idf/v5.5.1/esp-idf/components/lwip/port/include -ID:/Programing/esp-idf/v5.5.1/esp-idf/components/lwip/port/freertos/include -ID:/Programing/esp-idf/v5.5.1/esp-idf/components/lwip/port/esp32xx/include -ID:/Programing/esp-idf/v5.5.1/esp-idf/components/lwip/port/esp32xx/include/arch -ID:/Programing/esp-idf/v5.5.1/esp-idf/components/lwip/port/esp32xx/include/sys -ID:/Programing/esp-idf/v5.5.1/esp-idf/components/nvs_flash/include -ID:/Programing/esp-idf/v5.5.1/esp-idf/components/esp_partition/include -ID:/Programing/esp-idf/v5.5.1/esp-idf/components/esp_wifi/include -ID:/Programing/esp-idf/v5.5.1/esp-idf/components/esp_wifi/include/local -ID:/Programing/esp-idf/v5.5.1/esp-idf/components/esp_wifi/wifi_apps/include -ID:/Programing/esp-idf/v5.5.1/esp-idf/components/esp_wifi/wifi_apps/nan_app/include -ID:/Programing/esp-idf/v5.5.1/esp-idf/components/esp_event/include -ID:/Programing/esp-idf/v5.5.1/esp-idf/components/esp_phy/include -ID:/Programing/esp-idf/v5.5.1/esp-idf/components/esp_phy/esp32c6/include -ID:/Programing/esp-idf/v5.5.1/esp-idf/components/esp_netif/include -ID:/Programing/esp-idf/v5.5.1/esp-idf/components/esp_http_server/include -ID:/Programing/esp-idf/v5.5.1/esp-idf/components/http_parser -ID:/Programing/esp-idf/v5.5.1/esp-idf/components/esp_timer/include -ID:/Programing/esp-idf/v5.5.1/esp-idf/components/spiffs/include -ID:/Programing/esp-idf/v5.5.1/esp-idf/components/json/cJSON -ID:/Programing/esp-idf/projects/AiAgent/CLCode01/int_drivers -ID:/Programing/esp-idf/v5.5.1/esp-idf/components/driver/deprecated -ID:/Programing/esp-idf/v5.5.1/esp-idf/components/driver/i2c/include -ID:/Programing/esp-idf/v5.5.1/esp-idf/components/driver/touch_sensor/include -ID:/Programing/esp-idf/v5.5.1/esp-idf/components/driver/twai/include -ID:/Programing/esp-idf/v5.5.1/esp-idf/components/esp_pm/include -ID:/Programing/esp-idf/v5.5.1/esp-idf/components/esp_ringbuf/include -ID:/Programing/esp-idf/v5.5.1/esp-idf/components/esp_driver_gpio/include -ID:/Programing/esp-idf/v5.5.1/esp-idf/components/esp_driver_pcnt/include -ID:/Programing/esp-idf/v5.5.1/esp-idf/components/esp_driver_gptimer/include -ID:/Programing/esp-idf/v5.5.1/esp-idf/components/esp_driver_spi/include -ID:/Programing/esp-idf/v5.5.1/esp-idf/components/esp_driver_mcpwm/include -ID:/Programing/esp-idf/v5.5.1/esp-idf/components/esp_driver_ana_cmpr/include -ID:/Programing/esp-idf/v5.5.1/esp-idf/components/esp_driver_i2s/include -ID:/Programing/esp-idf/v5.5.1/esp-idf/components/esp_driver_sdmmc/include -ID:/Programing/esp-idf/v5.5.1/esp-idf/components/sdmmc/include -ID:/Programing/esp-idf/v5.5.1/esp-idf/components/esp_driver_sdspi/include -ID:/Programing/esp-idf/v5.5.1/esp-idf/components/esp_driver_sdio/include -ID:/Programing/esp-idf/v5.5.1/esp-idf/components/esp_driver_dac/include -ID:/Programing/esp-idf/v5.5.1/esp-idf/components/esp_driver_rmt/include -ID:/Programing/esp-idf/v5.5.1/esp-idf/components/esp_driver_tsens/include -ID:/Programing/esp-idf/v5.5.1/esp-idf/components/esp_driver_sdm/include -ID:/Programing/esp-idf/v5.5.1/esp-idf/components/esp_driver_i2c/include -ID:/Programing/esp-idf/v5.5.1/esp-idf/components/esp_driver_uart/include -ID:/Programing/esp-idf/v5.5.1/esp-idf/components/vfs/include -ID:/Programing/esp-idf/v5.5.1/esp-idf/components/esp_driver_ledc/include -ID:/Programing/esp-idf/v5.5.1/esp-idf/components/esp_driver_parlio/include -ID:/Programing/esp-idf/v5.5.1/esp-idf/components/esp_driver_usb_serial_jtag/include -ID:/Programing/esp-idf/v5.5.1/esp-idf/components/esp_driver_twai/include -ID:/Programing/esp-idf/v5.5.1/esp-idf/components/bt/include/esp32c6/include -ID:/Programing/esp-idf/v5.5.1/esp-idf/components/bt/common/osi/include -ID:/Programing/esp-idf/v5.5.1/esp-idf/components/bt/common/api/include/api -ID:/Programing/esp-idf/v5.5.1/esp-idf/components/bt/common/btc/profile/esp/blufi/include -ID:/Programing/esp-idf/v5.5.1/esp-idf/components/bt/common/btc/profile/esp/include -ID:/Programing/esp-idf/v5.5.1/esp-idf/components/bt/common/hci_log/include -ID:/Programing/esp-idf/v5.5.1/esp-idf/components/bt/common/ble_log/include -ID:/Programing/esp-idf/v5.5.1/esp-idf/components/bt/porting/include -ID:/Programing/esp-idf/v5.5.1/esp-idf/components/bt/porting/npl/freertos/include -ID:/Programing/esp-idf/v5.5.1/esp-idf/components/bt/porting/transport/include -ID:/Programing/esp-idf/v5.5.1/esp-idf/components/bt/host/nimble/nimble/nimble/host/include -ID:/Programing/esp-idf/v5.5.1/esp-idf/components/bt/host/nimble/nimble/nimble/include -ID:/Programing/esp-idf/v5.5.1/esp-idf/components/bt/host/nimble/nimble/nimble/host/services/ans/include -ID:/Programing/esp-idf/v5.5.1/esp-idf/components/bt/host/nimble/nimble/nimble/host/services/bas/include -ID:/Programing/esp-idf/v5.5.1/esp-idf/components/bt/host/nimble/nimble/nimble/host/services/dis/include -ID:/Programing/esp-idf/v5.5.1/esp-idf/components/bt/host/nimble/nimble/nimble/host/services/gap/include -ID:/Programing/esp-idf/v5.5.1/esp-idf/components/bt/host/nimble/nimble/nimble/host/services/gatt/include -ID:/Programing/esp-idf/v5.5.1/esp-idf/components/bt/host/nimble/nimble/nimble/host/services/hr/include -ID:/Programing/esp-idf/v5.5.1/esp-idf/components/bt/host/nimble/nimble/nimble/host/services/htp/include -ID:/Programing/esp-idf/v5.5.1/esp-idf/components/bt/host/nimble/nimble/nimble/host/services/ias/include -ID:/Programing/esp-idf/v5.5.1/esp-idf/components/bt/host/nimble/nimble/nimble/host/services/ipss/include -ID:/Programing/esp-idf/v5.5.1/esp-idf/components/bt/host/nimble/nimble/nimble/host/services/lls/include -ID:/Programing/esp-idf/v5.5.1/esp-idf/components/bt/host/nimble/nimble/nimble/host/services/prox/include -ID:/Programing/esp-idf/v5.5.1/esp-idf/components/bt/host/nimble/nimble/nimble/host/services/cts/include -ID:/Programing/esp-idf/v5.5.1/esp-idf/components/bt/host/nimble/nimble/nimble/host/services/tps/include -ID:/Programing/esp-idf/v5.5.1/esp-idf/components/bt/host/nimble/nimble/nimble/host/services/hid/include -ID:/Programing/esp-idf/v5.5.1/esp-idf/components/bt/host/nimble/nimble/nimble/host/services/sps/include -ID:/Programing/esp-idf/v5.5.1/esp-idf/components/bt/host/nimble/nimble/nimble/host/services/cte/include -ID:/Programing/esp-idf/v5.5.1/esp-idf/components/bt/host/nimble/nimble/nimble/host/util/include -ID:/Programing/esp-idf/v5.5.1/esp-idf/components/bt/host/nimble/nimble/nimble/host/store/ram/include -ID:/Programing/esp-idf/v5.5.1/esp-idf/components/bt/host/nimble/nimble/nimble/host/store/config/include -ID:/Programing/esp-idf/v5.5.1/esp-idf/components/bt/host/nimble/nimble/porting/nimble/include -ID:/Programing/esp-idf/v5.5.1/esp-idf/components/bt/host/nimble/port/include -ID:/Programing/esp-idf/v5.5.1/esp-idf/components/bt/host/nimble/nimble/nimble/transport/include -ID:/Programing/esp-idf/v5.5.1/esp-idf/components/ieee802154/include -ID:/Programing/esp-idf/v5.5.1/esp-idf/components/esp_coex/include -ID:/Programing/esp-idf/projects/AiAgent/CLCode01/managed_components/espressif__esp-zigbee-lib/include -ID:/Programing/esp-idf/projects/AiAgent/CLCode01/managed_components/espressif__esp-zboss-lib/include -ID:/Programing/esp-idf/projects/AiAgent/CLCode01/managed_components/espressif__led_strip/include -ID:/Programing/esp-idf/projects/AiAgent/CLCode01/managed_components/espressif__led_strip/interface -march=rv32imac_zicsr_zifencei  -fdiagnostics-color=always -ffunction-sections -fdata-sections -Wall -Werror=all -Wno-error=unused-function -Wno-error=unused-variable -Wno-error=unused-but-set-variable -Wno-error=deprecated-declarations -Wextra -Wno-error=extra -Wno-unused-parameter -Wno-sign-compare -Wno-enum-conversion -gdwarf-4 -ggdb -nostartfiles -Os -freorder-blocks -fmacro-prefix-map=D:/Programing/esp-idf/projects/AiAgent/CLCode01=. -fmacro-prefix-map=D:/Programing/esp-idf/v5.5.1/esp-idf=/IDF -fstrict-volatile-bitfields -fno-jump-tables -fno-tree-switch-conversion -std=gnu17 -Wno-old-style-declaration -Wno-strict-prototypes -MD -MT esp-idf/main/CMakeFiles/__idf_main.dir/ble_task.c.obj -MF esp-idf\main\CMakeFiles\__idf_main.dir\ble_task.c.obj.d -o esp-idf/main/CMakeFiles/__idf_main.dir/ble_task.c.obj -c D:/Programing/esp-idf/projects/AiAgent/CLCode01/main/ble_task.c
D:/Programing/esp-idf/projects/AiAgent/CLCode01/main/ble_task.c:13:10: fatal error: esp_nimble_hci.h: No such file or directory
   13 | #include "esp_nimble_hci.h"
      |          ^~~~~~~~~~~~~~~~~~
compilation terminated.
[1174/1183] Performing configure step for 'bootloader'
-- Found Git: C:/Program Files/Git/cmd/git.exe (found version "2.49.0.windows.1")
-- Minimal build - OFF
-- The C compiler identification is GNU 14.2.0
-- The CXX compiler identification is GNU 14.2.0
-- The ASM compiler identification is GNU
-- Found assembler: D:/Users/meren/.espressif/tools/riscv32-esp-elf/esp-14.2.0_20241119/riscv32-esp-elf/bin/riscv32-esp-elf-gcc.exe
-- Detecting C compiler ABI info
-- Detecting C compiler ABI info - done
-- Check for working C compiler: D:/Users/meren/.espressif/tools/riscv32-esp-elf/esp-14.2.0_20241119/riscv32-esp-elf/bin/riscv32-esp-elf-gcc.exe - skipped
-- Detecting C compile features
-- Detecting C compile features - done
-- Detecting CXX compiler ABI info
-- Detecting CXX compiler ABI info - done
-- Check for working CXX compiler: D:/Users/meren/.espressif/tools/riscv32-esp-elf/esp-14.2.0_20241119/riscv32-esp-elf/bin/riscv32-esp-elf-g++.exe - skipped
-- Detecting CXX compile features
-- Detecting CXX compile features - done
-- Building ESP-IDF components for target esp32c6
-- Project sdkconfig file D:/Programing/esp-idf/projects/AiAgent/CLCode01/sdkconfig
-- Adding linker script D:/Programing/esp-idf/v5.5.1/esp-idf/components/riscv/ld/rom.api.ld
-- Adding linker script D:/Programing/esp-idf/v5.5.1/esp-idf/components/soc/esp32c6/ld/esp32c6.peripherals.ld
-- Bootloader project name: "bootloader" version: 1
-- Adding linker script D:/Programing/esp-idf/v5.5.1/esp-idf/components/esp_rom/esp32c6/ld/esp32c6.rom.ld
-- Adding linker script D:/Programing/esp-idf/v5.5.1/esp-idf/components/esp_rom/esp32c6/ld/esp32c6.rom.api.ld
-- Adding linker script D:/Programing/esp-idf/v5.5.1/esp-idf/components/esp_rom/esp32c6/ld/esp32c6.rom.rvfp.ld
-- Adding linker script D:/Programing/esp-idf/v5.5.1/esp-idf/components/esp_rom/esp32c6/ld/esp32c6.rom.wdt.ld
-- Adding linker script D:/Programing/esp-idf/v5.5.1/esp-idf/components/esp_rom/esp32c6/ld/esp32c6.rom.systimer.ld
-- Adding linker script D:/Programing/esp-idf/v5.5.1/esp-idf/components/esp_rom/esp32c6/ld/esp32c6.rom.version.ld
-- Adding linker script D:/Programing/esp-idf/v5.5.1/esp-idf/components/esp_rom/esp32c6/ld/esp32c6.rom.libc.ld
-- Adding linker script D:/Programing/esp-idf/v5.5.1/esp-idf/components/esp_rom/esp32c6/ld/esp32c6.rom.libc-suboptimal_for_misaligned_mem.ld
-- Adding linker script D:/Programing/esp-idf/v5.5.1/esp-idf/components/esp_rom/esp32c6/ld/esp32c6.rom.newlib.ld
-- Adding linker script D:/Programing/esp-idf/v5.5.1/esp-idf/components/bootloader/subproject/main/ld/esp32c6/bootloader.ld
-- Adding linker script D:/Programing/esp-idf/v5.5.1/esp-idf/components/bootloader/subproject/main/ld/esp32c6/bootloader.rom.ld
-- Components: bootloader bootloader_support efuse esp_app_format esp_bootloader_format esp_common esp_hw_support esp_rom esp_security esp_system esp_tee esptool_py freertos hal log main micro-ecc newlib partition_table riscv soc spi_flash
-- Component paths: D:/Programing/esp-idf/v5.5.1/esp-idf/components/bootloader D:/Programing/esp-idf/v5.5.1/esp-idf/components/bootloader_support D:/Programing/esp-idf/v5.5.1/esp-idf/components/efuse D:/Programing/esp-idf/v5.5.1/esp-idf/components/esp_app_format D:/Programing/esp-idf/v5.5.1/esp-idf/components/esp_bootloader_format D:/Programing/esp-idf/v5.5.1/esp-idf/components/esp_common D:/Programing/esp-idf/v5.5.1/esp-idf/components/esp_hw_support D:/Programing/esp-idf/v5.5.1/esp-idf/components/esp_rom D:/Programing/esp-idf/v5.5.1/esp-idf/components/esp_security D:/Programing/esp-idf/v5.5.1/esp-idf/components/esp_system D:/Programing/esp-idf/v5.5.1/esp-idf/components/esp_tee D:/Programing/esp-idf/v5.5.1/esp-idf/components/esptool_py D:/Programing/esp-idf/v5.5.1/esp-idf/components/freertos D:/Programing/esp-idf/v5.5.1/esp-idf/components/hal D:/Programing/esp-idf/v5.5.1/esp-idf/components/log D:/Programing/esp-idf/v5.5.1/esp-idf/components/bootloader/subproject/main D:/Programing/esp-idf/v5.5.1/esp-idf/components/bootloader/subproject/components/micro-ecc D:/Programing/esp-idf/v5.5.1/esp-idf/components/newlib D:/Programing/esp-idf/v5.5.1/esp-idf/components/partition_table D:/Programing/esp-idf/v5.5.1/esp-idf/components/riscv D:/Programing/esp-idf/v5.5.1/esp-idf/components/soc D:/Programing/esp-idf/v5.5.1/esp-idf/components/spi_flash
-- Configuring done (15.0s)
-- Generating done (0.3s)
-- Build files have been written to: D:/Programing/esp-idf/projects/AiAgent/CLCode01/build/bootloader
ninja: build stopped: subcommand failed.

========================================
BUILD FAILED!
Check errors above.
========================================
Press any key to continue . . . 
